/*C5*/SET SCHEMA PUBLIC
CONNECT USER SA
DROP TABLE Test IF EXISTS
CREATE TABLE Test(  Id INTEGER PRIMARY KEY,  FirstName VARCHAR(20),  Name VARCHAR(50),  ZIP INTEGER) 
INSERT INTO TEST VALUES(0,'Julia','Peterson-Clancy',0)
INSERT INTO TEST VALUES(1,'Julia','Peterson-Clancy',1)
INSERT INTO TEST VALUES(2,'Julia','Peterson-Clancy',2)
INSERT INTO TEST VALUES(3,'Julia','Peterson-Clancy',3)
INSERT INTO TEST VALUES(4,'Julia','Peterson-Clancy',4)
INSERT INTO TEST VALUES(5,'Julia','Peterson-Clancy',5)
INSERT INTO TEST VALUES(6,'Julia','Peterson-Clancy',6)
INSERT INTO TEST VALUES(7,'Julia','Peterson-Clancy',7)
INSERT INTO TEST VALUES(8,'Julia','Peterson-Clancy',8)
INSERT INTO TEST VALUES(9,'Julia','Peterson-Clancy',9)
INSERT INTO TEST VALUES(10,'Julia','Peterson-Clancy',10)
INSERT INTO TEST VALUES(11,'Julia','Peterson-Clancy',11)
INSERT INTO TEST VALUES(12,'Julia','Peterson-Clancy',12)
INSERT INTO TEST VALUES(13,'Julia','Peterson-Clancy',13)
INSERT INTO TEST VALUES(14,'Julia','Peterson-Clancy',14)
INSERT INTO TEST VALUES(15,'Julia','Peterson-Clancy',15)
INSERT INTO TEST VALUES(16,'Julia','Peterson-Clancy',16)
INSERT INTO TEST VALUES(17,'Julia','Peterson-Clancy',17)
INSERT INTO TEST VALUES(18,'Julia','Peterson-Clancy',18)
INSERT INTO TEST VALUES(19,'Julia','Peterson-Clancy',19)
INSERT INTO TEST VALUES(20,'Julia','Peterson-Clancy',20)
INSERT INTO TEST VALUES(21,'Julia','Peterson-Clancy',21)
INSERT INTO TEST VALUES(22,'Julia','Peterson-Clancy',22)
INSERT INTO TEST VALUES(23,'Julia','Peterson-Clancy',23)
INSERT INTO TEST VALUES(24,'Julia','Peterson-Clancy',24)
INSERT INTO TEST VALUES(25,'Julia','Peterson-Clancy',25)
INSERT INTO TEST VALUES(26,'Julia','Peterson-Clancy',26)
INSERT INTO TEST VALUES(27,'Julia','Peterson-Clancy',27)
INSERT INTO TEST VALUES(28,'Julia','Peterson-Clancy',28)
INSERT INTO TEST VALUES(29,'Julia','Peterson-Clancy',29)
INSERT INTO TEST VALUES(30,'Julia','Peterson-Clancy',30)
INSERT INTO TEST VALUES(31,'Julia','Peterson-Clancy',31)
INSERT INTO TEST VALUES(32,'Julia','Peterson-Clancy',32)
INSERT INTO TEST VALUES(33,'Julia','Peterson-Clancy',33)
INSERT INTO TEST VALUES(34,'Julia','Peterson-Clancy',34)
INSERT INTO TEST VALUES(35,'Julia','Peterson-Clancy',35)
INSERT INTO TEST VALUES(36,'Julia','Peterson-Clancy',36)
INSERT INTO TEST VALUES(37,'Julia','Peterson-Clancy',37)
INSERT INTO TEST VALUES(38,'Julia','Peterson-Clancy',38)
INSERT INTO TEST VALUES(39,'Julia','Peterson-Clancy',39)
INSERT INTO TEST VALUES(40,'Julia','Peterson-Clancy',40)
INSERT INTO TEST VALUES(41,'Julia','Peterson-Clancy',41)
INSERT INTO TEST VALUES(42,'Julia','Peterson-Clancy',42)
INSERT INTO TEST VALUES(43,'Julia','Peterson-Clancy',43)
INSERT INTO TEST VALUES(44,'Julia','Peterson-Clancy',44)
INSERT INTO TEST VALUES(45,'Julia','Peterson-Clancy',45)
INSERT INTO TEST VALUES(46,'Julia','Peterson-Clancy',46)
INSERT INTO TEST VALUES(47,'Julia','Peterson-Clancy',47)
INSERT INTO TEST VALUES(48,'Julia','Peterson-Clancy',48)
INSERT INTO TEST VALUES(49,'Julia','Peterson-Clancy',49)
INSERT INTO TEST VALUES(50,'Julia','Peterson-Clancy',50)
INSERT INTO TEST VALUES(51,'Julia','Peterson-Clancy',51)
INSERT INTO TEST VALUES(52,'Julia','Peterson-Clancy',52)
INSERT INTO TEST VALUES(53,'Julia','Peterson-Clancy',53)
INSERT INTO TEST VALUES(54,'Julia','Peterson-Clancy',54)
INSERT INTO TEST VALUES(55,'Julia','Peterson-Clancy',55)
INSERT INTO TEST VALUES(56,'Julia','Peterson-Clancy',56)
INSERT INTO TEST VALUES(57,'Julia','Peterson-Clancy',57)
INSERT INTO TEST VALUES(58,'Julia','Peterson-Clancy',58)
INSERT INTO TEST VALUES(59,'Julia','Peterson-Clancy',59)
INSERT INTO TEST VALUES(60,'Julia','Peterson-Clancy',60)
INSERT INTO TEST VALUES(61,'Julia','Peterson-Clancy',61)
INSERT INTO TEST VALUES(62,'Julia','Peterson-Clancy',62)
INSERT INTO TEST VALUES(63,'Julia','Peterson-Clancy',63)
INSERT INTO TEST VALUES(64,'Julia','Peterson-Clancy',64)
INSERT INTO TEST VALUES(65,'Julia','Peterson-Clancy',65)
INSERT INTO TEST VALUES(66,'Julia','Peterson-Clancy',66)
INSERT INTO TEST VALUES(67,'Julia','Peterson-Clancy',67)
INSERT INTO TEST VALUES(68,'Julia','Peterson-Clancy',68)
INSERT INTO TEST VALUES(69,'Julia','Peterson-Clancy',69)
INSERT INTO TEST VALUES(70,'Julia','Peterson-Clancy',70)
INSERT INTO TEST VALUES(71,'Julia','Peterson-Clancy',71)
INSERT INTO TEST VALUES(72,'Julia','Peterson-Clancy',72)
INSERT INTO TEST VALUES(73,'Julia','Peterson-Clancy',73)
INSERT INTO TEST VALUES(74,'Julia','Peterson-Clancy',74)
INSERT INTO TEST VALUES(75,'Julia','Peterson-Clancy',75)
INSERT INTO TEST VALUES(76,'Julia','Peterson-Clancy',76)
INSERT INTO TEST VALUES(77,'Julia','Peterson-Clancy',77)
INSERT INTO TEST VALUES(78,'Julia','Peterson-Clancy',78)
INSERT INTO TEST VALUES(79,'Julia','Peterson-Clancy',79)
INSERT INTO TEST VALUES(80,'Julia','Peterson-Clancy',80)
INSERT INTO TEST VALUES(81,'Julia','Peterson-Clancy',81)
INSERT INTO TEST VALUES(82,'Julia','Peterson-Clancy',82)
INSERT INTO TEST VALUES(83,'Julia','Peterson-Clancy',83)
INSERT INTO TEST VALUES(84,'Julia','Peterson-Clancy',84)
INSERT INTO TEST VALUES(85,'Julia','Peterson-Clancy',85)
INSERT INTO TEST VALUES(86,'Julia','Peterson-Clancy',86)
INSERT INTO TEST VALUES(87,'Julia','Peterson-Clancy',87)
INSERT INTO TEST VALUES(88,'Julia','Peterson-Clancy',88)
INSERT INTO TEST VALUES(89,'Julia','Peterson-Clancy',89)
INSERT INTO TEST VALUES(90,'Julia','Peterson-Clancy',90)
INSERT INTO TEST VALUES(91,'Julia','Peterson-Clancy',91)
INSERT INTO TEST VALUES(92,'Julia','Peterson-Clancy',92)
INSERT INTO TEST VALUES(93,'Julia','Peterson-Clancy',93)
INSERT INTO TEST VALUES(94,'Julia','Peterson-Clancy',94)
INSERT INTO TEST VALUES(95,'Julia','Peterson-Clancy',95)
INSERT INTO TEST VALUES(96,'Julia','Peterson-Clancy',96)
INSERT INTO TEST VALUES(97,'Julia','Peterson-Clancy',97)
INSERT INTO TEST VALUES(98,'Julia','Peterson-Clancy',98)
INSERT INTO TEST VALUES(99,'Julia','Peterson-Clancy',99)
INSERT INTO TEST VALUES(100,'Julia','Peterson-Clancy',100)
INSERT INTO TEST VALUES(101,'Julia','Peterson-Clancy',101)
INSERT INTO TEST VALUES(102,'Julia','Peterson-Clancy',102)
INSERT INTO TEST VALUES(103,'Julia','Peterson-Clancy',103)
INSERT INTO TEST VALUES(104,'Julia','Peterson-Clancy',104)
INSERT INTO TEST VALUES(105,'Julia','Peterson-Clancy',105)
INSERT INTO TEST VALUES(106,'Julia','Peterson-Clancy',106)
INSERT INTO TEST VALUES(107,'Julia','Peterson-Clancy',107)
INSERT INTO TEST VALUES(108,'Julia','Peterson-Clancy',108)
INSERT INTO TEST VALUES(109,'Julia','Peterson-Clancy',109)
INSERT INTO TEST VALUES(110,'Julia','Peterson-Clancy',110)
INSERT INTO TEST VALUES(111,'Julia','Peterson-Clancy',111)
INSERT INTO TEST VALUES(112,'Julia','Peterson-Clancy',112)
INSERT INTO TEST VALUES(113,'Julia','Peterson-Clancy',113)
INSERT INTO TEST VALUES(114,'Julia','Peterson-Clancy',114)
INSERT INTO TEST VALUES(115,'Julia','Peterson-Clancy',115)
INSERT INTO TEST VALUES(116,'Julia','Peterson-Clancy',116)
INSERT INTO TEST VALUES(117,'Julia','Peterson-Clancy',117)
INSERT INTO TEST VALUES(118,'Julia','Peterson-Clancy',118)
INSERT INTO TEST VALUES(119,'Julia','Peterson-Clancy',119)
INSERT INTO TEST VALUES(120,'Julia','Peterson-Clancy',120)
INSERT INTO TEST VALUES(121,'Julia','Peterson-Clancy',121)
INSERT INTO TEST VALUES(122,'Julia','Peterson-Clancy',122)
INSERT INTO TEST VALUES(123,'Julia','Peterson-Clancy',123)
INSERT INTO TEST VALUES(124,'Julia','Peterson-Clancy',124)
INSERT INTO TEST VALUES(125,'Julia','Peterson-Clancy',125)
INSERT INTO TEST VALUES(126,'Julia','Peterson-Clancy',126)
INSERT INTO TEST VALUES(127,'Julia','Peterson-Clancy',127)
INSERT INTO TEST VALUES(128,'Julia','Peterson-Clancy',128)
INSERT INTO TEST VALUES(129,'Julia','Peterson-Clancy',129)
INSERT INTO TEST VALUES(130,'Julia','Peterson-Clancy',130)
INSERT INTO TEST VALUES(131,'Julia','Peterson-Clancy',131)
INSERT INTO TEST VALUES(132,'Julia','Peterson-Clancy',132)
INSERT INTO TEST VALUES(133,'Julia','Peterson-Clancy',133)
INSERT INTO TEST VALUES(134,'Julia','Peterson-Clancy',134)
INSERT INTO TEST VALUES(135,'Julia','Peterson-Clancy',135)
INSERT INTO TEST VALUES(136,'Julia','Peterson-Clancy',136)
INSERT INTO TEST VALUES(137,'Julia','Peterson-Clancy',137)
INSERT INTO TEST VALUES(138,'Julia','Peterson-Clancy',138)
INSERT INTO TEST VALUES(139,'Julia','Peterson-Clancy',139)
INSERT INTO TEST VALUES(140,'Julia','Peterson-Clancy',140)
INSERT INTO TEST VALUES(141,'Julia','Peterson-Clancy',141)
INSERT INTO TEST VALUES(142,'Julia','Peterson-Clancy',142)
INSERT INTO TEST VALUES(143,'Julia','Peterson-Clancy',143)
INSERT INTO TEST VALUES(144,'Julia','Peterson-Clancy',144)
INSERT INTO TEST VALUES(145,'Julia','Peterson-Clancy',145)
INSERT INTO TEST VALUES(146,'Julia','Peterson-Clancy',146)
INSERT INTO TEST VALUES(147,'Julia','Peterson-Clancy',147)
INSERT INTO TEST VALUES(148,'Julia','Peterson-Clancy',148)
INSERT INTO TEST VALUES(149,'Julia','Peterson-Clancy',149)
INSERT INTO TEST VALUES(150,'Julia','Peterson-Clancy',150)
INSERT INTO TEST VALUES(151,'Julia','Peterson-Clancy',151)
INSERT INTO TEST VALUES(152,'Julia','Peterson-Clancy',152)
INSERT INTO TEST VALUES(153,'Julia','Peterson-Clancy',153)
INSERT INTO TEST VALUES(154,'Julia','Peterson-Clancy',154)
INSERT INTO TEST VALUES(155,'Julia','Peterson-Clancy',155)
INSERT INTO TEST VALUES(156,'Julia','Peterson-Clancy',156)
INSERT INTO TEST VALUES(157,'Julia','Peterson-Clancy',157)
INSERT INTO TEST VALUES(158,'Julia','Peterson-Clancy',158)
INSERT INTO TEST VALUES(159,'Julia','Peterson-Clancy',159)
INSERT INTO TEST VALUES(160,'Julia','Peterson-Clancy',160)
INSERT INTO TEST VALUES(161,'Julia','Peterson-Clancy',161)
INSERT INTO TEST VALUES(162,'Julia','Peterson-Clancy',162)
INSERT INTO TEST VALUES(163,'Julia','Peterson-Clancy',163)
INSERT INTO TEST VALUES(164,'Julia','Peterson-Clancy',164)
INSERT INTO TEST VALUES(165,'Julia','Peterson-Clancy',165)
INSERT INTO TEST VALUES(166,'Julia','Peterson-Clancy',166)
INSERT INTO TEST VALUES(167,'Julia','Peterson-Clancy',167)
INSERT INTO TEST VALUES(168,'Julia','Peterson-Clancy',168)
INSERT INTO TEST VALUES(169,'Julia','Peterson-Clancy',169)
INSERT INTO TEST VALUES(170,'Julia','Peterson-Clancy',170)
INSERT INTO TEST VALUES(171,'Julia','Peterson-Clancy',171)
INSERT INTO TEST VALUES(172,'Julia','Peterson-Clancy',172)
INSERT INTO TEST VALUES(173,'Julia','Peterson-Clancy',173)
INSERT INTO TEST VALUES(174,'Julia','Peterson-Clancy',174)
INSERT INTO TEST VALUES(175,'Julia','Peterson-Clancy',175)
INSERT INTO TEST VALUES(176,'Julia','Peterson-Clancy',176)
INSERT INTO TEST VALUES(177,'Julia','Peterson-Clancy',177)
INSERT INTO TEST VALUES(178,'Julia','Peterson-Clancy',178)
INSERT INTO TEST VALUES(179,'Julia','Peterson-Clancy',179)
INSERT INTO TEST VALUES(180,'Julia','Peterson-Clancy',180)
INSERT INTO TEST VALUES(181,'Julia','Peterson-Clancy',181)
INSERT INTO TEST VALUES(182,'Julia','Peterson-Clancy',182)
INSERT INTO TEST VALUES(183,'Julia','Peterson-Clancy',183)
INSERT INTO TEST VALUES(184,'Julia','Peterson-Clancy',184)
INSERT INTO TEST VALUES(185,'Julia','Peterson-Clancy',185)
INSERT INTO TEST VALUES(186,'Julia','Peterson-Clancy',186)
INSERT INTO TEST VALUES(187,'Julia','Peterson-Clancy',187)
INSERT INTO TEST VALUES(188,'Julia','Peterson-Clancy',188)
INSERT INTO TEST VALUES(189,'Julia','Peterson-Clancy',189)
INSERT INTO TEST VALUES(190,'Julia','Peterson-Clancy',190)
INSERT INTO TEST VALUES(191,'Julia','Peterson-Clancy',191)
INSERT INTO TEST VALUES(192,'Julia','Peterson-Clancy',192)
INSERT INTO TEST VALUES(193,'Julia','Peterson-Clancy',193)
INSERT INTO TEST VALUES(194,'Julia','Peterson-Clancy',194)
INSERT INTO TEST VALUES(195,'Julia','Peterson-Clancy',195)
INSERT INTO TEST VALUES(196,'Julia','Peterson-Clancy',196)
INSERT INTO TEST VALUES(197,'Julia','Peterson-Clancy',197)
INSERT INTO TEST VALUES(198,'Julia','Peterson-Clancy',198)
INSERT INTO TEST VALUES(199,'Julia','Peterson-Clancy',199)
INSERT INTO TEST VALUES(200,'Julia','Peterson-Clancy',200)
INSERT INTO TEST VALUES(201,'Julia','Peterson-Clancy',201)
INSERT INTO TEST VALUES(202,'Julia','Peterson-Clancy',202)
INSERT INTO TEST VALUES(203,'Julia','Peterson-Clancy',203)
INSERT INTO TEST VALUES(204,'Julia','Peterson-Clancy',204)
INSERT INTO TEST VALUES(205,'Julia','Peterson-Clancy',205)
INSERT INTO TEST VALUES(206,'Julia','Peterson-Clancy',206)
INSERT INTO TEST VALUES(207,'Julia','Peterson-Clancy',207)
INSERT INTO TEST VALUES(208,'Julia','Peterson-Clancy',208)
INSERT INTO TEST VALUES(209,'Julia','Peterson-Clancy',209)
INSERT INTO TEST VALUES(210,'Julia','Peterson-Clancy',210)
INSERT INTO TEST VALUES(211,'Julia','Peterson-Clancy',211)
INSERT INTO TEST VALUES(212,'Julia','Peterson-Clancy',212)
INSERT INTO TEST VALUES(213,'Julia','Peterson-Clancy',213)
INSERT INTO TEST VALUES(214,'Julia','Peterson-Clancy',214)
INSERT INTO TEST VALUES(215,'Julia','Peterson-Clancy',215)
INSERT INTO TEST VALUES(216,'Julia','Peterson-Clancy',216)
INSERT INTO TEST VALUES(217,'Julia','Peterson-Clancy',217)
INSERT INTO TEST VALUES(218,'Julia','Peterson-Clancy',218)
INSERT INTO TEST VALUES(219,'Julia','Peterson-Clancy',219)
INSERT INTO TEST VALUES(220,'Julia','Peterson-Clancy',220)
INSERT INTO TEST VALUES(221,'Julia','Peterson-Clancy',221)
INSERT INTO TEST VALUES(222,'Julia','Peterson-Clancy',222)
INSERT INTO TEST VALUES(223,'Julia','Peterson-Clancy',223)
INSERT INTO TEST VALUES(224,'Julia','Peterson-Clancy',224)
INSERT INTO TEST VALUES(225,'Julia','Peterson-Clancy',225)
INSERT INTO TEST VALUES(226,'Julia','Peterson-Clancy',226)
INSERT INTO TEST VALUES(227,'Julia','Peterson-Clancy',227)
INSERT INTO TEST VALUES(228,'Julia','Peterson-Clancy',228)
INSERT INTO TEST VALUES(229,'Julia','Peterson-Clancy',229)
INSERT INTO TEST VALUES(230,'Julia','Peterson-Clancy',230)
INSERT INTO TEST VALUES(231,'Julia','Peterson-Clancy',231)
INSERT INTO TEST VALUES(232,'Julia','Peterson-Clancy',232)
INSERT INTO TEST VALUES(233,'Julia','Peterson-Clancy',233)
INSERT INTO TEST VALUES(234,'Julia','Peterson-Clancy',234)
INSERT INTO TEST VALUES(235,'Julia','Peterson-Clancy',235)
INSERT INTO TEST VALUES(236,'Julia','Peterson-Clancy',236)
INSERT INTO TEST VALUES(237,'Julia','Peterson-Clancy',237)
INSERT INTO TEST VALUES(238,'Julia','Peterson-Clancy',238)
INSERT INTO TEST VALUES(239,'Julia','Peterson-Clancy',239)
INSERT INTO TEST VALUES(240,'Julia','Peterson-Clancy',240)
INSERT INTO TEST VALUES(241,'Julia','Peterson-Clancy',241)
INSERT INTO TEST VALUES(242,'Julia','Peterson-Clancy',242)
INSERT INTO TEST VALUES(243,'Julia','Peterson-Clancy',243)
INSERT INTO TEST VALUES(244,'Julia','Peterson-Clancy',244)
INSERT INTO TEST VALUES(245,'Julia','Peterson-Clancy',245)
INSERT INTO TEST VALUES(246,'Julia','Peterson-Clancy',246)
INSERT INTO TEST VALUES(247,'Julia','Peterson-Clancy',247)
INSERT INTO TEST VALUES(248,'Julia','Peterson-Clancy',248)
INSERT INTO TEST VALUES(249,'Julia','Peterson-Clancy',249)
INSERT INTO TEST VALUES(250,'Julia','Peterson-Clancy',250)
INSERT INTO TEST VALUES(251,'Julia','Peterson-Clancy',251)
INSERT INTO TEST VALUES(252,'Julia','Peterson-Clancy',252)
INSERT INTO TEST VALUES(253,'Julia','Peterson-Clancy',253)
INSERT INTO TEST VALUES(254,'Julia','Peterson-Clancy',254)
INSERT INTO TEST VALUES(255,'Julia','Peterson-Clancy',255)
INSERT INTO TEST VALUES(256,'Julia','Peterson-Clancy',256)
INSERT INTO TEST VALUES(257,'Julia','Peterson-Clancy',257)
INSERT INTO TEST VALUES(258,'Julia','Peterson-Clancy',258)
INSERT INTO TEST VALUES(259,'Julia','Peterson-Clancy',259)
INSERT INTO TEST VALUES(260,'Julia','Peterson-Clancy',260)
INSERT INTO TEST VALUES(261,'Julia','Peterson-Clancy',261)
INSERT INTO TEST VALUES(262,'Julia','Peterson-Clancy',262)
INSERT INTO TEST VALUES(263,'Julia','Peterson-Clancy',263)
INSERT INTO TEST VALUES(264,'Julia','Peterson-Clancy',264)
INSERT INTO TEST VALUES(265,'Julia','Peterson-Clancy',265)
INSERT INTO TEST VALUES(266,'Julia','Peterson-Clancy',266)
INSERT INTO TEST VALUES(267,'Julia','Peterson-Clancy',267)
INSERT INTO TEST VALUES(268,'Julia','Peterson-Clancy',268)
INSERT INTO TEST VALUES(269,'Julia','Peterson-Clancy',269)
INSERT INTO TEST VALUES(270,'Julia','Peterson-Clancy',270)
INSERT INTO TEST VALUES(271,'Julia','Peterson-Clancy',271)
INSERT INTO TEST VALUES(272,'Julia','Peterson-Clancy',272)
INSERT INTO TEST VALUES(273,'Julia','Peterson-Clancy',273)
INSERT INTO TEST VALUES(274,'Julia','Peterson-Clancy',274)
INSERT INTO TEST VALUES(275,'Julia','Peterson-Clancy',275)
INSERT INTO TEST VALUES(276,'Julia','Peterson-Clancy',276)
INSERT INTO TEST VALUES(277,'Julia','Peterson-Clancy',277)
INSERT INTO TEST VALUES(278,'Julia','Peterson-Clancy',278)
INSERT INTO TEST VALUES(279,'Julia','Peterson-Clancy',279)
INSERT INTO TEST VALUES(280,'Julia','Peterson-Clancy',280)
INSERT INTO TEST VALUES(281,'Julia','Peterson-Clancy',281)
INSERT INTO TEST VALUES(282,'Julia','Peterson-Clancy',282)
INSERT INTO TEST VALUES(283,'Julia','Peterson-Clancy',283)
INSERT INTO TEST VALUES(284,'Julia','Peterson-Clancy',284)
INSERT INTO TEST VALUES(285,'Julia','Peterson-Clancy',285)
INSERT INTO TEST VALUES(286,'Julia','Peterson-Clancy',286)
INSERT INTO TEST VALUES(287,'Julia','Peterson-Clancy',287)
INSERT INTO TEST VALUES(288,'Julia','Peterson-Clancy',288)
INSERT INTO TEST VALUES(289,'Julia','Peterson-Clancy',289)
INSERT INTO TEST VALUES(290,'Julia','Peterson-Clancy',290)
INSERT INTO TEST VALUES(291,'Julia','Peterson-Clancy',291)
INSERT INTO TEST VALUES(292,'Julia','Peterson-Clancy',292)
INSERT INTO TEST VALUES(293,'Julia','Peterson-Clancy',293)
INSERT INTO TEST VALUES(294,'Julia','Peterson-Clancy',294)
INSERT INTO TEST VALUES(295,'Julia','Peterson-Clancy',295)
INSERT INTO TEST VALUES(296,'Julia','Peterson-Clancy',296)
INSERT INTO TEST VALUES(297,'Julia','Peterson-Clancy',297)
INSERT INTO TEST VALUES(298,'Julia','Peterson-Clancy',298)
INSERT INTO TEST VALUES(299,'Julia','Peterson-Clancy',299)
INSERT INTO TEST VALUES(300,'Julia','Peterson-Clancy',300)
INSERT INTO TEST VALUES(301,'Julia','Peterson-Clancy',301)
INSERT INTO TEST VALUES(302,'Julia','Peterson-Clancy',302)
INSERT INTO TEST VALUES(303,'Julia','Peterson-Clancy',303)
INSERT INTO TEST VALUES(304,'Julia','Peterson-Clancy',304)
INSERT INTO TEST VALUES(305,'Julia','Peterson-Clancy',305)
INSERT INTO TEST VALUES(306,'Julia','Peterson-Clancy',306)
INSERT INTO TEST VALUES(307,'Julia','Peterson-Clancy',307)
INSERT INTO TEST VALUES(308,'Julia','Peterson-Clancy',308)
INSERT INTO TEST VALUES(309,'Julia','Peterson-Clancy',309)
INSERT INTO TEST VALUES(310,'Julia','Peterson-Clancy',310)
INSERT INTO TEST VALUES(311,'Julia','Peterson-Clancy',311)
INSERT INTO TEST VALUES(312,'Julia','Peterson-Clancy',312)
INSERT INTO TEST VALUES(313,'Julia','Peterson-Clancy',313)
INSERT INTO TEST VALUES(314,'Julia','Peterson-Clancy',314)
INSERT INTO TEST VALUES(315,'Julia','Peterson-Clancy',315)
INSERT INTO TEST VALUES(316,'Julia','Peterson-Clancy',316)
INSERT INTO TEST VALUES(317,'Julia','Peterson-Clancy',317)
INSERT INTO TEST VALUES(318,'Julia','Peterson-Clancy',318)
INSERT INTO TEST VALUES(319,'Julia','Peterson-Clancy',319)
INSERT INTO TEST VALUES(320,'Julia','Peterson-Clancy',320)
INSERT INTO TEST VALUES(321,'Julia','Peterson-Clancy',321)
INSERT INTO TEST VALUES(322,'Julia','Peterson-Clancy',322)
INSERT INTO TEST VALUES(323,'Julia','Peterson-Clancy',323)
INSERT INTO TEST VALUES(324,'Julia','Peterson-Clancy',324)
INSERT INTO TEST VALUES(325,'Julia','Peterson-Clancy',325)
INSERT INTO TEST VALUES(326,'Julia','Peterson-Clancy',326)
INSERT INTO TEST VALUES(327,'Julia','Peterson-Clancy',327)
INSERT INTO TEST VALUES(328,'Julia','Peterson-Clancy',328)
INSERT INTO TEST VALUES(329,'Julia','Peterson-Clancy',329)
INSERT INTO TEST VALUES(330,'Julia','Peterson-Clancy',330)
INSERT INTO TEST VALUES(331,'Julia','Peterson-Clancy',331)
INSERT INTO TEST VALUES(332,'Julia','Peterson-Clancy',332)
INSERT INTO TEST VALUES(333,'Julia','Peterson-Clancy',333)
INSERT INTO TEST VALUES(334,'Julia','Peterson-Clancy',334)
INSERT INTO TEST VALUES(335,'Julia','Peterson-Clancy',335)
INSERT INTO TEST VALUES(336,'Julia','Peterson-Clancy',336)
INSERT INTO TEST VALUES(337,'Julia','Peterson-Clancy',337)
INSERT INTO TEST VALUES(338,'Julia','Peterson-Clancy',338)
INSERT INTO TEST VALUES(339,'Julia','Peterson-Clancy',339)
INSERT INTO TEST VALUES(340,'Julia','Peterson-Clancy',340)
INSERT INTO TEST VALUES(341,'Julia','Peterson-Clancy',341)
INSERT INTO TEST VALUES(342,'Julia','Peterson-Clancy',342)
INSERT INTO TEST VALUES(343,'Julia','Peterson-Clancy',343)
INSERT INTO TEST VALUES(344,'Julia','Peterson-Clancy',344)
INSERT INTO TEST VALUES(345,'Julia','Peterson-Clancy',345)
INSERT INTO TEST VALUES(346,'Julia','Peterson-Clancy',346)
INSERT INTO TEST VALUES(347,'Julia','Peterson-Clancy',347)
INSERT INTO TEST VALUES(348,'Julia','Peterson-Clancy',348)
INSERT INTO TEST VALUES(349,'Julia','Peterson-Clancy',349)
INSERT INTO TEST VALUES(350,'Julia','Peterson-Clancy',350)
INSERT INTO TEST VALUES(351,'Julia','Peterson-Clancy',351)
INSERT INTO TEST VALUES(352,'Julia','Peterson-Clancy',352)
INSERT INTO TEST VALUES(353,'Julia','Peterson-Clancy',353)
INSERT INTO TEST VALUES(354,'Julia','Peterson-Clancy',354)
INSERT INTO TEST VALUES(355,'Julia','Peterson-Clancy',355)
INSERT INTO TEST VALUES(356,'Julia','Peterson-Clancy',356)
INSERT INTO TEST VALUES(357,'Julia','Peterson-Clancy',357)
INSERT INTO TEST VALUES(358,'Julia','Peterson-Clancy',358)
INSERT INTO TEST VALUES(359,'Julia','Peterson-Clancy',359)
INSERT INTO TEST VALUES(360,'Julia','Peterson-Clancy',360)
INSERT INTO TEST VALUES(361,'Julia','Peterson-Clancy',361)
INSERT INTO TEST VALUES(362,'Julia','Peterson-Clancy',362)
INSERT INTO TEST VALUES(363,'Julia','Peterson-Clancy',363)
INSERT INTO TEST VALUES(364,'Julia','Peterson-Clancy',364)
INSERT INTO TEST VALUES(365,'Julia','Peterson-Clancy',365)
INSERT INTO TEST VALUES(366,'Julia','Peterson-Clancy',366)
INSERT INTO TEST VALUES(367,'Julia','Peterson-Clancy',367)
INSERT INTO TEST VALUES(368,'Julia','Peterson-Clancy',368)
INSERT INTO TEST VALUES(369,'Julia','Peterson-Clancy',369)
INSERT INTO TEST VALUES(370,'Julia','Peterson-Clancy',370)
INSERT INTO TEST VALUES(371,'Julia','Peterson-Clancy',371)
INSERT INTO TEST VALUES(372,'Julia','Peterson-Clancy',372)
INSERT INTO TEST VALUES(373,'Julia','Peterson-Clancy',373)
INSERT INTO TEST VALUES(374,'Julia','Peterson-Clancy',374)
INSERT INTO TEST VALUES(375,'Julia','Peterson-Clancy',375)
INSERT INTO TEST VALUES(376,'Julia','Peterson-Clancy',376)
INSERT INTO TEST VALUES(377,'Julia','Peterson-Clancy',377)
INSERT INTO TEST VALUES(378,'Julia','Peterson-Clancy',378)
INSERT INTO TEST VALUES(379,'Julia','Peterson-Clancy',379)
INSERT INTO TEST VALUES(380,'Julia','Peterson-Clancy',380)
INSERT INTO TEST VALUES(381,'Julia','Peterson-Clancy',381)
INSERT INTO TEST VALUES(382,'Julia','Peterson-Clancy',382)
INSERT INTO TEST VALUES(383,'Julia','Peterson-Clancy',383)
INSERT INTO TEST VALUES(384,'Julia','Peterson-Clancy',384)
INSERT INTO TEST VALUES(385,'Julia','Peterson-Clancy',385)
INSERT INTO TEST VALUES(386,'Julia','Peterson-Clancy',386)
INSERT INTO TEST VALUES(387,'Julia','Peterson-Clancy',387)
INSERT INTO TEST VALUES(388,'Julia','Peterson-Clancy',388)
INSERT INTO TEST VALUES(389,'Julia','Peterson-Clancy',389)
INSERT INTO TEST VALUES(390,'Julia','Peterson-Clancy',390)
INSERT INTO TEST VALUES(391,'Julia','Peterson-Clancy',391)
INSERT INTO TEST VALUES(392,'Julia','Peterson-Clancy',392)
INSERT INTO TEST VALUES(393,'Julia','Peterson-Clancy',393)
INSERT INTO TEST VALUES(394,'Julia','Peterson-Clancy',394)
INSERT INTO TEST VALUES(395,'Julia','Peterson-Clancy',395)
INSERT INTO TEST VALUES(396,'Julia','Peterson-Clancy',396)
INSERT INTO TEST VALUES(397,'Julia','Peterson-Clancy',397)
INSERT INTO TEST VALUES(398,'Julia','Peterson-Clancy',398)
INSERT INTO TEST VALUES(399,'Julia','Peterson-Clancy',399)
INSERT INTO TEST VALUES(400,'Julia','Peterson-Clancy',400)
INSERT INTO TEST VALUES(401,'Julia','Peterson-Clancy',401)
INSERT INTO TEST VALUES(402,'Julia','Peterson-Clancy',402)
INSERT INTO TEST VALUES(403,'Julia','Peterson-Clancy',403)
INSERT INTO TEST VALUES(404,'Julia','Peterson-Clancy',404)
INSERT INTO TEST VALUES(405,'Julia','Peterson-Clancy',405)
INSERT INTO TEST VALUES(406,'Julia','Peterson-Clancy',406)
INSERT INTO TEST VALUES(407,'Julia','Peterson-Clancy',407)
INSERT INTO TEST VALUES(408,'Julia','Peterson-Clancy',408)
INSERT INTO TEST VALUES(409,'Julia','Peterson-Clancy',409)
INSERT INTO TEST VALUES(410,'Julia','Peterson-Clancy',410)
INSERT INTO TEST VALUES(411,'Julia','Peterson-Clancy',411)
INSERT INTO TEST VALUES(412,'Julia','Peterson-Clancy',412)
INSERT INTO TEST VALUES(413,'Julia','Peterson-Clancy',413)
INSERT INTO TEST VALUES(414,'Julia','Peterson-Clancy',414)
INSERT INTO TEST VALUES(415,'Julia','Peterson-Clancy',415)
INSERT INTO TEST VALUES(416,'Julia','Peterson-Clancy',416)
INSERT INTO TEST VALUES(417,'Julia','Peterson-Clancy',417)
INSERT INTO TEST VALUES(418,'Julia','Peterson-Clancy',418)
INSERT INTO TEST VALUES(419,'Julia','Peterson-Clancy',419)
INSERT INTO TEST VALUES(420,'Julia','Peterson-Clancy',420)
INSERT INTO TEST VALUES(421,'Julia','Peterson-Clancy',421)
INSERT INTO TEST VALUES(422,'Julia','Peterson-Clancy',422)
INSERT INTO TEST VALUES(423,'Julia','Peterson-Clancy',423)
INSERT INTO TEST VALUES(424,'Julia','Peterson-Clancy',424)
INSERT INTO TEST VALUES(425,'Julia','Peterson-Clancy',425)
INSERT INTO TEST VALUES(426,'Julia','Peterson-Clancy',426)
INSERT INTO TEST VALUES(427,'Julia','Peterson-Clancy',427)
INSERT INTO TEST VALUES(428,'Julia','Peterson-Clancy',428)
INSERT INTO TEST VALUES(429,'Julia','Peterson-Clancy',429)
INSERT INTO TEST VALUES(430,'Julia','Peterson-Clancy',430)
INSERT INTO TEST VALUES(431,'Julia','Peterson-Clancy',431)
INSERT INTO TEST VALUES(432,'Julia','Peterson-Clancy',432)
INSERT INTO TEST VALUES(433,'Julia','Peterson-Clancy',433)
INSERT INTO TEST VALUES(434,'Julia','Peterson-Clancy',434)
INSERT INTO TEST VALUES(435,'Julia','Peterson-Clancy',435)
INSERT INTO TEST VALUES(436,'Julia','Peterson-Clancy',436)
INSERT INTO TEST VALUES(437,'Julia','Peterson-Clancy',437)
INSERT INTO TEST VALUES(438,'Julia','Peterson-Clancy',438)
INSERT INTO TEST VALUES(439,'Julia','Peterson-Clancy',439)
INSERT INTO TEST VALUES(440,'Julia','Peterson-Clancy',440)
INSERT INTO TEST VALUES(441,'Julia','Peterson-Clancy',441)
INSERT INTO TEST VALUES(442,'Julia','Peterson-Clancy',442)
INSERT INTO TEST VALUES(443,'Julia','Peterson-Clancy',443)
INSERT INTO TEST VALUES(444,'Julia','Peterson-Clancy',444)
INSERT INTO TEST VALUES(445,'Julia','Peterson-Clancy',445)
INSERT INTO TEST VALUES(446,'Julia','Peterson-Clancy',446)
INSERT INTO TEST VALUES(447,'Julia','Peterson-Clancy',447)
INSERT INTO TEST VALUES(448,'Julia','Peterson-Clancy',448)
INSERT INTO TEST VALUES(449,'Julia','Peterson-Clancy',449)
INSERT INTO TEST VALUES(450,'Julia','Peterson-Clancy',450)
INSERT INTO TEST VALUES(451,'Julia','Peterson-Clancy',451)
INSERT INTO TEST VALUES(452,'Julia','Peterson-Clancy',452)
INSERT INTO TEST VALUES(453,'Julia','Peterson-Clancy',453)
INSERT INTO TEST VALUES(454,'Julia','Peterson-Clancy',454)
INSERT INTO TEST VALUES(455,'Julia','Peterson-Clancy',455)
INSERT INTO TEST VALUES(456,'Julia','Peterson-Clancy',456)
INSERT INTO TEST VALUES(457,'Julia','Peterson-Clancy',457)
INSERT INTO TEST VALUES(458,'Julia','Peterson-Clancy',458)
INSERT INTO TEST VALUES(459,'Julia','Peterson-Clancy',459)
INSERT INTO TEST VALUES(460,'Julia','Peterson-Clancy',460)
INSERT INTO TEST VALUES(461,'Julia','Peterson-Clancy',461)
INSERT INTO TEST VALUES(462,'Julia','Peterson-Clancy',462)
INSERT INTO TEST VALUES(463,'Julia','Peterson-Clancy',463)
INSERT INTO TEST VALUES(464,'Julia','Peterson-Clancy',464)
INSERT INTO TEST VALUES(465,'Julia','Peterson-Clancy',465)
INSERT INTO TEST VALUES(466,'Julia','Peterson-Clancy',466)
INSERT INTO TEST VALUES(467,'Julia','Peterson-Clancy',467)
INSERT INTO TEST VALUES(468,'Julia','Peterson-Clancy',468)
INSERT INTO TEST VALUES(469,'Julia','Peterson-Clancy',469)
INSERT INTO TEST VALUES(470,'Julia','Peterson-Clancy',470)
INSERT INTO TEST VALUES(471,'Julia','Peterson-Clancy',471)
INSERT INTO TEST VALUES(472,'Julia','Peterson-Clancy',472)
INSERT INTO TEST VALUES(473,'Julia','Peterson-Clancy',473)
INSERT INTO TEST VALUES(474,'Julia','Peterson-Clancy',474)
INSERT INTO TEST VALUES(475,'Julia','Peterson-Clancy',475)
INSERT INTO TEST VALUES(476,'Julia','Peterson-Clancy',476)
INSERT INTO TEST VALUES(477,'Julia','Peterson-Clancy',477)
INSERT INTO TEST VALUES(478,'Julia','Peterson-Clancy',478)
INSERT INTO TEST VALUES(479,'Julia','Peterson-Clancy',479)
INSERT INTO TEST VALUES(480,'Julia','Peterson-Clancy',480)
INSERT INTO TEST VALUES(481,'Julia','Peterson-Clancy',481)
INSERT INTO TEST VALUES(482,'Julia','Peterson-Clancy',482)
INSERT INTO TEST VALUES(483,'Julia','Peterson-Clancy',483)
INSERT INTO TEST VALUES(484,'Julia','Peterson-Clancy',484)
INSERT INTO TEST VALUES(485,'Julia','Peterson-Clancy',485)
INSERT INTO TEST VALUES(486,'Julia','Peterson-Clancy',486)
INSERT INTO TEST VALUES(487,'Julia','Peterson-Clancy',487)
INSERT INTO TEST VALUES(488,'Julia','Peterson-Clancy',488)
INSERT INTO TEST VALUES(489,'Julia','Peterson-Clancy',489)
INSERT INTO TEST VALUES(490,'Julia','Peterson-Clancy',490)
INSERT INTO TEST VALUES(491,'Julia','Peterson-Clancy',491)
INSERT INTO TEST VALUES(492,'Julia','Peterson-Clancy',492)
INSERT INTO TEST VALUES(493,'Julia','Peterson-Clancy',493)
INSERT INTO TEST VALUES(494,'Julia','Peterson-Clancy',494)
INSERT INTO TEST VALUES(495,'Julia','Peterson-Clancy',495)
INSERT INTO TEST VALUES(496,'Julia','Peterson-Clancy',496)
INSERT INTO TEST VALUES(497,'Julia','Peterson-Clancy',497)
INSERT INTO TEST VALUES(498,'Julia','Peterson-Clancy',498)
INSERT INTO TEST VALUES(499,'Julia','Peterson-Clancy',499)
INSERT INTO TEST VALUES(500,'Julia','Peterson-Clancy',500)
INSERT INTO TEST VALUES(501,'Julia','Peterson-Clancy',501)
INSERT INTO TEST VALUES(502,'Julia','Peterson-Clancy',502)
INSERT INTO TEST VALUES(503,'Julia','Peterson-Clancy',503)
INSERT INTO TEST VALUES(504,'Julia','Peterson-Clancy',504)
INSERT INTO TEST VALUES(505,'Julia','Peterson-Clancy',505)
INSERT INTO TEST VALUES(506,'Julia','Peterson-Clancy',506)
INSERT INTO TEST VALUES(507,'Julia','Peterson-Clancy',507)
INSERT INTO TEST VALUES(508,'Julia','Peterson-Clancy',508)
INSERT INTO TEST VALUES(509,'Julia','Peterson-Clancy',509)
INSERT INTO TEST VALUES(510,'Julia','Peterson-Clancy',510)
INSERT INTO TEST VALUES(511,'Julia','Peterson-Clancy',511)
INSERT INTO TEST VALUES(512,'Julia','Peterson-Clancy',512)
INSERT INTO TEST VALUES(513,'Julia','Peterson-Clancy',513)
INSERT INTO TEST VALUES(514,'Julia','Peterson-Clancy',514)
INSERT INTO TEST VALUES(515,'Julia','Peterson-Clancy',515)
INSERT INTO TEST VALUES(516,'Julia','Peterson-Clancy',516)
INSERT INTO TEST VALUES(517,'Julia','Peterson-Clancy',517)
INSERT INTO TEST VALUES(518,'Julia','Peterson-Clancy',518)
INSERT INTO TEST VALUES(519,'Julia','Peterson-Clancy',519)
INSERT INTO TEST VALUES(520,'Julia','Peterson-Clancy',520)
INSERT INTO TEST VALUES(521,'Julia','Peterson-Clancy',521)
INSERT INTO TEST VALUES(522,'Julia','Peterson-Clancy',522)
INSERT INTO TEST VALUES(523,'Julia','Peterson-Clancy',523)
INSERT INTO TEST VALUES(524,'Julia','Peterson-Clancy',524)
INSERT INTO TEST VALUES(525,'Julia','Peterson-Clancy',525)
INSERT INTO TEST VALUES(526,'Julia','Peterson-Clancy',526)
INSERT INTO TEST VALUES(527,'Julia','Peterson-Clancy',527)
INSERT INTO TEST VALUES(528,'Julia','Peterson-Clancy',528)
INSERT INTO TEST VALUES(529,'Julia','Peterson-Clancy',529)
INSERT INTO TEST VALUES(530,'Julia','Peterson-Clancy',530)
INSERT INTO TEST VALUES(531,'Julia','Peterson-Clancy',531)
INSERT INTO TEST VALUES(532,'Julia','Peterson-Clancy',532)
INSERT INTO TEST VALUES(533,'Julia','Peterson-Clancy',533)
INSERT INTO TEST VALUES(534,'Julia','Peterson-Clancy',534)
INSERT INTO TEST VALUES(535,'Julia','Peterson-Clancy',535)
INSERT INTO TEST VALUES(536,'Julia','Peterson-Clancy',536)
INSERT INTO TEST VALUES(537,'Julia','Peterson-Clancy',537)
INSERT INTO TEST VALUES(538,'Julia','Peterson-Clancy',538)
INSERT INTO TEST VALUES(539,'Julia','Peterson-Clancy',539)
INSERT INTO TEST VALUES(540,'Julia','Peterson-Clancy',540)
INSERT INTO TEST VALUES(541,'Julia','Peterson-Clancy',541)
INSERT INTO TEST VALUES(542,'Julia','Peterson-Clancy',542)
INSERT INTO TEST VALUES(543,'Julia','Peterson-Clancy',543)
INSERT INTO TEST VALUES(544,'Julia','Peterson-Clancy',544)
INSERT INTO TEST VALUES(545,'Julia','Peterson-Clancy',545)
INSERT INTO TEST VALUES(546,'Julia','Peterson-Clancy',546)
INSERT INTO TEST VALUES(547,'Julia','Peterson-Clancy',547)
INSERT INTO TEST VALUES(548,'Julia','Peterson-Clancy',548)
INSERT INTO TEST VALUES(549,'Julia','Peterson-Clancy',549)
INSERT INTO TEST VALUES(550,'Julia','Peterson-Clancy',550)
INSERT INTO TEST VALUES(551,'Julia','Peterson-Clancy',551)
INSERT INTO TEST VALUES(552,'Julia','Peterson-Clancy',552)
INSERT INTO TEST VALUES(553,'Julia','Peterson-Clancy',553)
INSERT INTO TEST VALUES(554,'Julia','Peterson-Clancy',554)
INSERT INTO TEST VALUES(555,'Julia','Peterson-Clancy',555)
INSERT INTO TEST VALUES(556,'Julia','Peterson-Clancy',556)
INSERT INTO TEST VALUES(557,'Julia','Peterson-Clancy',557)
INSERT INTO TEST VALUES(558,'Julia','Peterson-Clancy',558)
INSERT INTO TEST VALUES(559,'Julia','Peterson-Clancy',559)
INSERT INTO TEST VALUES(560,'Julia','Peterson-Clancy',560)
INSERT INTO TEST VALUES(561,'Julia','Peterson-Clancy',561)
INSERT INTO TEST VALUES(562,'Julia','Peterson-Clancy',562)
INSERT INTO TEST VALUES(563,'Julia','Peterson-Clancy',563)
INSERT INTO TEST VALUES(564,'Julia','Peterson-Clancy',564)
INSERT INTO TEST VALUES(565,'Julia','Peterson-Clancy',565)
INSERT INTO TEST VALUES(566,'Julia','Peterson-Clancy',566)
INSERT INTO TEST VALUES(567,'Julia','Peterson-Clancy',567)
INSERT INTO TEST VALUES(568,'Julia','Peterson-Clancy',568)
INSERT INTO TEST VALUES(569,'Julia','Peterson-Clancy',569)
INSERT INTO TEST VALUES(570,'Julia','Peterson-Clancy',570)
INSERT INTO TEST VALUES(571,'Julia','Peterson-Clancy',571)
INSERT INTO TEST VALUES(572,'Julia','Peterson-Clancy',572)
INSERT INTO TEST VALUES(573,'Julia','Peterson-Clancy',573)
INSERT INTO TEST VALUES(574,'Julia','Peterson-Clancy',574)
INSERT INTO TEST VALUES(575,'Julia','Peterson-Clancy',575)
INSERT INTO TEST VALUES(576,'Julia','Peterson-Clancy',576)
INSERT INTO TEST VALUES(577,'Julia','Peterson-Clancy',577)
INSERT INTO TEST VALUES(578,'Julia','Peterson-Clancy',578)
INSERT INTO TEST VALUES(579,'Julia','Peterson-Clancy',579)
INSERT INTO TEST VALUES(580,'Julia','Peterson-Clancy',580)
INSERT INTO TEST VALUES(581,'Julia','Peterson-Clancy',581)
INSERT INTO TEST VALUES(582,'Julia','Peterson-Clancy',582)
INSERT INTO TEST VALUES(583,'Julia','Peterson-Clancy',583)
INSERT INTO TEST VALUES(584,'Julia','Peterson-Clancy',584)
INSERT INTO TEST VALUES(585,'Julia','Peterson-Clancy',585)
INSERT INTO TEST VALUES(586,'Julia','Peterson-Clancy',586)
INSERT INTO TEST VALUES(587,'Julia','Peterson-Clancy',587)
INSERT INTO TEST VALUES(588,'Julia','Peterson-Clancy',588)
INSERT INTO TEST VALUES(589,'Julia','Peterson-Clancy',589)
INSERT INTO TEST VALUES(590,'Julia','Peterson-Clancy',590)
INSERT INTO TEST VALUES(591,'Julia','Peterson-Clancy',591)
INSERT INTO TEST VALUES(592,'Julia','Peterson-Clancy',592)
INSERT INTO TEST VALUES(593,'Julia','Peterson-Clancy',593)
INSERT INTO TEST VALUES(594,'Julia','Peterson-Clancy',594)
INSERT INTO TEST VALUES(595,'Julia','Peterson-Clancy',595)
INSERT INTO TEST VALUES(596,'Julia','Peterson-Clancy',596)
INSERT INTO TEST VALUES(597,'Julia','Peterson-Clancy',597)
INSERT INTO TEST VALUES(598,'Julia','Peterson-Clancy',598)
INSERT INTO TEST VALUES(599,'Julia','Peterson-Clancy',599)
INSERT INTO TEST VALUES(600,'Julia','Peterson-Clancy',600)
INSERT INTO TEST VALUES(601,'Julia','Peterson-Clancy',601)
INSERT INTO TEST VALUES(602,'Julia','Peterson-Clancy',602)
INSERT INTO TEST VALUES(603,'Julia','Peterson-Clancy',603)
INSERT INTO TEST VALUES(604,'Julia','Peterson-Clancy',604)
INSERT INTO TEST VALUES(605,'Julia','Peterson-Clancy',605)
INSERT INTO TEST VALUES(606,'Julia','Peterson-Clancy',606)
INSERT INTO TEST VALUES(607,'Julia','Peterson-Clancy',607)
INSERT INTO TEST VALUES(608,'Julia','Peterson-Clancy',608)
INSERT INTO TEST VALUES(609,'Julia','Peterson-Clancy',609)
INSERT INTO TEST VALUES(610,'Julia','Peterson-Clancy',610)
INSERT INTO TEST VALUES(611,'Julia','Peterson-Clancy',611)
INSERT INTO TEST VALUES(612,'Julia','Peterson-Clancy',612)
INSERT INTO TEST VALUES(613,'Julia','Peterson-Clancy',613)
INSERT INTO TEST VALUES(614,'Julia','Peterson-Clancy',614)
INSERT INTO TEST VALUES(615,'Julia','Peterson-Clancy',615)
INSERT INTO TEST VALUES(616,'Julia','Peterson-Clancy',616)
INSERT INTO TEST VALUES(617,'Julia','Peterson-Clancy',617)
INSERT INTO TEST VALUES(618,'Julia','Peterson-Clancy',618)
INSERT INTO TEST VALUES(619,'Julia','Peterson-Clancy',619)
INSERT INTO TEST VALUES(620,'Julia','Peterson-Clancy',620)
INSERT INTO TEST VALUES(621,'Julia','Peterson-Clancy',621)
INSERT INTO TEST VALUES(622,'Julia','Peterson-Clancy',622)
INSERT INTO TEST VALUES(623,'Julia','Peterson-Clancy',623)
INSERT INTO TEST VALUES(624,'Julia','Peterson-Clancy',624)
INSERT INTO TEST VALUES(625,'Julia','Peterson-Clancy',625)
INSERT INTO TEST VALUES(626,'Julia','Peterson-Clancy',626)
INSERT INTO TEST VALUES(627,'Julia','Peterson-Clancy',627)
INSERT INTO TEST VALUES(628,'Julia','Peterson-Clancy',628)
INSERT INTO TEST VALUES(629,'Julia','Peterson-Clancy',629)
INSERT INTO TEST VALUES(630,'Julia','Peterson-Clancy',630)
INSERT INTO TEST VALUES(631,'Julia','Peterson-Clancy',631)
INSERT INTO TEST VALUES(632,'Julia','Peterson-Clancy',632)
INSERT INTO TEST VALUES(633,'Julia','Peterson-Clancy',633)
INSERT INTO TEST VALUES(634,'Julia','Peterson-Clancy',634)
INSERT INTO TEST VALUES(635,'Julia','Peterson-Clancy',635)
INSERT INTO TEST VALUES(636,'Julia','Peterson-Clancy',636)
INSERT INTO TEST VALUES(637,'Julia','Peterson-Clancy',637)
INSERT INTO TEST VALUES(638,'Julia','Peterson-Clancy',638)
INSERT INTO TEST VALUES(639,'Julia','Peterson-Clancy',639)
INSERT INTO TEST VALUES(640,'Julia','Peterson-Clancy',640)
INSERT INTO TEST VALUES(641,'Julia','Peterson-Clancy',641)
INSERT INTO TEST VALUES(642,'Julia','Peterson-Clancy',642)
INSERT INTO TEST VALUES(643,'Julia','Peterson-Clancy',643)
INSERT INTO TEST VALUES(644,'Julia','Peterson-Clancy',644)
INSERT INTO TEST VALUES(645,'Julia','Peterson-Clancy',645)
INSERT INTO TEST VALUES(646,'Julia','Peterson-Clancy',646)
INSERT INTO TEST VALUES(647,'Julia','Peterson-Clancy',647)
INSERT INTO TEST VALUES(648,'Julia','Peterson-Clancy',648)
INSERT INTO TEST VALUES(649,'Julia','Peterson-Clancy',649)
INSERT INTO TEST VALUES(650,'Julia','Peterson-Clancy',650)
INSERT INTO TEST VALUES(651,'Julia','Peterson-Clancy',651)
INSERT INTO TEST VALUES(652,'Julia','Peterson-Clancy',652)
INSERT INTO TEST VALUES(653,'Julia','Peterson-Clancy',653)
INSERT INTO TEST VALUES(654,'Julia','Peterson-Clancy',654)
INSERT INTO TEST VALUES(655,'Julia','Peterson-Clancy',655)
INSERT INTO TEST VALUES(656,'Julia','Peterson-Clancy',656)
INSERT INTO TEST VALUES(657,'Julia','Peterson-Clancy',657)
INSERT INTO TEST VALUES(658,'Julia','Peterson-Clancy',658)
INSERT INTO TEST VALUES(659,'Julia','Peterson-Clancy',659)
INSERT INTO TEST VALUES(660,'Julia','Peterson-Clancy',660)
INSERT INTO TEST VALUES(661,'Julia','Peterson-Clancy',661)
INSERT INTO TEST VALUES(662,'Julia','Peterson-Clancy',662)
INSERT INTO TEST VALUES(663,'Julia','Peterson-Clancy',663)
INSERT INTO TEST VALUES(664,'Julia','Peterson-Clancy',664)
INSERT INTO TEST VALUES(665,'Julia','Peterson-Clancy',665)
INSERT INTO TEST VALUES(666,'Julia','Peterson-Clancy',666)
INSERT INTO TEST VALUES(667,'Julia','Peterson-Clancy',667)
INSERT INTO TEST VALUES(668,'Julia','Peterson-Clancy',668)
INSERT INTO TEST VALUES(669,'Julia','Peterson-Clancy',669)
INSERT INTO TEST VALUES(670,'Julia','Peterson-Clancy',670)
INSERT INTO TEST VALUES(671,'Julia','Peterson-Clancy',671)
INSERT INTO TEST VALUES(672,'Julia','Peterson-Clancy',672)
INSERT INTO TEST VALUES(673,'Julia','Peterson-Clancy',673)
INSERT INTO TEST VALUES(674,'Julia','Peterson-Clancy',674)
INSERT INTO TEST VALUES(675,'Julia','Peterson-Clancy',675)
INSERT INTO TEST VALUES(676,'Julia','Peterson-Clancy',676)
INSERT INTO TEST VALUES(677,'Julia','Peterson-Clancy',677)
INSERT INTO TEST VALUES(678,'Julia','Peterson-Clancy',678)
INSERT INTO TEST VALUES(679,'Julia','Peterson-Clancy',679)
INSERT INTO TEST VALUES(680,'Julia','Peterson-Clancy',680)
INSERT INTO TEST VALUES(681,'Julia','Peterson-Clancy',681)
INSERT INTO TEST VALUES(682,'Julia','Peterson-Clancy',682)
INSERT INTO TEST VALUES(683,'Julia','Peterson-Clancy',683)
INSERT INTO TEST VALUES(684,'Julia','Peterson-Clancy',684)
INSERT INTO TEST VALUES(685,'Julia','Peterson-Clancy',685)
INSERT INTO TEST VALUES(686,'Julia','Peterson-Clancy',686)
INSERT INTO TEST VALUES(687,'Julia','Peterson-Clancy',687)
INSERT INTO TEST VALUES(688,'Julia','Peterson-Clancy',688)
INSERT INTO TEST VALUES(689,'Julia','Peterson-Clancy',689)
INSERT INTO TEST VALUES(690,'Julia','Peterson-Clancy',690)
INSERT INTO TEST VALUES(691,'Julia','Peterson-Clancy',691)
INSERT INTO TEST VALUES(692,'Julia','Peterson-Clancy',692)
INSERT INTO TEST VALUES(693,'Julia','Peterson-Clancy',693)
INSERT INTO TEST VALUES(694,'Julia','Peterson-Clancy',694)
INSERT INTO TEST VALUES(695,'Julia','Peterson-Clancy',695)
INSERT INTO TEST VALUES(696,'Julia','Peterson-Clancy',696)
INSERT INTO TEST VALUES(697,'Julia','Peterson-Clancy',697)
INSERT INTO TEST VALUES(698,'Julia','Peterson-Clancy',698)
INSERT INTO TEST VALUES(699,'Julia','Peterson-Clancy',699)
INSERT INTO TEST VALUES(700,'Julia','Peterson-Clancy',700)
INSERT INTO TEST VALUES(701,'Julia','Peterson-Clancy',701)
INSERT INTO TEST VALUES(702,'Julia','Peterson-Clancy',702)
INSERT INTO TEST VALUES(703,'Julia','Peterson-Clancy',703)
INSERT INTO TEST VALUES(704,'Julia','Peterson-Clancy',704)
INSERT INTO TEST VALUES(705,'Julia','Peterson-Clancy',705)
INSERT INTO TEST VALUES(706,'Julia','Peterson-Clancy',706)
INSERT INTO TEST VALUES(707,'Julia','Peterson-Clancy',707)
INSERT INTO TEST VALUES(708,'Julia','Peterson-Clancy',708)
INSERT INTO TEST VALUES(709,'Julia','Peterson-Clancy',709)
INSERT INTO TEST VALUES(710,'Julia','Peterson-Clancy',710)
INSERT INTO TEST VALUES(711,'Julia','Peterson-Clancy',711)
INSERT INTO TEST VALUES(712,'Julia','Peterson-Clancy',712)
INSERT INTO TEST VALUES(713,'Julia','Peterson-Clancy',713)
INSERT INTO TEST VALUES(714,'Julia','Peterson-Clancy',714)
INSERT INTO TEST VALUES(715,'Julia','Peterson-Clancy',715)
INSERT INTO TEST VALUES(716,'Julia','Peterson-Clancy',716)
INSERT INTO TEST VALUES(717,'Julia','Peterson-Clancy',717)
INSERT INTO TEST VALUES(718,'Julia','Peterson-Clancy',718)
INSERT INTO TEST VALUES(719,'Julia','Peterson-Clancy',719)
INSERT INTO TEST VALUES(720,'Julia','Peterson-Clancy',720)
INSERT INTO TEST VALUES(721,'Julia','Peterson-Clancy',721)
INSERT INTO TEST VALUES(722,'Julia','Peterson-Clancy',722)
INSERT INTO TEST VALUES(723,'Julia','Peterson-Clancy',723)
INSERT INTO TEST VALUES(724,'Julia','Peterson-Clancy',724)
INSERT INTO TEST VALUES(725,'Julia','Peterson-Clancy',725)
INSERT INTO TEST VALUES(726,'Julia','Peterson-Clancy',726)
INSERT INTO TEST VALUES(727,'Julia','Peterson-Clancy',727)
INSERT INTO TEST VALUES(728,'Julia','Peterson-Clancy',728)
INSERT INTO TEST VALUES(729,'Julia','Peterson-Clancy',729)
INSERT INTO TEST VALUES(730,'Julia','Peterson-Clancy',730)
INSERT INTO TEST VALUES(731,'Julia','Peterson-Clancy',731)
INSERT INTO TEST VALUES(732,'Julia','Peterson-Clancy',732)
INSERT INTO TEST VALUES(733,'Julia','Peterson-Clancy',733)
INSERT INTO TEST VALUES(734,'Julia','Peterson-Clancy',734)
INSERT INTO TEST VALUES(735,'Julia','Peterson-Clancy',735)
INSERT INTO TEST VALUES(736,'Julia','Peterson-Clancy',736)
INSERT INTO TEST VALUES(737,'Julia','Peterson-Clancy',737)
INSERT INTO TEST VALUES(738,'Julia','Peterson-Clancy',738)
INSERT INTO TEST VALUES(739,'Julia','Peterson-Clancy',739)
INSERT INTO TEST VALUES(740,'Julia','Peterson-Clancy',740)
INSERT INTO TEST VALUES(741,'Julia','Peterson-Clancy',741)
INSERT INTO TEST VALUES(742,'Julia','Peterson-Clancy',742)
INSERT INTO TEST VALUES(743,'Julia','Peterson-Clancy',743)
INSERT INTO TEST VALUES(744,'Julia','Peterson-Clancy',744)
INSERT INTO TEST VALUES(745,'Julia','Peterson-Clancy',745)
INSERT INTO TEST VALUES(746,'Julia','Peterson-Clancy',746)
INSERT INTO TEST VALUES(747,'Julia','Peterson-Clancy',747)
INSERT INTO TEST VALUES(748,'Julia','Peterson-Clancy',748)
INSERT INTO TEST VALUES(749,'Julia','Peterson-Clancy',749)
INSERT INTO TEST VALUES(750,'Julia','Peterson-Clancy',750)
INSERT INTO TEST VALUES(751,'Julia','Peterson-Clancy',751)
INSERT INTO TEST VALUES(752,'Julia','Peterson-Clancy',752)
INSERT INTO TEST VALUES(753,'Julia','Peterson-Clancy',753)
INSERT INTO TEST VALUES(754,'Julia','Peterson-Clancy',754)
INSERT INTO TEST VALUES(755,'Julia','Peterson-Clancy',755)
INSERT INTO TEST VALUES(756,'Julia','Peterson-Clancy',756)
INSERT INTO TEST VALUES(757,'Julia','Peterson-Clancy',757)
INSERT INTO TEST VALUES(758,'Julia','Peterson-Clancy',758)
INSERT INTO TEST VALUES(759,'Julia','Peterson-Clancy',759)
INSERT INTO TEST VALUES(760,'Julia','Peterson-Clancy',760)
INSERT INTO TEST VALUES(761,'Julia','Peterson-Clancy',761)
INSERT INTO TEST VALUES(762,'Julia','Peterson-Clancy',762)
INSERT INTO TEST VALUES(763,'Julia','Peterson-Clancy',763)
INSERT INTO TEST VALUES(764,'Julia','Peterson-Clancy',764)
INSERT INTO TEST VALUES(765,'Julia','Peterson-Clancy',765)
INSERT INTO TEST VALUES(766,'Julia','Peterson-Clancy',766)
INSERT INTO TEST VALUES(767,'Julia','Peterson-Clancy',767)
INSERT INTO TEST VALUES(768,'Julia','Peterson-Clancy',768)
INSERT INTO TEST VALUES(769,'Julia','Peterson-Clancy',769)
INSERT INTO TEST VALUES(770,'Julia','Peterson-Clancy',770)
INSERT INTO TEST VALUES(771,'Julia','Peterson-Clancy',771)
INSERT INTO TEST VALUES(772,'Julia','Peterson-Clancy',772)
INSERT INTO TEST VALUES(773,'Julia','Peterson-Clancy',773)
INSERT INTO TEST VALUES(774,'Julia','Peterson-Clancy',774)
INSERT INTO TEST VALUES(775,'Julia','Peterson-Clancy',775)
INSERT INTO TEST VALUES(776,'Julia','Peterson-Clancy',776)
INSERT INTO TEST VALUES(777,'Julia','Peterson-Clancy',777)
INSERT INTO TEST VALUES(778,'Julia','Peterson-Clancy',778)
INSERT INTO TEST VALUES(779,'Julia','Peterson-Clancy',779)
INSERT INTO TEST VALUES(780,'Julia','Peterson-Clancy',780)
INSERT INTO TEST VALUES(781,'Julia','Peterson-Clancy',781)
INSERT INTO TEST VALUES(782,'Julia','Peterson-Clancy',782)
INSERT INTO TEST VALUES(783,'Julia','Peterson-Clancy',783)
INSERT INTO TEST VALUES(784,'Julia','Peterson-Clancy',784)
INSERT INTO TEST VALUES(785,'Julia','Peterson-Clancy',785)
INSERT INTO TEST VALUES(786,'Julia','Peterson-Clancy',786)
INSERT INTO TEST VALUES(787,'Julia','Peterson-Clancy',787)
INSERT INTO TEST VALUES(788,'Julia','Peterson-Clancy',788)
INSERT INTO TEST VALUES(789,'Julia','Peterson-Clancy',789)
INSERT INTO TEST VALUES(790,'Julia','Peterson-Clancy',790)
INSERT INTO TEST VALUES(791,'Julia','Peterson-Clancy',791)
INSERT INTO TEST VALUES(792,'Julia','Peterson-Clancy',792)
INSERT INTO TEST VALUES(793,'Julia','Peterson-Clancy',793)
INSERT INTO TEST VALUES(794,'Julia','Peterson-Clancy',794)
INSERT INTO TEST VALUES(795,'Julia','Peterson-Clancy',795)
INSERT INTO TEST VALUES(796,'Julia','Peterson-Clancy',796)
INSERT INTO TEST VALUES(797,'Julia','Peterson-Clancy',797)
INSERT INTO TEST VALUES(798,'Julia','Peterson-Clancy',798)
INSERT INTO TEST VALUES(799,'Julia','Peterson-Clancy',799)
INSERT INTO TEST VALUES(800,'Julia','Peterson-Clancy',800)
INSERT INTO TEST VALUES(801,'Julia','Peterson-Clancy',801)
INSERT INTO TEST VALUES(802,'Julia','Peterson-Clancy',802)
INSERT INTO TEST VALUES(803,'Julia','Peterson-Clancy',803)
INSERT INTO TEST VALUES(804,'Julia','Peterson-Clancy',804)
INSERT INTO TEST VALUES(805,'Julia','Peterson-Clancy',805)
INSERT INTO TEST VALUES(806,'Julia','Peterson-Clancy',806)
INSERT INTO TEST VALUES(807,'Julia','Peterson-Clancy',807)
INSERT INTO TEST VALUES(808,'Julia','Peterson-Clancy',808)
INSERT INTO TEST VALUES(809,'Julia','Peterson-Clancy',809)
INSERT INTO TEST VALUES(810,'Julia','Peterson-Clancy',810)
INSERT INTO TEST VALUES(811,'Julia','Peterson-Clancy',811)
INSERT INTO TEST VALUES(812,'Julia','Peterson-Clancy',812)
INSERT INTO TEST VALUES(813,'Julia','Peterson-Clancy',813)
INSERT INTO TEST VALUES(814,'Julia','Peterson-Clancy',814)
INSERT INTO TEST VALUES(815,'Julia','Peterson-Clancy',815)
INSERT INTO TEST VALUES(816,'Julia','Peterson-Clancy',816)
INSERT INTO TEST VALUES(817,'Julia','Peterson-Clancy',817)
INSERT INTO TEST VALUES(818,'Julia','Peterson-Clancy',818)
INSERT INTO TEST VALUES(819,'Julia','Peterson-Clancy',819)
INSERT INTO TEST VALUES(820,'Julia','Peterson-Clancy',820)
INSERT INTO TEST VALUES(821,'Julia','Peterson-Clancy',821)
INSERT INTO TEST VALUES(822,'Julia','Peterson-Clancy',822)
INSERT INTO TEST VALUES(823,'Julia','Peterson-Clancy',823)
INSERT INTO TEST VALUES(824,'Julia','Peterson-Clancy',824)
INSERT INTO TEST VALUES(825,'Julia','Peterson-Clancy',825)
INSERT INTO TEST VALUES(826,'Julia','Peterson-Clancy',826)
INSERT INTO TEST VALUES(827,'Julia','Peterson-Clancy',827)
INSERT INTO TEST VALUES(828,'Julia','Peterson-Clancy',828)
INSERT INTO TEST VALUES(829,'Julia','Peterson-Clancy',829)
INSERT INTO TEST VALUES(830,'Julia','Peterson-Clancy',830)
INSERT INTO TEST VALUES(831,'Julia','Peterson-Clancy',831)
INSERT INTO TEST VALUES(832,'Julia','Peterson-Clancy',832)
INSERT INTO TEST VALUES(833,'Julia','Peterson-Clancy',833)
INSERT INTO TEST VALUES(834,'Julia','Peterson-Clancy',834)
INSERT INTO TEST VALUES(835,'Julia','Peterson-Clancy',835)
INSERT INTO TEST VALUES(836,'Julia','Peterson-Clancy',836)
INSERT INTO TEST VALUES(837,'Julia','Peterson-Clancy',837)
INSERT INTO TEST VALUES(838,'Julia','Peterson-Clancy',838)
INSERT INTO TEST VALUES(839,'Julia','Peterson-Clancy',839)
INSERT INTO TEST VALUES(840,'Julia','Peterson-Clancy',840)
INSERT INTO TEST VALUES(841,'Julia','Peterson-Clancy',841)
INSERT INTO TEST VALUES(842,'Julia','Peterson-Clancy',842)
INSERT INTO TEST VALUES(843,'Julia','Peterson-Clancy',843)
INSERT INTO TEST VALUES(844,'Julia','Peterson-Clancy',844)
INSERT INTO TEST VALUES(845,'Julia','Peterson-Clancy',845)
INSERT INTO TEST VALUES(846,'Julia','Peterson-Clancy',846)
INSERT INTO TEST VALUES(847,'Julia','Peterson-Clancy',847)
INSERT INTO TEST VALUES(848,'Julia','Peterson-Clancy',848)
INSERT INTO TEST VALUES(849,'Julia','Peterson-Clancy',849)
INSERT INTO TEST VALUES(850,'Julia','Peterson-Clancy',850)
INSERT INTO TEST VALUES(851,'Julia','Peterson-Clancy',851)
INSERT INTO TEST VALUES(852,'Julia','Peterson-Clancy',852)
INSERT INTO TEST VALUES(853,'Julia','Peterson-Clancy',853)
INSERT INTO TEST VALUES(854,'Julia','Peterson-Clancy',854)
INSERT INTO TEST VALUES(855,'Julia','Peterson-Clancy',855)
INSERT INTO TEST VALUES(856,'Julia','Peterson-Clancy',856)
INSERT INTO TEST VALUES(857,'Julia','Peterson-Clancy',857)
INSERT INTO TEST VALUES(858,'Julia','Peterson-Clancy',858)
INSERT INTO TEST VALUES(859,'Julia','Peterson-Clancy',859)
INSERT INTO TEST VALUES(860,'Julia','Peterson-Clancy',860)
INSERT INTO TEST VALUES(861,'Julia','Peterson-Clancy',861)
INSERT INTO TEST VALUES(862,'Julia','Peterson-Clancy',862)
INSERT INTO TEST VALUES(863,'Julia','Peterson-Clancy',863)
INSERT INTO TEST VALUES(864,'Julia','Peterson-Clancy',864)
INSERT INTO TEST VALUES(865,'Julia','Peterson-Clancy',865)
INSERT INTO TEST VALUES(866,'Julia','Peterson-Clancy',866)
INSERT INTO TEST VALUES(867,'Julia','Peterson-Clancy',867)
INSERT INTO TEST VALUES(868,'Julia','Peterson-Clancy',868)
INSERT INTO TEST VALUES(869,'Julia','Peterson-Clancy',869)
INSERT INTO TEST VALUES(870,'Julia','Peterson-Clancy',870)
INSERT INTO TEST VALUES(871,'Julia','Peterson-Clancy',871)
INSERT INTO TEST VALUES(872,'Julia','Peterson-Clancy',872)
INSERT INTO TEST VALUES(873,'Julia','Peterson-Clancy',873)
INSERT INTO TEST VALUES(874,'Julia','Peterson-Clancy',874)
INSERT INTO TEST VALUES(875,'Julia','Peterson-Clancy',875)
INSERT INTO TEST VALUES(876,'Julia','Peterson-Clancy',876)
INSERT INTO TEST VALUES(877,'Julia','Peterson-Clancy',877)
INSERT INTO TEST VALUES(878,'Julia','Peterson-Clancy',878)
INSERT INTO TEST VALUES(879,'Julia','Peterson-Clancy',879)
INSERT INTO TEST VALUES(880,'Julia','Peterson-Clancy',880)
INSERT INTO TEST VALUES(881,'Julia','Peterson-Clancy',881)
INSERT INTO TEST VALUES(882,'Julia','Peterson-Clancy',882)
INSERT INTO TEST VALUES(883,'Julia','Peterson-Clancy',883)
INSERT INTO TEST VALUES(884,'Julia','Peterson-Clancy',884)
INSERT INTO TEST VALUES(885,'Julia','Peterson-Clancy',885)
INSERT INTO TEST VALUES(886,'Julia','Peterson-Clancy',886)
INSERT INTO TEST VALUES(887,'Julia','Peterson-Clancy',887)
INSERT INTO TEST VALUES(888,'Julia','Peterson-Clancy',888)
INSERT INTO TEST VALUES(889,'Julia','Peterson-Clancy',889)
INSERT INTO TEST VALUES(890,'Julia','Peterson-Clancy',890)
INSERT INTO TEST VALUES(891,'Julia','Peterson-Clancy',891)
INSERT INTO TEST VALUES(892,'Julia','Peterson-Clancy',892)
INSERT INTO TEST VALUES(893,'Julia','Peterson-Clancy',893)
INSERT INTO TEST VALUES(894,'Julia','Peterson-Clancy',894)
INSERT INTO TEST VALUES(895,'Julia','Peterson-Clancy',895)
INSERT INTO TEST VALUES(896,'Julia','Peterson-Clancy',896)
INSERT INTO TEST VALUES(897,'Julia','Peterson-Clancy',897)
INSERT INTO TEST VALUES(898,'Julia','Peterson-Clancy',898)
INSERT INTO TEST VALUES(899,'Julia','Peterson-Clancy',899)
INSERT INTO TEST VALUES(900,'Julia','Peterson-Clancy',900)
INSERT INTO TEST VALUES(901,'Julia','Peterson-Clancy',901)
INSERT INTO TEST VALUES(902,'Julia','Peterson-Clancy',902)
INSERT INTO TEST VALUES(903,'Julia','Peterson-Clancy',903)
INSERT INTO TEST VALUES(904,'Julia','Peterson-Clancy',904)
INSERT INTO TEST VALUES(905,'Julia','Peterson-Clancy',905)
INSERT INTO TEST VALUES(906,'Julia','Peterson-Clancy',906)
INSERT INTO TEST VALUES(907,'Julia','Peterson-Clancy',907)
INSERT INTO TEST VALUES(908,'Julia','Peterson-Clancy',908)
INSERT INTO TEST VALUES(909,'Julia','Peterson-Clancy',909)
INSERT INTO TEST VALUES(910,'Julia','Peterson-Clancy',910)
INSERT INTO TEST VALUES(911,'Julia','Peterson-Clancy',911)
INSERT INTO TEST VALUES(912,'Julia','Peterson-Clancy',912)
INSERT INTO TEST VALUES(913,'Julia','Peterson-Clancy',913)
INSERT INTO TEST VALUES(914,'Julia','Peterson-Clancy',914)
INSERT INTO TEST VALUES(915,'Julia','Peterson-Clancy',915)
INSERT INTO TEST VALUES(916,'Julia','Peterson-Clancy',916)
INSERT INTO TEST VALUES(917,'Julia','Peterson-Clancy',917)
INSERT INTO TEST VALUES(918,'Julia','Peterson-Clancy',918)
INSERT INTO TEST VALUES(919,'Julia','Peterson-Clancy',919)
INSERT INTO TEST VALUES(920,'Julia','Peterson-Clancy',920)
INSERT INTO TEST VALUES(921,'Julia','Peterson-Clancy',921)
INSERT INTO TEST VALUES(922,'Julia','Peterson-Clancy',922)
INSERT INTO TEST VALUES(923,'Julia','Peterson-Clancy',923)
INSERT INTO TEST VALUES(924,'Julia','Peterson-Clancy',924)
INSERT INTO TEST VALUES(925,'Julia','Peterson-Clancy',925)
INSERT INTO TEST VALUES(926,'Julia','Peterson-Clancy',926)
INSERT INTO TEST VALUES(927,'Julia','Peterson-Clancy',927)
INSERT INTO TEST VALUES(928,'Julia','Peterson-Clancy',928)
INSERT INTO TEST VALUES(929,'Julia','Peterson-Clancy',929)
INSERT INTO TEST VALUES(930,'Julia','Peterson-Clancy',930)
INSERT INTO TEST VALUES(931,'Julia','Peterson-Clancy',931)
INSERT INTO TEST VALUES(932,'Julia','Peterson-Clancy',932)
INSERT INTO TEST VALUES(933,'Julia','Peterson-Clancy',933)
INSERT INTO TEST VALUES(934,'Julia','Peterson-Clancy',934)
INSERT INTO TEST VALUES(935,'Julia','Peterson-Clancy',935)
INSERT INTO TEST VALUES(936,'Julia','Peterson-Clancy',936)
INSERT INTO TEST VALUES(937,'Julia','Peterson-Clancy',937)
INSERT INTO TEST VALUES(938,'Julia','Peterson-Clancy',938)
INSERT INTO TEST VALUES(939,'Julia','Peterson-Clancy',939)
INSERT INTO TEST VALUES(940,'Julia','Peterson-Clancy',940)
INSERT INTO TEST VALUES(941,'Julia','Peterson-Clancy',941)
INSERT INTO TEST VALUES(942,'Julia','Peterson-Clancy',942)
INSERT INTO TEST VALUES(943,'Julia','Peterson-Clancy',943)
INSERT INTO TEST VALUES(944,'Julia','Peterson-Clancy',944)
INSERT INTO TEST VALUES(945,'Julia','Peterson-Clancy',945)
INSERT INTO TEST VALUES(946,'Julia','Peterson-Clancy',946)
INSERT INTO TEST VALUES(947,'Julia','Peterson-Clancy',947)
INSERT INTO TEST VALUES(948,'Julia','Peterson-Clancy',948)
INSERT INTO TEST VALUES(949,'Julia','Peterson-Clancy',949)
INSERT INTO TEST VALUES(950,'Julia','Peterson-Clancy',950)
INSERT INTO TEST VALUES(951,'Julia','Peterson-Clancy',951)
INSERT INTO TEST VALUES(952,'Julia','Peterson-Clancy',952)
INSERT INTO TEST VALUES(953,'Julia','Peterson-Clancy',953)
INSERT INTO TEST VALUES(954,'Julia','Peterson-Clancy',954)
INSERT INTO TEST VALUES(955,'Julia','Peterson-Clancy',955)
INSERT INTO TEST VALUES(956,'Julia','Peterson-Clancy',956)
INSERT INTO TEST VALUES(957,'Julia','Peterson-Clancy',957)
INSERT INTO TEST VALUES(958,'Julia','Peterson-Clancy',958)
INSERT INTO TEST VALUES(959,'Julia','Peterson-Clancy',959)
INSERT INTO TEST VALUES(960,'Julia','Peterson-Clancy',960)
INSERT INTO TEST VALUES(961,'Julia','Peterson-Clancy',961)
INSERT INTO TEST VALUES(962,'Julia','Peterson-Clancy',962)
INSERT INTO TEST VALUES(963,'Julia','Peterson-Clancy',963)
INSERT INTO TEST VALUES(964,'Julia','Peterson-Clancy',964)
INSERT INTO TEST VALUES(965,'Julia','Peterson-Clancy',965)
INSERT INTO TEST VALUES(966,'Julia','Peterson-Clancy',966)
INSERT INTO TEST VALUES(967,'Julia','Peterson-Clancy',967)
INSERT INTO TEST VALUES(968,'Julia','Peterson-Clancy',968)
INSERT INTO TEST VALUES(969,'Julia','Peterson-Clancy',969)
INSERT INTO TEST VALUES(970,'Julia','Peterson-Clancy',970)
INSERT INTO TEST VALUES(971,'Julia','Peterson-Clancy',971)
INSERT INTO TEST VALUES(972,'Julia','Peterson-Clancy',972)
INSERT INTO TEST VALUES(973,'Julia','Peterson-Clancy',973)
INSERT INTO TEST VALUES(974,'Julia','Peterson-Clancy',974)
INSERT INTO TEST VALUES(975,'Julia','Peterson-Clancy',975)
INSERT INTO TEST VALUES(976,'Julia','Peterson-Clancy',976)
INSERT INTO TEST VALUES(977,'Julia','Peterson-Clancy',977)
INSERT INTO TEST VALUES(978,'Julia','Peterson-Clancy',978)
INSERT INTO TEST VALUES(979,'Julia','Peterson-Clancy',979)
INSERT INTO TEST VALUES(980,'Julia','Peterson-Clancy',980)
INSERT INTO TEST VALUES(981,'Julia','Peterson-Clancy',981)
INSERT INTO TEST VALUES(982,'Julia','Peterson-Clancy',982)
INSERT INTO TEST VALUES(983,'Julia','Peterson-Clancy',983)
INSERT INTO TEST VALUES(984,'Julia','Peterson-Clancy',984)
INSERT INTO TEST VALUES(985,'Julia','Peterson-Clancy',985)
INSERT INTO TEST VALUES(986,'Julia','Peterson-Clancy',986)
INSERT INTO TEST VALUES(987,'Julia','Peterson-Clancy',987)
INSERT INTO TEST VALUES(988,'Julia','Peterson-Clancy',988)
INSERT INTO TEST VALUES(989,'Julia','Peterson-Clancy',989)
INSERT INTO TEST VALUES(990,'Julia','Peterson-Clancy',990)
INSERT INTO TEST VALUES(991,'Julia','Peterson-Clancy',991)
INSERT INTO TEST VALUES(992,'Julia','Peterson-Clancy',992)
INSERT INTO TEST VALUES(993,'Julia','Peterson-Clancy',993)
INSERT INTO TEST VALUES(994,'Julia','Peterson-Clancy',994)
INSERT INTO TEST VALUES(995,'Julia','Peterson-Clancy',995)
INSERT INTO TEST VALUES(996,'Julia','Peterson-Clancy',996)
INSERT INTO TEST VALUES(997,'Julia','Peterson-Clancy',997)
INSERT INTO TEST VALUES(998,'Julia','Peterson-Clancy',998)
INSERT INTO TEST VALUES(999,'Julia','Peterson-Clancy',999)
SET AUTOCOMMIT FALSE
DELETE FROM TEST WHERE ID=0
INSERT INTO TEST VALUES(0,'Julia','Hans',0)
SET AUTOCOMMIT TRUE
SET AUTOCOMMIT FALSE
DELETE FROM TEST WHERE ID=1
INSERT INTO TEST VALUES(1,'Julia','Hans',1)
SET AUTOCOMMIT TRUE
SET AUTOCOMMIT FALSE
DELETE FROM TEST WHERE ID=2
INSERT INTO TEST VALUES(2,'Julia','Hans',2)
SET AUTOCOMMIT TRUE
SET AUTOCOMMIT FALSE
DELETE FROM TEST WHERE ID=3
INSERT INTO TEST VALUES(3,'Julia','Hans',3)
SET AUTOCOMMIT TRUE
SET AUTOCOMMIT FALSE
DELETE FROM TEST WHERE ID=4
INSERT INTO TEST VALUES(4,'Julia','Hans',4)
SET AUTOCOMMIT TRUE
SET AUTOCOMMIT FALSE
DELETE FROM TEST WHERE ID=5
INSERT INTO TEST VALUES(5,'Julia','Hans',5)
SET AUTOCOMMIT TRUE
SET AUTOCOMMIT FALSE
DELETE FROM TEST WHERE ID=6
INSERT INTO TEST VALUES(6,'Julia','Hans',6)
SET AUTOCOMMIT TRUE
SET AUTOCOMMIT FALSE
DELETE FROM TEST WHERE ID=7
INSERT INTO TEST VALUES(7,'Julia','Hans',7)
SET AUTOCOMMIT TRUE
SET AUTOCOMMIT FALSE
DELETE FROM TEST WHERE ID=8
INSERT INTO TEST VALUES(8,'Julia','Hans',8)
SET AUTOCOMMIT TRUE
SET AUTOCOMMIT FALSE
DELETE FROM TEST WHERE ID=9
INSERT INTO TEST VALUES(9,'Julia','Hans',9)
SET AUTOCOMMIT TRUE
SET AUTOCOMMIT FALSE
DELETE FROM TEST WHERE ID=10
INSERT INTO TEST VALUES(10,'Julia','Hans',10)
SET AUTOCOMMIT TRUE
SET AUTOCOMMIT FALSE
DELETE FROM TEST WHERE ID=11
INSERT INTO TEST VALUES(11,'Julia','Hans',11)
SET AUTOCOMMIT TRUE
SET AUTOCOMMIT FALSE
DELETE FROM TEST WHERE ID=12
INSERT INTO TEST VALUES(12,'Julia','Hans',12)
SET AUTOCOMMIT TRUE
SET AUTOCOMMIT FALSE
DELETE FROM TEST WHERE ID=13
INSERT INTO TEST VALUES(13,'Julia','Hans',13)
SET AUTOCOMMIT TRUE
SET AUTOCOMMIT FALSE
DELETE FROM TEST WHERE ID=14
INSERT INTO TEST VALUES(14,'Julia','Hans',14)
SET AUTOCOMMIT TRUE
SET AUTOCOMMIT FALSE
DELETE FROM TEST WHERE ID=15
INSERT INTO TEST VALUES(15,'Julia','Hans',15)
SET AUTOCOMMIT TRUE
SET AUTOCOMMIT FALSE
DELETE FROM TEST WHERE ID=16
INSERT INTO TEST VALUES(16,'Julia','Hans',16)
SET AUTOCOMMIT TRUE
SET AUTOCOMMIT FALSE
DELETE FROM TEST WHERE ID=17
INSERT INTO TEST VALUES(17,'Julia','Hans',17)
SET AUTOCOMMIT TRUE
SET AUTOCOMMIT FALSE
DELETE FROM TEST WHERE ID=18
INSERT INTO TEST VALUES(18,'Julia','Hans',18)
SET AUTOCOMMIT TRUE
SET AUTOCOMMIT FALSE
DELETE FROM TEST WHERE ID=19
INSERT INTO TEST VALUES(19,'Julia','Hans',19)
SET AUTOCOMMIT TRUE
SET AUTOCOMMIT FALSE
DELETE FROM TEST WHERE ID=20
INSERT INTO TEST VALUES(20,'Julia','Hans',20)
SET AUTOCOMMIT TRUE
SET AUTOCOMMIT FALSE
DELETE FROM TEST WHERE ID=21
INSERT INTO TEST VALUES(21,'Julia','Hans',21)
SET AUTOCOMMIT TRUE
SET AUTOCOMMIT FALSE
DELETE FROM TEST WHERE ID=22
INSERT INTO TEST VALUES(22,'Julia','Hans',22)
SET AUTOCOMMIT TRUE
SET AUTOCOMMIT FALSE
DELETE FROM TEST WHERE ID=23
INSERT INTO TEST VALUES(23,'Julia','Hans',23)
SET AUTOCOMMIT TRUE
SET AUTOCOMMIT FALSE
DELETE FROM TEST WHERE ID=24
INSERT INTO TEST VALUES(24,'Julia','Hans',24)
SET AUTOCOMMIT TRUE
SET AUTOCOMMIT FALSE
DELETE FROM TEST WHERE ID=25
INSERT INTO TEST VALUES(25,'Julia','Hans',25)
SET AUTOCOMMIT TRUE
SET AUTOCOMMIT FALSE
DELETE FROM TEST WHERE ID=26
INSERT INTO TEST VALUES(26,'Julia','Hans',26)
SET AUTOCOMMIT TRUE
SET AUTOCOMMIT FALSE
DELETE FROM TEST WHERE ID=27
INSERT INTO TEST VALUES(27,'Julia','Hans',27)
SET AUTOCOMMIT TRUE
SET AUTOCOMMIT FALSE
DELETE FROM TEST WHERE ID=28
INSERT INTO TEST VALUES(28,'Julia','Hans',28)
SET AUTOCOMMIT TRUE
SET AUTOCOMMIT FALSE
DELETE FROM TEST WHERE ID=29
INSERT INTO TEST VALUES(29,'Julia','Hans',29)
SET AUTOCOMMIT TRUE
SET AUTOCOMMIT FALSE
DELETE FROM TEST WHERE ID=30
INSERT INTO TEST VALUES(30,'Julia','Hans',30)
SET AUTOCOMMIT TRUE
SET AUTOCOMMIT FALSE
DELETE FROM TEST WHERE ID=31
INSERT INTO TEST VALUES(31,'Julia','Hans',31)
SET AUTOCOMMIT TRUE
SET AUTOCOMMIT FALSE
DELETE FROM TEST WHERE ID=32
INSERT INTO TEST VALUES(32,'Julia','Hans',32)
SET AUTOCOMMIT TRUE
SET AUTOCOMMIT FALSE
DELETE FROM TEST WHERE ID=33
INSERT INTO TEST VALUES(33,'Julia','Hans',33)
SET AUTOCOMMIT TRUE
SET AUTOCOMMIT FALSE
DELETE FROM TEST WHERE ID=34
INSERT INTO TEST VALUES(34,'Julia','Hans',34)
SET AUTOCOMMIT TRUE
SET AUTOCOMMIT FALSE
DELETE FROM TEST WHERE ID=35
INSERT INTO TEST VALUES(35,'Julia','Hans',35)
SET AUTOCOMMIT TRUE
SET AUTOCOMMIT FALSE
DELETE FROM TEST WHERE ID=36
INSERT INTO TEST VALUES(36,'Julia','Hans',36)
SET AUTOCOMMIT TRUE
SET AUTOCOMMIT FALSE
DELETE FROM TEST WHERE ID=37
INSERT INTO TEST VALUES(37,'Julia','Hans',37)
SET AUTOCOMMIT TRUE
SET AUTOCOMMIT FALSE
DELETE FROM TEST WHERE ID=38
INSERT INTO TEST VALUES(38,'Julia','Hans',38)
SET AUTOCOMMIT TRUE
SET AUTOCOMMIT FALSE
DELETE FROM TEST WHERE ID=39
INSERT INTO TEST VALUES(39,'Julia','Hans',39)
SET AUTOCOMMIT TRUE
SET AUTOCOMMIT FALSE
DELETE FROM TEST WHERE ID=40
INSERT INTO TEST VALUES(40,'Julia','Hans',40)
SET AUTOCOMMIT TRUE
SET AUTOCOMMIT FALSE
DELETE FROM TEST WHERE ID=41
INSERT INTO TEST VALUES(41,'Julia','Hans',41)
SET AUTOCOMMIT TRUE
SET AUTOCOMMIT FALSE
DELETE FROM TEST WHERE ID=42
INSERT INTO TEST VALUES(42,'Julia','Hans',42)
SET AUTOCOMMIT TRUE
SET AUTOCOMMIT FALSE
DELETE FROM TEST WHERE ID=43
INSERT INTO TEST VALUES(43,'Julia','Hans',43)
SET AUTOCOMMIT TRUE
SET AUTOCOMMIT FALSE
DELETE FROM TEST WHERE ID=44
INSERT INTO TEST VALUES(44,'Julia','Hans',44)
SET AUTOCOMMIT TRUE
SET AUTOCOMMIT FALSE
DELETE FROM TEST WHERE ID=45
INSERT INTO TEST VALUES(45,'Julia','Hans',45)
SET AUTOCOMMIT TRUE
SET AUTOCOMMIT FALSE
DELETE FROM TEST WHERE ID=46
INSERT INTO TEST VALUES(46,'Julia','Hans',46)
SET AUTOCOMMIT TRUE
SET AUTOCOMMIT FALSE
DELETE FROM TEST WHERE ID=47
INSERT INTO TEST VALUES(47,'Julia','Hans',47)
SET AUTOCOMMIT TRUE
SET AUTOCOMMIT FALSE
DELETE FROM TEST WHERE ID=48
INSERT INTO TEST VALUES(48,'Julia','Hans',48)
SET AUTOCOMMIT TRUE
SET AUTOCOMMIT FALSE
DELETE FROM TEST WHERE ID=49
INSERT INTO TEST VALUES(49,'Julia','Hans',49)
SET AUTOCOMMIT TRUE
SET AUTOCOMMIT FALSE
DELETE FROM TEST WHERE ID=50
INSERT INTO TEST VALUES(50,'Julia','Hans',50)
SET AUTOCOMMIT TRUE
SET AUTOCOMMIT FALSE
DELETE FROM TEST WHERE ID=51
INSERT INTO TEST VALUES(51,'Julia','Hans',51)
SET AUTOCOMMIT TRUE
SET AUTOCOMMIT FALSE
DELETE FROM TEST WHERE ID=52
INSERT INTO TEST VALUES(52,'Julia','Hans',52)
SET AUTOCOMMIT TRUE
SET AUTOCOMMIT FALSE
DELETE FROM TEST WHERE ID=53
INSERT INTO TEST VALUES(53,'Julia','Hans',53)
SET AUTOCOMMIT TRUE
SET AUTOCOMMIT FALSE
DELETE FROM TEST WHERE ID=54
INSERT INTO TEST VALUES(54,'Julia','Hans',54)
SET AUTOCOMMIT TRUE
SET AUTOCOMMIT FALSE
DELETE FROM TEST WHERE ID=55
INSERT INTO TEST VALUES(55,'Julia','Hans',55)
SET AUTOCOMMIT TRUE
SET AUTOCOMMIT FALSE
DELETE FROM TEST WHERE ID=56
INSERT INTO TEST VALUES(56,'Julia','Hans',56)
SET AUTOCOMMIT TRUE
SET AUTOCOMMIT FALSE
DELETE FROM TEST WHERE ID=57
INSERT INTO TEST VALUES(57,'Julia','Hans',57)
SET AUTOCOMMIT TRUE
SET AUTOCOMMIT FALSE
DELETE FROM TEST WHERE ID=58
INSERT INTO TEST VALUES(58,'Julia','Hans',58)
SET AUTOCOMMIT TRUE
SET AUTOCOMMIT FALSE
DELETE FROM TEST WHERE ID=59
INSERT INTO TEST VALUES(59,'Julia','Hans',59)
SET AUTOCOMMIT TRUE
SET AUTOCOMMIT FALSE
DELETE FROM TEST WHERE ID=60
INSERT INTO TEST VALUES(60,'Julia','Hans',60)
SET AUTOCOMMIT TRUE
SET AUTOCOMMIT FALSE
DELETE FROM TEST WHERE ID=61
INSERT INTO TEST VALUES(61,'Julia','Hans',61)
SET AUTOCOMMIT TRUE
SET AUTOCOMMIT FALSE
DELETE FROM TEST WHERE ID=62
INSERT INTO TEST VALUES(62,'Julia','Hans',62)
SET AUTOCOMMIT TRUE
SET AUTOCOMMIT FALSE
DELETE FROM TEST WHERE ID=63
INSERT INTO TEST VALUES(63,'Julia','Hans',63)
SET AUTOCOMMIT TRUE
SET AUTOCOMMIT FALSE
DELETE FROM TEST WHERE ID=64
INSERT INTO TEST VALUES(64,'Julia','Hans',64)
SET AUTOCOMMIT TRUE
SET AUTOCOMMIT FALSE
DELETE FROM TEST WHERE ID=65
INSERT INTO TEST VALUES(65,'Julia','Hans',65)
SET AUTOCOMMIT TRUE
SET AUTOCOMMIT FALSE
DELETE FROM TEST WHERE ID=66
INSERT INTO TEST VALUES(66,'Julia','Hans',66)
SET AUTOCOMMIT TRUE
SET AUTOCOMMIT FALSE
DELETE FROM TEST WHERE ID=67
INSERT INTO TEST VALUES(67,'Julia','Hans',67)
SET AUTOCOMMIT TRUE
SET AUTOCOMMIT FALSE
DELETE FROM TEST WHERE ID=68
INSERT INTO TEST VALUES(68,'Julia','Hans',68)
SET AUTOCOMMIT TRUE
SET AUTOCOMMIT FALSE
DELETE FROM TEST WHERE ID=69
INSERT INTO TEST VALUES(69,'Julia','Hans',69)
SET AUTOCOMMIT TRUE
SET AUTOCOMMIT FALSE
DELETE FROM TEST WHERE ID=70
INSERT INTO TEST VALUES(70,'Julia','Hans',70)
SET AUTOCOMMIT TRUE
SET AUTOCOMMIT FALSE
DELETE FROM TEST WHERE ID=71
INSERT INTO TEST VALUES(71,'Julia','Hans',71)
SET AUTOCOMMIT TRUE
SET AUTOCOMMIT FALSE
DELETE FROM TEST WHERE ID=72
INSERT INTO TEST VALUES(72,'Julia','Hans',72)
SET AUTOCOMMIT TRUE
SET AUTOCOMMIT FALSE
DELETE FROM TEST WHERE ID=73
INSERT INTO TEST VALUES(73,'Julia','Hans',73)
SET AUTOCOMMIT TRUE
SET AUTOCOMMIT FALSE
DELETE FROM TEST WHERE ID=74
INSERT INTO TEST VALUES(74,'Julia','Hans',74)
SET AUTOCOMMIT TRUE
SET AUTOCOMMIT FALSE
DELETE FROM TEST WHERE ID=75
INSERT INTO TEST VALUES(75,'Julia','Hans',75)
SET AUTOCOMMIT TRUE
SET AUTOCOMMIT FALSE
DELETE FROM TEST WHERE ID=76
INSERT INTO TEST VALUES(76,'Julia','Hans',76)
SET AUTOCOMMIT TRUE
SET AUTOCOMMIT FALSE
DELETE FROM TEST WHERE ID=77
INSERT INTO TEST VALUES(77,'Julia','Hans',77)
SET AUTOCOMMIT TRUE
SET AUTOCOMMIT FALSE
DELETE FROM TEST WHERE ID=78
INSERT INTO TEST VALUES(78,'Julia','Hans',78)
SET AUTOCOMMIT TRUE
SET AUTOCOMMIT FALSE
DELETE FROM TEST WHERE ID=79
INSERT INTO TEST VALUES(79,'Julia','Hans',79)
SET AUTOCOMMIT TRUE
SET AUTOCOMMIT FALSE
DELETE FROM TEST WHERE ID=80
INSERT INTO TEST VALUES(80,'Julia','Hans',80)
SET AUTOCOMMIT TRUE
SET AUTOCOMMIT FALSE
DELETE FROM TEST WHERE ID=81
INSERT INTO TEST VALUES(81,'Julia','Hans',81)
SET AUTOCOMMIT TRUE
SET AUTOCOMMIT FALSE
DELETE FROM TEST WHERE ID=82
INSERT INTO TEST VALUES(82,'Julia','Hans',82)
SET AUTOCOMMIT TRUE
SET AUTOCOMMIT FALSE
DELETE FROM TEST WHERE ID=83
INSERT INTO TEST VALUES(83,'Julia','Hans',83)
SET AUTOCOMMIT TRUE
SET AUTOCOMMIT FALSE
DELETE FROM TEST WHERE ID=84
INSERT INTO TEST VALUES(84,'Julia','Hans',84)
SET AUTOCOMMIT TRUE
SET AUTOCOMMIT FALSE
DELETE FROM TEST WHERE ID=85
INSERT INTO TEST VALUES(85,'Julia','Hans',85)
SET AUTOCOMMIT TRUE
SET AUTOCOMMIT FALSE
DELETE FROM TEST WHERE ID=86
INSERT INTO TEST VALUES(86,'Julia','Hans',86)
SET AUTOCOMMIT TRUE
SET AUTOCOMMIT FALSE
DELETE FROM TEST WHERE ID=87
INSERT INTO TEST VALUES(87,'Julia','Hans',87)
SET AUTOCOMMIT TRUE
SET AUTOCOMMIT FALSE
DELETE FROM TEST WHERE ID=88
INSERT INTO TEST VALUES(88,'Julia','Hans',88)
SET AUTOCOMMIT TRUE
SET AUTOCOMMIT FALSE
DELETE FROM TEST WHERE ID=89
INSERT INTO TEST VALUES(89,'Julia','Hans',89)
SET AUTOCOMMIT TRUE
SET AUTOCOMMIT FALSE
DELETE FROM TEST WHERE ID=90
INSERT INTO TEST VALUES(90,'Julia','Hans',90)
SET AUTOCOMMIT TRUE
SET AUTOCOMMIT FALSE
DELETE FROM TEST WHERE ID=91
INSERT INTO TEST VALUES(91,'Julia','Hans',91)
SET AUTOCOMMIT TRUE
SET AUTOCOMMIT FALSE
DELETE FROM TEST WHERE ID=92
INSERT INTO TEST VALUES(92,'Julia','Hans',92)
SET AUTOCOMMIT TRUE
SET AUTOCOMMIT FALSE
DELETE FROM TEST WHERE ID=93
INSERT INTO TEST VALUES(93,'Julia','Hans',93)
SET AUTOCOMMIT TRUE
SET AUTOCOMMIT FALSE
DELETE FROM TEST WHERE ID=94
INSERT INTO TEST VALUES(94,'Julia','Hans',94)
SET AUTOCOMMIT TRUE
SET AUTOCOMMIT FALSE
DELETE FROM TEST WHERE ID=95
INSERT INTO TEST VALUES(95,'Julia','Hans',95)
SET AUTOCOMMIT TRUE
SET AUTOCOMMIT FALSE
DELETE FROM TEST WHERE ID=96
INSERT INTO TEST VALUES(96,'Julia','Hans',96)
SET AUTOCOMMIT TRUE
SET AUTOCOMMIT FALSE
DELETE FROM TEST WHERE ID=97
INSERT INTO TEST VALUES(97,'Julia','Hans',97)
SET AUTOCOMMIT TRUE
SET AUTOCOMMIT FALSE
DELETE FROM TEST WHERE ID=98
INSERT INTO TEST VALUES(98,'Julia','Hans',98)
SET AUTOCOMMIT TRUE
SET AUTOCOMMIT FALSE
DELETE FROM TEST WHERE ID=99
INSERT INTO TEST VALUES(99,'Julia','Hans',99)
SET AUTOCOMMIT TRUE
SET AUTOCOMMIT FALSE
DELETE FROM TEST WHERE ID=100
INSERT INTO TEST VALUES(100,'Julia','Hans',100)
SET AUTOCOMMIT TRUE
SET AUTOCOMMIT FALSE
DELETE FROM TEST WHERE ID=101
INSERT INTO TEST VALUES(101,'Julia','Hans',101)
SET AUTOCOMMIT TRUE
SET AUTOCOMMIT FALSE
DELETE FROM TEST WHERE ID=102
INSERT INTO TEST VALUES(102,'Julia','Hans',102)
SET AUTOCOMMIT TRUE
SET AUTOCOMMIT FALSE
DELETE FROM TEST WHERE ID=103
INSERT INTO TEST VALUES(103,'Julia','Hans',103)
SET AUTOCOMMIT TRUE
SET AUTOCOMMIT FALSE
DELETE FROM TEST WHERE ID=104
INSERT INTO TEST VALUES(104,'Julia','Hans',104)
SET AUTOCOMMIT TRUE
SET AUTOCOMMIT FALSE
DELETE FROM TEST WHERE ID=105
INSERT INTO TEST VALUES(105,'Julia','Hans',105)
SET AUTOCOMMIT TRUE
SET AUTOCOMMIT FALSE
DELETE FROM TEST WHERE ID=106
INSERT INTO TEST VALUES(106,'Julia','Hans',106)
SET AUTOCOMMIT TRUE
SET AUTOCOMMIT FALSE
DELETE FROM TEST WHERE ID=107
INSERT INTO TEST VALUES(107,'Julia','Hans',107)
SET AUTOCOMMIT TRUE
SET AUTOCOMMIT FALSE
DELETE FROM TEST WHERE ID=108
INSERT INTO TEST VALUES(108,'Julia','Hans',108)
SET AUTOCOMMIT TRUE
SET AUTOCOMMIT FALSE
DELETE FROM TEST WHERE ID=109
INSERT INTO TEST VALUES(109,'Julia','Hans',109)
SET AUTOCOMMIT TRUE
SET AUTOCOMMIT FALSE
DELETE FROM TEST WHERE ID=110
INSERT INTO TEST VALUES(110,'Julia','Hans',110)
SET AUTOCOMMIT TRUE
SET AUTOCOMMIT FALSE
DELETE FROM TEST WHERE ID=111
INSERT INTO TEST VALUES(111,'Julia','Hans',111)
SET AUTOCOMMIT TRUE
SET AUTOCOMMIT FALSE
DELETE FROM TEST WHERE ID=112
INSERT INTO TEST VALUES(112,'Julia','Hans',112)
SET AUTOCOMMIT TRUE
SET AUTOCOMMIT FALSE
DELETE FROM TEST WHERE ID=113
INSERT INTO TEST VALUES(113,'Julia','Hans',113)
SET AUTOCOMMIT TRUE
SET AUTOCOMMIT FALSE
DELETE FROM TEST WHERE ID=114
INSERT INTO TEST VALUES(114,'Julia','Hans',114)
SET AUTOCOMMIT TRUE
SET AUTOCOMMIT FALSE
DELETE FROM TEST WHERE ID=115
INSERT INTO TEST VALUES(115,'Julia','Hans',115)
SET AUTOCOMMIT TRUE
SET AUTOCOMMIT FALSE
DELETE FROM TEST WHERE ID=116
INSERT INTO TEST VALUES(116,'Julia','Hans',116)
SET AUTOCOMMIT TRUE
SET AUTOCOMMIT FALSE
DELETE FROM TEST WHERE ID=117
INSERT INTO TEST VALUES(117,'Julia','Hans',117)
SET AUTOCOMMIT TRUE
SET AUTOCOMMIT FALSE
DELETE FROM TEST WHERE ID=118
INSERT INTO TEST VALUES(118,'Julia','Hans',118)
SET AUTOCOMMIT TRUE
SET AUTOCOMMIT FALSE
DELETE FROM TEST WHERE ID=119
INSERT INTO TEST VALUES(119,'Julia','Hans',119)
SET AUTOCOMMIT TRUE
SET AUTOCOMMIT FALSE
DELETE FROM TEST WHERE ID=120
INSERT INTO TEST VALUES(120,'Julia','Hans',120)
SET AUTOCOMMIT TRUE
SET AUTOCOMMIT FALSE
DELETE FROM TEST WHERE ID=121
INSERT INTO TEST VALUES(121,'Julia','Hans',121)
SET AUTOCOMMIT TRUE
SET AUTOCOMMIT FALSE
DELETE FROM TEST WHERE ID=122
INSERT INTO TEST VALUES(122,'Julia','Hans',122)
SET AUTOCOMMIT TRUE
SET AUTOCOMMIT FALSE
DELETE FROM TEST WHERE ID=123
INSERT INTO TEST VALUES(123,'Julia','Hans',123)
SET AUTOCOMMIT TRUE
SET AUTOCOMMIT FALSE
DELETE FROM TEST WHERE ID=124
INSERT INTO TEST VALUES(124,'Julia','Hans',124)
SET AUTOCOMMIT TRUE
SET AUTOCOMMIT FALSE
DELETE FROM TEST WHERE ID=125
INSERT INTO TEST VALUES(125,'Julia','Hans',125)
SET AUTOCOMMIT TRUE
SET AUTOCOMMIT FALSE
DELETE FROM TEST WHERE ID=126
INSERT INTO TEST VALUES(126,'Julia','Hans',126)
SET AUTOCOMMIT TRUE
SET AUTOCOMMIT FALSE
DELETE FROM TEST WHERE ID=127
INSERT INTO TEST VALUES(127,'Julia','Hans',127)
SET AUTOCOMMIT TRUE
SET AUTOCOMMIT FALSE
DELETE FROM TEST WHERE ID=128
INSERT INTO TEST VALUES(128,'Julia','Hans',128)
SET AUTOCOMMIT TRUE
SET AUTOCOMMIT FALSE
DELETE FROM TEST WHERE ID=129
INSERT INTO TEST VALUES(129,'Julia','Hans',129)
SET AUTOCOMMIT TRUE
SET AUTOCOMMIT FALSE
DELETE FROM TEST WHERE ID=130
INSERT INTO TEST VALUES(130,'Julia','Hans',130)
SET AUTOCOMMIT TRUE
SET AUTOCOMMIT FALSE
DELETE FROM TEST WHERE ID=131
INSERT INTO TEST VALUES(131,'Julia','Hans',131)
SET AUTOCOMMIT TRUE
SET AUTOCOMMIT FALSE
DELETE FROM TEST WHERE ID=132
INSERT INTO TEST VALUES(132,'Julia','Hans',132)
SET AUTOCOMMIT TRUE
SET AUTOCOMMIT FALSE
DELETE FROM TEST WHERE ID=133
INSERT INTO TEST VALUES(133,'Julia','Hans',133)
SET AUTOCOMMIT TRUE
SET AUTOCOMMIT FALSE
DELETE FROM TEST WHERE ID=134
INSERT INTO TEST VALUES(134,'Julia','Hans',134)
SET AUTOCOMMIT TRUE
SET AUTOCOMMIT FALSE
DELETE FROM TEST WHERE ID=135
INSERT INTO TEST VALUES(135,'Julia','Hans',135)
SET AUTOCOMMIT TRUE
SET AUTOCOMMIT FALSE
DELETE FROM TEST WHERE ID=136
INSERT INTO TEST VALUES(136,'Julia','Hans',136)
SET AUTOCOMMIT TRUE
SET AUTOCOMMIT FALSE
DELETE FROM TEST WHERE ID=137
INSERT INTO TEST VALUES(137,'Julia','Hans',137)
SET AUTOCOMMIT TRUE
SET AUTOCOMMIT FALSE
DELETE FROM TEST WHERE ID=138
INSERT INTO TEST VALUES(138,'Julia','Hans',138)
SET AUTOCOMMIT TRUE
SET AUTOCOMMIT FALSE
DELETE FROM TEST WHERE ID=139
INSERT INTO TEST VALUES(139,'Julia','Hans',139)
SET AUTOCOMMIT TRUE
SET AUTOCOMMIT FALSE
DELETE FROM TEST WHERE ID=140
INSERT INTO TEST VALUES(140,'Julia','Hans',140)
SET AUTOCOMMIT TRUE
SET AUTOCOMMIT FALSE
DELETE FROM TEST WHERE ID=141
INSERT INTO TEST VALUES(141,'Julia','Hans',141)
SET AUTOCOMMIT TRUE
SET AUTOCOMMIT FALSE
DELETE FROM TEST WHERE ID=142
INSERT INTO TEST VALUES(142,'Julia','Hans',142)
SET AUTOCOMMIT TRUE
SET AUTOCOMMIT FALSE
DELETE FROM TEST WHERE ID=143
INSERT INTO TEST VALUES(143,'Julia','Hans',143)
SET AUTOCOMMIT TRUE
SET AUTOCOMMIT FALSE
DELETE FROM TEST WHERE ID=144
INSERT INTO TEST VALUES(144,'Julia','Hans',144)
SET AUTOCOMMIT TRUE
SET AUTOCOMMIT FALSE
DELETE FROM TEST WHERE ID=145
INSERT INTO TEST VALUES(145,'Julia','Hans',145)
SET AUTOCOMMIT TRUE
SET AUTOCOMMIT FALSE
DELETE FROM TEST WHERE ID=146
INSERT INTO TEST VALUES(146,'Julia','Hans',146)
SET AUTOCOMMIT TRUE
SET AUTOCOMMIT FALSE
DELETE FROM TEST WHERE ID=147
INSERT INTO TEST VALUES(147,'Julia','Hans',147)
SET AUTOCOMMIT TRUE
SET AUTOCOMMIT FALSE
DELETE FROM TEST WHERE ID=148
INSERT INTO TEST VALUES(148,'Julia','Hans',148)
SET AUTOCOMMIT TRUE
SET AUTOCOMMIT FALSE
DELETE FROM TEST WHERE ID=149
INSERT INTO TEST VALUES(149,'Julia','Hans',149)
SET AUTOCOMMIT TRUE
SET AUTOCOMMIT FALSE
DELETE FROM TEST WHERE ID=150
INSERT INTO TEST VALUES(150,'Julia','Hans',150)
SET AUTOCOMMIT TRUE
SET AUTOCOMMIT FALSE
DELETE FROM TEST WHERE ID=151
INSERT INTO TEST VALUES(151,'Julia','Hans',151)
SET AUTOCOMMIT TRUE
SET AUTOCOMMIT FALSE
DELETE FROM TEST WHERE ID=152
INSERT INTO TEST VALUES(152,'Julia','Hans',152)
SET AUTOCOMMIT TRUE
SET AUTOCOMMIT FALSE
DELETE FROM TEST WHERE ID=153
INSERT INTO TEST VALUES(153,'Julia','Hans',153)
SET AUTOCOMMIT TRUE
SET AUTOCOMMIT FALSE
DELETE FROM TEST WHERE ID=154
INSERT INTO TEST VALUES(154,'Julia','Hans',154)
SET AUTOCOMMIT TRUE
SET AUTOCOMMIT FALSE
DELETE FROM TEST WHERE ID=155
INSERT INTO TEST VALUES(155,'Julia','Hans',155)
SET AUTOCOMMIT TRUE
SET AUTOCOMMIT FALSE
DELETE FROM TEST WHERE ID=156
INSERT INTO TEST VALUES(156,'Julia','Hans',156)
SET AUTOCOMMIT TRUE
SET AUTOCOMMIT FALSE
DELETE FROM TEST WHERE ID=157
INSERT INTO TEST VALUES(157,'Julia','Hans',157)
SET AUTOCOMMIT TRUE
SET AUTOCOMMIT FALSE
DELETE FROM TEST WHERE ID=158
INSERT INTO TEST VALUES(158,'Julia','Hans',158)
SET AUTOCOMMIT TRUE
SET AUTOCOMMIT FALSE
DELETE FROM TEST WHERE ID=159
INSERT INTO TEST VALUES(159,'Julia','Hans',159)
SET AUTOCOMMIT TRUE
SET AUTOCOMMIT FALSE
DELETE FROM TEST WHERE ID=160
INSERT INTO TEST VALUES(160,'Julia','Hans',160)
SET AUTOCOMMIT TRUE
SET AUTOCOMMIT FALSE
DELETE FROM TEST WHERE ID=161
INSERT INTO TEST VALUES(161,'Julia','Hans',161)
SET AUTOCOMMIT TRUE
SET AUTOCOMMIT FALSE
DELETE FROM TEST WHERE ID=162
INSERT INTO TEST VALUES(162,'Julia','Hans',162)
SET AUTOCOMMIT TRUE
SET AUTOCOMMIT FALSE
DELETE FROM TEST WHERE ID=163
INSERT INTO TEST VALUES(163,'Julia','Hans',163)
SET AUTOCOMMIT TRUE
SET AUTOCOMMIT FALSE
DELETE FROM TEST WHERE ID=164
INSERT INTO TEST VALUES(164,'Julia','Hans',164)
SET AUTOCOMMIT TRUE
SET AUTOCOMMIT FALSE
DELETE FROM TEST WHERE ID=165
INSERT INTO TEST VALUES(165,'Julia','Hans',165)
SET AUTOCOMMIT TRUE
SET AUTOCOMMIT FALSE
DELETE FROM TEST WHERE ID=166
INSERT INTO TEST VALUES(166,'Julia','Hans',166)
SET AUTOCOMMIT TRUE
SET AUTOCOMMIT FALSE
DELETE FROM TEST WHERE ID=167
INSERT INTO TEST VALUES(167,'Julia','Hans',167)
SET AUTOCOMMIT TRUE
SET AUTOCOMMIT FALSE
DELETE FROM TEST WHERE ID=168
INSERT INTO TEST VALUES(168,'Julia','Hans',168)
SET AUTOCOMMIT TRUE
SET AUTOCOMMIT FALSE
DELETE FROM TEST WHERE ID=169
INSERT INTO TEST VALUES(169,'Julia','Hans',169)
SET AUTOCOMMIT TRUE
SET AUTOCOMMIT FALSE
DELETE FROM TEST WHERE ID=170
INSERT INTO TEST VALUES(170,'Julia','Hans',170)
SET AUTOCOMMIT TRUE
SET AUTOCOMMIT FALSE
DELETE FROM TEST WHERE ID=171
INSERT INTO TEST VALUES(171,'Julia','Hans',171)
SET AUTOCOMMIT TRUE
SET AUTOCOMMIT FALSE
DELETE FROM TEST WHERE ID=172
INSERT INTO TEST VALUES(172,'Julia','Hans',172)
SET AUTOCOMMIT TRUE
SET AUTOCOMMIT FALSE
DELETE FROM TEST WHERE ID=173
INSERT INTO TEST VALUES(173,'Julia','Hans',173)
SET AUTOCOMMIT TRUE
SET AUTOCOMMIT FALSE
DELETE FROM TEST WHERE ID=174
INSERT INTO TEST VALUES(174,'Julia','Hans',174)
SET AUTOCOMMIT TRUE
SET AUTOCOMMIT FALSE
DELETE FROM TEST WHERE ID=175
INSERT INTO TEST VALUES(175,'Julia','Hans',175)
SET AUTOCOMMIT TRUE
SET AUTOCOMMIT FALSE
DELETE FROM TEST WHERE ID=176
INSERT INTO TEST VALUES(176,'Julia','Hans',176)
SET AUTOCOMMIT TRUE
SET AUTOCOMMIT FALSE
DELETE FROM TEST WHERE ID=177
INSERT INTO TEST VALUES(177,'Julia','Hans',177)
SET AUTOCOMMIT TRUE
SET AUTOCOMMIT FALSE
DELETE FROM TEST WHERE ID=178
INSERT INTO TEST VALUES(178,'Julia','Hans',178)
SET AUTOCOMMIT TRUE
SET AUTOCOMMIT FALSE
DELETE FROM TEST WHERE ID=179
INSERT INTO TEST VALUES(179,'Julia','Hans',179)
SET AUTOCOMMIT TRUE
SET AUTOCOMMIT FALSE
DELETE FROM TEST WHERE ID=180
INSERT INTO TEST VALUES(180,'Julia','Hans',180)
SET AUTOCOMMIT TRUE
SET AUTOCOMMIT FALSE
DELETE FROM TEST WHERE ID=181
INSERT INTO TEST VALUES(181,'Julia','Hans',181)
SET AUTOCOMMIT TRUE
SET AUTOCOMMIT FALSE
DELETE FROM TEST WHERE ID=182
INSERT INTO TEST VALUES(182,'Julia','Hans',182)
SET AUTOCOMMIT TRUE
SET AUTOCOMMIT FALSE
DELETE FROM TEST WHERE ID=183
INSERT INTO TEST VALUES(183,'Julia','Hans',183)
SET AUTOCOMMIT TRUE
SET AUTOCOMMIT FALSE
DELETE FROM TEST WHERE ID=184
INSERT INTO TEST VALUES(184,'Julia','Hans',184)
SET AUTOCOMMIT TRUE
SET AUTOCOMMIT FALSE
DELETE FROM TEST WHERE ID=185
INSERT INTO TEST VALUES(185,'Julia','Hans',185)
SET AUTOCOMMIT TRUE
SET AUTOCOMMIT FALSE
DELETE FROM TEST WHERE ID=186
INSERT INTO TEST VALUES(186,'Julia','Hans',186)
SET AUTOCOMMIT TRUE
SET AUTOCOMMIT FALSE
DELETE FROM TEST WHERE ID=187
INSERT INTO TEST VALUES(187,'Julia','Hans',187)
SET AUTOCOMMIT TRUE
SET AUTOCOMMIT FALSE
DELETE FROM TEST WHERE ID=188
INSERT INTO TEST VALUES(188,'Julia','Hans',188)
SET AUTOCOMMIT TRUE
SET AUTOCOMMIT FALSE
DELETE FROM TEST WHERE ID=189
INSERT INTO TEST VALUES(189,'Julia','Hans',189)
SET AUTOCOMMIT TRUE
SET AUTOCOMMIT FALSE
DELETE FROM TEST WHERE ID=190
INSERT INTO TEST VALUES(190,'Julia','Hans',190)
SET AUTOCOMMIT TRUE
SET AUTOCOMMIT FALSE
DELETE FROM TEST WHERE ID=191
INSERT INTO TEST VALUES(191,'Julia','Hans',191)
SET AUTOCOMMIT TRUE
SET AUTOCOMMIT FALSE
DELETE FROM TEST WHERE ID=192
INSERT INTO TEST VALUES(192,'Julia','Hans',192)
SET AUTOCOMMIT TRUE
SET AUTOCOMMIT FALSE
DELETE FROM TEST WHERE ID=193
INSERT INTO TEST VALUES(193,'Julia','Hans',193)
SET AUTOCOMMIT TRUE
SET AUTOCOMMIT FALSE
DELETE FROM TEST WHERE ID=194
INSERT INTO TEST VALUES(194,'Julia','Hans',194)
SET AUTOCOMMIT TRUE
SET AUTOCOMMIT FALSE
DELETE FROM TEST WHERE ID=195
INSERT INTO TEST VALUES(195,'Julia','Hans',195)
SET AUTOCOMMIT TRUE
SET AUTOCOMMIT FALSE
DELETE FROM TEST WHERE ID=196
INSERT INTO TEST VALUES(196,'Julia','Hans',196)
SET AUTOCOMMIT TRUE
SET AUTOCOMMIT FALSE
DELETE FROM TEST WHERE ID=197
INSERT INTO TEST VALUES(197,'Julia','Hans',197)
SET AUTOCOMMIT TRUE
SET AUTOCOMMIT FALSE
DELETE FROM TEST WHERE ID=198
INSERT INTO TEST VALUES(198,'Julia','Hans',198)
SET AUTOCOMMIT TRUE
SET AUTOCOMMIT FALSE
DELETE FROM TEST WHERE ID=199
INSERT INTO TEST VALUES(199,'Julia','Hans',199)
SET AUTOCOMMIT TRUE
SET AUTOCOMMIT FALSE
DELETE FROM TEST WHERE ID=200
INSERT INTO TEST VALUES(200,'Julia','Hans',200)
SET AUTOCOMMIT TRUE
SET AUTOCOMMIT FALSE
DELETE FROM TEST WHERE ID=201
INSERT INTO TEST VALUES(201,'Julia','Hans',201)
SET AUTOCOMMIT TRUE
SET AUTOCOMMIT FALSE
DELETE FROM TEST WHERE ID=202
INSERT INTO TEST VALUES(202,'Julia','Hans',202)
SET AUTOCOMMIT TRUE
SET AUTOCOMMIT FALSE
DELETE FROM TEST WHERE ID=203
INSERT INTO TEST VALUES(203,'Julia','Hans',203)
SET AUTOCOMMIT TRUE
SET AUTOCOMMIT FALSE
DELETE FROM TEST WHERE ID=204
INSERT INTO TEST VALUES(204,'Julia','Hans',204)
SET AUTOCOMMIT TRUE
SET AUTOCOMMIT FALSE
DELETE FROM TEST WHERE ID=205
INSERT INTO TEST VALUES(205,'Julia','Hans',205)
SET AUTOCOMMIT TRUE
SET AUTOCOMMIT FALSE
DELETE FROM TEST WHERE ID=206
INSERT INTO TEST VALUES(206,'Julia','Hans',206)
SET AUTOCOMMIT TRUE
SET AUTOCOMMIT FALSE
DELETE FROM TEST WHERE ID=207
INSERT INTO TEST VALUES(207,'Julia','Hans',207)
SET AUTOCOMMIT TRUE
SET AUTOCOMMIT FALSE
DELETE FROM TEST WHERE ID=208
INSERT INTO TEST VALUES(208,'Julia','Hans',208)
SET AUTOCOMMIT TRUE
SET AUTOCOMMIT FALSE
DELETE FROM TEST WHERE ID=209
INSERT INTO TEST VALUES(209,'Julia','Hans',209)
SET AUTOCOMMIT TRUE
SET AUTOCOMMIT FALSE
DELETE FROM TEST WHERE ID=210
INSERT INTO TEST VALUES(210,'Julia','Hans',210)
SET AUTOCOMMIT TRUE
SET AUTOCOMMIT FALSE
DELETE FROM TEST WHERE ID=211
INSERT INTO TEST VALUES(211,'Julia','Hans',211)
SET AUTOCOMMIT TRUE
SET AUTOCOMMIT FALSE
DELETE FROM TEST WHERE ID=212
INSERT INTO TEST VALUES(212,'Julia','Hans',212)
SET AUTOCOMMIT TRUE
SET AUTOCOMMIT FALSE
DELETE FROM TEST WHERE ID=213
INSERT INTO TEST VALUES(213,'Julia','Hans',213)
SET AUTOCOMMIT TRUE
SET AUTOCOMMIT FALSE
DELETE FROM TEST WHERE ID=214
INSERT INTO TEST VALUES(214,'Julia','Hans',214)
SET AUTOCOMMIT TRUE
SET AUTOCOMMIT FALSE
DELETE FROM TEST WHERE ID=215
INSERT INTO TEST VALUES(215,'Julia','Hans',215)
SET AUTOCOMMIT TRUE
SET AUTOCOMMIT FALSE
DELETE FROM TEST WHERE ID=216
INSERT INTO TEST VALUES(216,'Julia','Hans',216)
SET AUTOCOMMIT TRUE
SET AUTOCOMMIT FALSE
DELETE FROM TEST WHERE ID=217
INSERT INTO TEST VALUES(217,'Julia','Hans',217)
SET AUTOCOMMIT TRUE
SET AUTOCOMMIT FALSE
DELETE FROM TEST WHERE ID=218
INSERT INTO TEST VALUES(218,'Julia','Hans',218)
SET AUTOCOMMIT TRUE
SET AUTOCOMMIT FALSE
DELETE FROM TEST WHERE ID=219
INSERT INTO TEST VALUES(219,'Julia','Hans',219)
SET AUTOCOMMIT TRUE
SET AUTOCOMMIT FALSE
DELETE FROM TEST WHERE ID=220
INSERT INTO TEST VALUES(220,'Julia','Hans',220)
SET AUTOCOMMIT TRUE
SET AUTOCOMMIT FALSE
DELETE FROM TEST WHERE ID=221
INSERT INTO TEST VALUES(221,'Julia','Hans',221)
SET AUTOCOMMIT TRUE
SET AUTOCOMMIT FALSE
DELETE FROM TEST WHERE ID=222
INSERT INTO TEST VALUES(222,'Julia','Hans',222)
SET AUTOCOMMIT TRUE
SET AUTOCOMMIT FALSE
DELETE FROM TEST WHERE ID=223
INSERT INTO TEST VALUES(223,'Julia','Hans',223)
SET AUTOCOMMIT TRUE
SET AUTOCOMMIT FALSE
DELETE FROM TEST WHERE ID=224
INSERT INTO TEST VALUES(224,'Julia','Hans',224)
SET AUTOCOMMIT TRUE
SET AUTOCOMMIT FALSE
DELETE FROM TEST WHERE ID=225
INSERT INTO TEST VALUES(225,'Julia','Hans',225)
SET AUTOCOMMIT TRUE
SET AUTOCOMMIT FALSE
DELETE FROM TEST WHERE ID=226
INSERT INTO TEST VALUES(226,'Julia','Hans',226)
SET AUTOCOMMIT TRUE
SET AUTOCOMMIT FALSE
DELETE FROM TEST WHERE ID=227
INSERT INTO TEST VALUES(227,'Julia','Hans',227)
SET AUTOCOMMIT TRUE
SET AUTOCOMMIT FALSE
DELETE FROM TEST WHERE ID=228
INSERT INTO TEST VALUES(228,'Julia','Hans',228)
SET AUTOCOMMIT TRUE
SET AUTOCOMMIT FALSE
DELETE FROM TEST WHERE ID=229
INSERT INTO TEST VALUES(229,'Julia','Hans',229)
SET AUTOCOMMIT TRUE
SET AUTOCOMMIT FALSE
DELETE FROM TEST WHERE ID=230
INSERT INTO TEST VALUES(230,'Julia','Hans',230)
SET AUTOCOMMIT TRUE
SET AUTOCOMMIT FALSE
DELETE FROM TEST WHERE ID=231
INSERT INTO TEST VALUES(231,'Julia','Hans',231)
SET AUTOCOMMIT TRUE
SET AUTOCOMMIT FALSE
DELETE FROM TEST WHERE ID=232
INSERT INTO TEST VALUES(232,'Julia','Hans',232)
SET AUTOCOMMIT TRUE
SET AUTOCOMMIT FALSE
DELETE FROM TEST WHERE ID=233
INSERT INTO TEST VALUES(233,'Julia','Hans',233)
SET AUTOCOMMIT TRUE
SET AUTOCOMMIT FALSE
DELETE FROM TEST WHERE ID=234
INSERT INTO TEST VALUES(234,'Julia','Hans',234)
SET AUTOCOMMIT TRUE
SET AUTOCOMMIT FALSE
DELETE FROM TEST WHERE ID=235
INSERT INTO TEST VALUES(235,'Julia','Hans',235)
SET AUTOCOMMIT TRUE
SET AUTOCOMMIT FALSE
DELETE FROM TEST WHERE ID=236
INSERT INTO TEST VALUES(236,'Julia','Hans',236)
SET AUTOCOMMIT TRUE
SET AUTOCOMMIT FALSE
DELETE FROM TEST WHERE ID=237
INSERT INTO TEST VALUES(237,'Julia','Hans',237)
SET AUTOCOMMIT TRUE
SET AUTOCOMMIT FALSE
DELETE FROM TEST WHERE ID=238
INSERT INTO TEST VALUES(238,'Julia','Hans',238)
SET AUTOCOMMIT TRUE
SET AUTOCOMMIT FALSE
DELETE FROM TEST WHERE ID=239
INSERT INTO TEST VALUES(239,'Julia','Hans',239)
SET AUTOCOMMIT TRUE
SET AUTOCOMMIT FALSE
DELETE FROM TEST WHERE ID=240
INSERT INTO TEST VALUES(240,'Julia','Hans',240)
SET AUTOCOMMIT TRUE
SET AUTOCOMMIT FALSE
DELETE FROM TEST WHERE ID=241
INSERT INTO TEST VALUES(241,'Julia','Hans',241)
SET AUTOCOMMIT TRUE
SET AUTOCOMMIT FALSE
DELETE FROM TEST WHERE ID=242
INSERT INTO TEST VALUES(242,'Julia','Hans',242)
SET AUTOCOMMIT TRUE
SET AUTOCOMMIT FALSE
DELETE FROM TEST WHERE ID=243
INSERT INTO TEST VALUES(243,'Julia','Hans',243)
SET AUTOCOMMIT TRUE
SET AUTOCOMMIT FALSE
DELETE FROM TEST WHERE ID=244
INSERT INTO TEST VALUES(244,'Julia','Hans',244)
SET AUTOCOMMIT TRUE
SET AUTOCOMMIT FALSE
DELETE FROM TEST WHERE ID=245
INSERT INTO TEST VALUES(245,'Julia','Hans',245)
SET AUTOCOMMIT TRUE
SET AUTOCOMMIT FALSE
DELETE FROM TEST WHERE ID=246
INSERT INTO TEST VALUES(246,'Julia','Hans',246)
SET AUTOCOMMIT TRUE
SET AUTOCOMMIT FALSE
DELETE FROM TEST WHERE ID=247
INSERT INTO TEST VALUES(247,'Julia','Hans',247)
SET AUTOCOMMIT TRUE
SET AUTOCOMMIT FALSE
DELETE FROM TEST WHERE ID=248
INSERT INTO TEST VALUES(248,'Julia','Hans',248)
SET AUTOCOMMIT TRUE
SET AUTOCOMMIT FALSE
DELETE FROM TEST WHERE ID=249
INSERT INTO TEST VALUES(249,'Julia','Hans',249)
SET AUTOCOMMIT TRUE
SET AUTOCOMMIT FALSE
DELETE FROM TEST WHERE ID=250
INSERT INTO TEST VALUES(250,'Julia','Hans',250)
SET AUTOCOMMIT TRUE
SET AUTOCOMMIT FALSE
DELETE FROM TEST WHERE ID=251
INSERT INTO TEST VALUES(251,'Julia','Hans',251)
SET AUTOCOMMIT TRUE
SET AUTOCOMMIT FALSE
DELETE FROM TEST WHERE ID=252
INSERT INTO TEST VALUES(252,'Julia','Hans',252)
SET AUTOCOMMIT TRUE
SET AUTOCOMMIT FALSE
DELETE FROM TEST WHERE ID=253
INSERT INTO TEST VALUES(253,'Julia','Hans',253)
SET AUTOCOMMIT TRUE
SET AUTOCOMMIT FALSE
DELETE FROM TEST WHERE ID=254
INSERT INTO TEST VALUES(254,'Julia','Hans',254)
SET AUTOCOMMIT TRUE
SET AUTOCOMMIT FALSE
DELETE FROM TEST WHERE ID=255
INSERT INTO TEST VALUES(255,'Julia','Hans',255)
SET AUTOCOMMIT TRUE
SET AUTOCOMMIT FALSE
DELETE FROM TEST WHERE ID=256
INSERT INTO TEST VALUES(256,'Julia','Hans',256)
SET AUTOCOMMIT TRUE
SET AUTOCOMMIT FALSE
DELETE FROM TEST WHERE ID=257
INSERT INTO TEST VALUES(257,'Julia','Hans',257)
SET AUTOCOMMIT TRUE
SET AUTOCOMMIT FALSE
DELETE FROM TEST WHERE ID=258
INSERT INTO TEST VALUES(258,'Julia','Hans',258)
SET AUTOCOMMIT TRUE
SET AUTOCOMMIT FALSE
DELETE FROM TEST WHERE ID=259
INSERT INTO TEST VALUES(259,'Julia','Hans',259)
SET AUTOCOMMIT TRUE
SET AUTOCOMMIT FALSE
DELETE FROM TEST WHERE ID=260
INSERT INTO TEST VALUES(260,'Julia','Hans',260)
SET AUTOCOMMIT TRUE
SET AUTOCOMMIT FALSE
DELETE FROM TEST WHERE ID=261
INSERT INTO TEST VALUES(261,'Julia','Hans',261)
SET AUTOCOMMIT TRUE
SET AUTOCOMMIT FALSE
DELETE FROM TEST WHERE ID=262
INSERT INTO TEST VALUES(262,'Julia','Hans',262)
SET AUTOCOMMIT TRUE
SET AUTOCOMMIT FALSE
DELETE FROM TEST WHERE ID=263
INSERT INTO TEST VALUES(263,'Julia','Hans',263)
SET AUTOCOMMIT TRUE
SET AUTOCOMMIT FALSE
DELETE FROM TEST WHERE ID=264
INSERT INTO TEST VALUES(264,'Julia','Hans',264)
SET AUTOCOMMIT TRUE
SET AUTOCOMMIT FALSE
DELETE FROM TEST WHERE ID=265
INSERT INTO TEST VALUES(265,'Julia','Hans',265)
SET AUTOCOMMIT TRUE
SET AUTOCOMMIT FALSE
DELETE FROM TEST WHERE ID=266
INSERT INTO TEST VALUES(266,'Julia','Hans',266)
SET AUTOCOMMIT TRUE
SET AUTOCOMMIT FALSE
DELETE FROM TEST WHERE ID=267
INSERT INTO TEST VALUES(267,'Julia','Hans',267)
SET AUTOCOMMIT TRUE
SET AUTOCOMMIT FALSE
DELETE FROM TEST WHERE ID=268
INSERT INTO TEST VALUES(268,'Julia','Hans',268)
SET AUTOCOMMIT TRUE
SET AUTOCOMMIT FALSE
DELETE FROM TEST WHERE ID=269
INSERT INTO TEST VALUES(269,'Julia','Hans',269)
SET AUTOCOMMIT TRUE
SET AUTOCOMMIT FALSE
DELETE FROM TEST WHERE ID=270
INSERT INTO TEST VALUES(270,'Julia','Hans',270)
SET AUTOCOMMIT TRUE
SET AUTOCOMMIT FALSE
DELETE FROM TEST WHERE ID=271
INSERT INTO TEST VALUES(271,'Julia','Hans',271)
SET AUTOCOMMIT TRUE
SET AUTOCOMMIT FALSE
DELETE FROM TEST WHERE ID=272
INSERT INTO TEST VALUES(272,'Julia','Hans',272)
SET AUTOCOMMIT TRUE
SET AUTOCOMMIT FALSE
DELETE FROM TEST WHERE ID=273
INSERT INTO TEST VALUES(273,'Julia','Hans',273)
SET AUTOCOMMIT TRUE
SET AUTOCOMMIT FALSE
DELETE FROM TEST WHERE ID=274
INSERT INTO TEST VALUES(274,'Julia','Hans',274)
SET AUTOCOMMIT TRUE
SET AUTOCOMMIT FALSE
DELETE FROM TEST WHERE ID=275
INSERT INTO TEST VALUES(275,'Julia','Hans',275)
SET AUTOCOMMIT TRUE
SET AUTOCOMMIT FALSE
DELETE FROM TEST WHERE ID=276
INSERT INTO TEST VALUES(276,'Julia','Hans',276)
SET AUTOCOMMIT TRUE
SET AUTOCOMMIT FALSE
DELETE FROM TEST WHERE ID=277
INSERT INTO TEST VALUES(277,'Julia','Hans',277)
SET AUTOCOMMIT TRUE
SET AUTOCOMMIT FALSE
DELETE FROM TEST WHERE ID=278
INSERT INTO TEST VALUES(278,'Julia','Hans',278)
SET AUTOCOMMIT TRUE
SET AUTOCOMMIT FALSE
DELETE FROM TEST WHERE ID=279
INSERT INTO TEST VALUES(279,'Julia','Hans',279)
SET AUTOCOMMIT TRUE
SET AUTOCOMMIT FALSE
DELETE FROM TEST WHERE ID=280
INSERT INTO TEST VALUES(280,'Julia','Hans',280)
SET AUTOCOMMIT TRUE
SET AUTOCOMMIT FALSE
DELETE FROM TEST WHERE ID=281
INSERT INTO TEST VALUES(281,'Julia','Hans',281)
SET AUTOCOMMIT TRUE
SET AUTOCOMMIT FALSE
DELETE FROM TEST WHERE ID=282
INSERT INTO TEST VALUES(282,'Julia','Hans',282)
SET AUTOCOMMIT TRUE
SET AUTOCOMMIT FALSE
DELETE FROM TEST WHERE ID=283
INSERT INTO TEST VALUES(283,'Julia','Hans',283)
SET AUTOCOMMIT TRUE
SET AUTOCOMMIT FALSE
DELETE FROM TEST WHERE ID=284
INSERT INTO TEST VALUES(284,'Julia','Hans',284)
SET AUTOCOMMIT TRUE
SET AUTOCOMMIT FALSE
DELETE FROM TEST WHERE ID=285
INSERT INTO TEST VALUES(285,'Julia','Hans',285)
SET AUTOCOMMIT TRUE
SET AUTOCOMMIT FALSE
DELETE FROM TEST WHERE ID=286
INSERT INTO TEST VALUES(286,'Julia','Hans',286)
SET AUTOCOMMIT TRUE
SET AUTOCOMMIT FALSE
DELETE FROM TEST WHERE ID=287
INSERT INTO TEST VALUES(287,'Julia','Hans',287)
SET AUTOCOMMIT TRUE
SET AUTOCOMMIT FALSE
DELETE FROM TEST WHERE ID=288
INSERT INTO TEST VALUES(288,'Julia','Hans',288)
SET AUTOCOMMIT TRUE
SET AUTOCOMMIT FALSE
DELETE FROM TEST WHERE ID=289
INSERT INTO TEST VALUES(289,'Julia','Hans',289)
SET AUTOCOMMIT TRUE
SET AUTOCOMMIT FALSE
DELETE FROM TEST WHERE ID=290
INSERT INTO TEST VALUES(290,'Julia','Hans',290)
SET AUTOCOMMIT TRUE
SET AUTOCOMMIT FALSE
DELETE FROM TEST WHERE ID=291
INSERT INTO TEST VALUES(291,'Julia','Hans',291)
SET AUTOCOMMIT TRUE
SET AUTOCOMMIT FALSE
DELETE FROM TEST WHERE ID=292
INSERT INTO TEST VALUES(292,'Julia','Hans',292)
SET AUTOCOMMIT TRUE
SET AUTOCOMMIT FALSE
DELETE FROM TEST WHERE ID=293
INSERT INTO TEST VALUES(293,'Julia','Hans',293)
SET AUTOCOMMIT TRUE
SET AUTOCOMMIT FALSE
DELETE FROM TEST WHERE ID=294
INSERT INTO TEST VALUES(294,'Julia','Hans',294)
SET AUTOCOMMIT TRUE
SET AUTOCOMMIT FALSE
DELETE FROM TEST WHERE ID=295
INSERT INTO TEST VALUES(295,'Julia','Hans',295)
SET AUTOCOMMIT TRUE
SET AUTOCOMMIT FALSE
DELETE FROM TEST WHERE ID=296
INSERT INTO TEST VALUES(296,'Julia','Hans',296)
SET AUTOCOMMIT TRUE
SET AUTOCOMMIT FALSE
DELETE FROM TEST WHERE ID=297
INSERT INTO TEST VALUES(297,'Julia','Hans',297)
SET AUTOCOMMIT TRUE
SET AUTOCOMMIT FALSE
DELETE FROM TEST WHERE ID=298
INSERT INTO TEST VALUES(298,'Julia','Hans',298)
SET AUTOCOMMIT TRUE
SET AUTOCOMMIT FALSE
DELETE FROM TEST WHERE ID=299
INSERT INTO TEST VALUES(299,'Julia','Hans',299)
SET AUTOCOMMIT TRUE
SET AUTOCOMMIT FALSE
DELETE FROM TEST WHERE ID=300
INSERT INTO TEST VALUES(300,'Julia','Hans',300)
SET AUTOCOMMIT TRUE
SET AUTOCOMMIT FALSE
DELETE FROM TEST WHERE ID=301
INSERT INTO TEST VALUES(301,'Julia','Hans',301)
SET AUTOCOMMIT TRUE
SET AUTOCOMMIT FALSE
DELETE FROM TEST WHERE ID=302
INSERT INTO TEST VALUES(302,'Julia','Hans',302)
SET AUTOCOMMIT TRUE
SET AUTOCOMMIT FALSE
DELETE FROM TEST WHERE ID=303
INSERT INTO TEST VALUES(303,'Julia','Hans',303)
SET AUTOCOMMIT TRUE
SET AUTOCOMMIT FALSE
DELETE FROM TEST WHERE ID=304
INSERT INTO TEST VALUES(304,'Julia','Hans',304)
SET AUTOCOMMIT TRUE
SET AUTOCOMMIT FALSE
DELETE FROM TEST WHERE ID=305
INSERT INTO TEST VALUES(305,'Julia','Hans',305)
SET AUTOCOMMIT TRUE
SET AUTOCOMMIT FALSE
DELETE FROM TEST WHERE ID=306
INSERT INTO TEST VALUES(306,'Julia','Hans',306)
SET AUTOCOMMIT TRUE
SET AUTOCOMMIT FALSE
DELETE FROM TEST WHERE ID=307
INSERT INTO TEST VALUES(307,'Julia','Hans',307)
SET AUTOCOMMIT TRUE
SET AUTOCOMMIT FALSE
DELETE FROM TEST WHERE ID=308
INSERT INTO TEST VALUES(308,'Julia','Hans',308)
SET AUTOCOMMIT TRUE
SET AUTOCOMMIT FALSE
DELETE FROM TEST WHERE ID=309
INSERT INTO TEST VALUES(309,'Julia','Hans',309)
SET AUTOCOMMIT TRUE
SET AUTOCOMMIT FALSE
DELETE FROM TEST WHERE ID=310
INSERT INTO TEST VALUES(310,'Julia','Hans',310)
SET AUTOCOMMIT TRUE
SET AUTOCOMMIT FALSE
DELETE FROM TEST WHERE ID=311
INSERT INTO TEST VALUES(311,'Julia','Hans',311)
SET AUTOCOMMIT TRUE
SET AUTOCOMMIT FALSE
DELETE FROM TEST WHERE ID=312
INSERT INTO TEST VALUES(312,'Julia','Hans',312)
SET AUTOCOMMIT TRUE
SET AUTOCOMMIT FALSE
DELETE FROM TEST WHERE ID=313
INSERT INTO TEST VALUES(313,'Julia','Hans',313)
SET AUTOCOMMIT TRUE
SET AUTOCOMMIT FALSE
DELETE FROM TEST WHERE ID=314
INSERT INTO TEST VALUES(314,'Julia','Hans',314)
SET AUTOCOMMIT TRUE
SET AUTOCOMMIT FALSE
DELETE FROM TEST WHERE ID=315
INSERT INTO TEST VALUES(315,'Julia','Hans',315)
SET AUTOCOMMIT TRUE
SET AUTOCOMMIT FALSE
DELETE FROM TEST WHERE ID=316
INSERT INTO TEST VALUES(316,'Julia','Hans',316)
SET AUTOCOMMIT TRUE
SET AUTOCOMMIT FALSE
DELETE FROM TEST WHERE ID=317
INSERT INTO TEST VALUES(317,'Julia','Hans',317)
SET AUTOCOMMIT TRUE
SET AUTOCOMMIT FALSE
DELETE FROM TEST WHERE ID=318
INSERT INTO TEST VALUES(318,'Julia','Hans',318)
SET AUTOCOMMIT TRUE
SET AUTOCOMMIT FALSE
DELETE FROM TEST WHERE ID=319
INSERT INTO TEST VALUES(319,'Julia','Hans',319)
SET AUTOCOMMIT TRUE
SET AUTOCOMMIT FALSE
DELETE FROM TEST WHERE ID=320
INSERT INTO TEST VALUES(320,'Julia','Hans',320)
SET AUTOCOMMIT TRUE
SET AUTOCOMMIT FALSE
DELETE FROM TEST WHERE ID=321
INSERT INTO TEST VALUES(321,'Julia','Hans',321)
SET AUTOCOMMIT TRUE
SET AUTOCOMMIT FALSE
DELETE FROM TEST WHERE ID=322
INSERT INTO TEST VALUES(322,'Julia','Hans',322)
SET AUTOCOMMIT TRUE
SET AUTOCOMMIT FALSE
DELETE FROM TEST WHERE ID=323
INSERT INTO TEST VALUES(323,'Julia','Hans',323)
SET AUTOCOMMIT TRUE
SET AUTOCOMMIT FALSE
DELETE FROM TEST WHERE ID=324
INSERT INTO TEST VALUES(324,'Julia','Hans',324)
SET AUTOCOMMIT TRUE
SET AUTOCOMMIT FALSE
DELETE FROM TEST WHERE ID=325
INSERT INTO TEST VALUES(325,'Julia','Hans',325)
SET AUTOCOMMIT TRUE
SET AUTOCOMMIT FALSE
DELETE FROM TEST WHERE ID=326
INSERT INTO TEST VALUES(326,'Julia','Hans',326)
SET AUTOCOMMIT TRUE
SET AUTOCOMMIT FALSE
DELETE FROM TEST WHERE ID=327
INSERT INTO TEST VALUES(327,'Julia','Hans',327)
SET AUTOCOMMIT TRUE
SET AUTOCOMMIT FALSE
DELETE FROM TEST WHERE ID=328
INSERT INTO TEST VALUES(328,'Julia','Hans',328)
SET AUTOCOMMIT TRUE
SET AUTOCOMMIT FALSE
DELETE FROM TEST WHERE ID=329
INSERT INTO TEST VALUES(329,'Julia','Hans',329)
SET AUTOCOMMIT TRUE
SET AUTOCOMMIT FALSE
DELETE FROM TEST WHERE ID=330
INSERT INTO TEST VALUES(330,'Julia','Hans',330)
SET AUTOCOMMIT TRUE
SET AUTOCOMMIT FALSE
DELETE FROM TEST WHERE ID=331
INSERT INTO TEST VALUES(331,'Julia','Hans',331)
SET AUTOCOMMIT TRUE
SET AUTOCOMMIT FALSE
DELETE FROM TEST WHERE ID=332
INSERT INTO TEST VALUES(332,'Julia','Hans',332)
SET AUTOCOMMIT TRUE
SET AUTOCOMMIT FALSE
DELETE FROM TEST WHERE ID=333
INSERT INTO TEST VALUES(333,'Julia','Hans',333)
SET AUTOCOMMIT TRUE
SET AUTOCOMMIT FALSE
DELETE FROM TEST WHERE ID=334
INSERT INTO TEST VALUES(334,'Julia','Hans',334)
SET AUTOCOMMIT TRUE
SET AUTOCOMMIT FALSE
DELETE FROM TEST WHERE ID=335
INSERT INTO TEST VALUES(335,'Julia','Hans',335)
SET AUTOCOMMIT TRUE
SET AUTOCOMMIT FALSE
DELETE FROM TEST WHERE ID=336
INSERT INTO TEST VALUES(336,'Julia','Hans',336)
SET AUTOCOMMIT TRUE
SET AUTOCOMMIT FALSE
DELETE FROM TEST WHERE ID=337
INSERT INTO TEST VALUES(337,'Julia','Hans',337)
SET AUTOCOMMIT TRUE
SET AUTOCOMMIT FALSE
DELETE FROM TEST WHERE ID=338
INSERT INTO TEST VALUES(338,'Julia','Hans',338)
SET AUTOCOMMIT TRUE
SET AUTOCOMMIT FALSE
DELETE FROM TEST WHERE ID=339
INSERT INTO TEST VALUES(339,'Julia','Hans',339)
SET AUTOCOMMIT TRUE
SET AUTOCOMMIT FALSE
DELETE FROM TEST WHERE ID=340
INSERT INTO TEST VALUES(340,'Julia','Hans',340)
SET AUTOCOMMIT TRUE
SET AUTOCOMMIT FALSE
DELETE FROM TEST WHERE ID=341
INSERT INTO TEST VALUES(341,'Julia','Hans',341)
SET AUTOCOMMIT TRUE
SET AUTOCOMMIT FALSE
DELETE FROM TEST WHERE ID=342
INSERT INTO TEST VALUES(342,'Julia','Hans',342)
SET AUTOCOMMIT TRUE
SET AUTOCOMMIT FALSE
DELETE FROM TEST WHERE ID=343
INSERT INTO TEST VALUES(343,'Julia','Hans',343)
SET AUTOCOMMIT TRUE
SET AUTOCOMMIT FALSE
DELETE FROM TEST WHERE ID=344
INSERT INTO TEST VALUES(344,'Julia','Hans',344)
SET AUTOCOMMIT TRUE
SET AUTOCOMMIT FALSE
DELETE FROM TEST WHERE ID=345
INSERT INTO TEST VALUES(345,'Julia','Hans',345)
SET AUTOCOMMIT TRUE
SET AUTOCOMMIT FALSE
DELETE FROM TEST WHERE ID=346
INSERT INTO TEST VALUES(346,'Julia','Hans',346)
SET AUTOCOMMIT TRUE
SET AUTOCOMMIT FALSE
DELETE FROM TEST WHERE ID=347
INSERT INTO TEST VALUES(347,'Julia','Hans',347)
SET AUTOCOMMIT TRUE
SET AUTOCOMMIT FALSE
DELETE FROM TEST WHERE ID=348
INSERT INTO TEST VALUES(348,'Julia','Hans',348)
SET AUTOCOMMIT TRUE
SET AUTOCOMMIT FALSE
DELETE FROM TEST WHERE ID=349
INSERT INTO TEST VALUES(349,'Julia','Hans',349)
SET AUTOCOMMIT TRUE
SET AUTOCOMMIT FALSE
DELETE FROM TEST WHERE ID=350
INSERT INTO TEST VALUES(350,'Julia','Hans',350)
SET AUTOCOMMIT TRUE
SET AUTOCOMMIT FALSE
DELETE FROM TEST WHERE ID=351
INSERT INTO TEST VALUES(351,'Julia','Hans',351)
SET AUTOCOMMIT TRUE
SET AUTOCOMMIT FALSE
DELETE FROM TEST WHERE ID=352
INSERT INTO TEST VALUES(352,'Julia','Hans',352)
SET AUTOCOMMIT TRUE
SET AUTOCOMMIT FALSE
DELETE FROM TEST WHERE ID=353
INSERT INTO TEST VALUES(353,'Julia','Hans',353)
SET AUTOCOMMIT TRUE
SET AUTOCOMMIT FALSE
DELETE FROM TEST WHERE ID=354
INSERT INTO TEST VALUES(354,'Julia','Hans',354)
SET AUTOCOMMIT TRUE
SET AUTOCOMMIT FALSE
DELETE FROM TEST WHERE ID=355
INSERT INTO TEST VALUES(355,'Julia','Hans',355)
SET AUTOCOMMIT TRUE
SET AUTOCOMMIT FALSE
DELETE FROM TEST WHERE ID=356
INSERT INTO TEST VALUES(356,'Julia','Hans',356)
SET AUTOCOMMIT TRUE
SET AUTOCOMMIT FALSE
DELETE FROM TEST WHERE ID=357
INSERT INTO TEST VALUES(357,'Julia','Hans',357)
SET AUTOCOMMIT TRUE
SET AUTOCOMMIT FALSE
DELETE FROM TEST WHERE ID=358
INSERT INTO TEST VALUES(358,'Julia','Hans',358)
SET AUTOCOMMIT TRUE
SET AUTOCOMMIT FALSE
DELETE FROM TEST WHERE ID=359
INSERT INTO TEST VALUES(359,'Julia','Hans',359)
SET AUTOCOMMIT TRUE
SET AUTOCOMMIT FALSE
DELETE FROM TEST WHERE ID=360
INSERT INTO TEST VALUES(360,'Julia','Hans',360)
SET AUTOCOMMIT TRUE
SET AUTOCOMMIT FALSE
DELETE FROM TEST WHERE ID=361
INSERT INTO TEST VALUES(361,'Julia','Hans',361)
SET AUTOCOMMIT TRUE
SET AUTOCOMMIT FALSE
DELETE FROM TEST WHERE ID=362
INSERT INTO TEST VALUES(362,'Julia','Hans',362)
SET AUTOCOMMIT TRUE
SET AUTOCOMMIT FALSE
DELETE FROM TEST WHERE ID=363
INSERT INTO TEST VALUES(363,'Julia','Hans',363)
SET AUTOCOMMIT TRUE
SET AUTOCOMMIT FALSE
DELETE FROM TEST WHERE ID=364
INSERT INTO TEST VALUES(364,'Julia','Hans',364)
SET AUTOCOMMIT TRUE
SET AUTOCOMMIT FALSE
DELETE FROM TEST WHERE ID=365
INSERT INTO TEST VALUES(365,'Julia','Hans',365)
SET AUTOCOMMIT TRUE
SET AUTOCOMMIT FALSE
DELETE FROM TEST WHERE ID=366
INSERT INTO TEST VALUES(366,'Julia','Hans',366)
SET AUTOCOMMIT TRUE
SET AUTOCOMMIT FALSE
DELETE FROM TEST WHERE ID=367
INSERT INTO TEST VALUES(367,'Julia','Hans',367)
SET AUTOCOMMIT TRUE
SET AUTOCOMMIT FALSE
DELETE FROM TEST WHERE ID=368
INSERT INTO TEST VALUES(368,'Julia','Hans',368)
SET AUTOCOMMIT TRUE
SET AUTOCOMMIT FALSE
DELETE FROM TEST WHERE ID=369
INSERT INTO TEST VALUES(369,'Julia','Hans',369)
SET AUTOCOMMIT TRUE
SET AUTOCOMMIT FALSE
DELETE FROM TEST WHERE ID=370
INSERT INTO TEST VALUES(370,'Julia','Hans',370)
SET AUTOCOMMIT TRUE
SET AUTOCOMMIT FALSE
DELETE FROM TEST WHERE ID=371
INSERT INTO TEST VALUES(371,'Julia','Hans',371)
SET AUTOCOMMIT TRUE
SET AUTOCOMMIT FALSE
DELETE FROM TEST WHERE ID=372
INSERT INTO TEST VALUES(372,'Julia','Hans',372)
SET AUTOCOMMIT TRUE
SET AUTOCOMMIT FALSE
DELETE FROM TEST WHERE ID=373
INSERT INTO TEST VALUES(373,'Julia','Hans',373)
SET AUTOCOMMIT TRUE
SET AUTOCOMMIT FALSE
DELETE FROM TEST WHERE ID=374
INSERT INTO TEST VALUES(374,'Julia','Hans',374)
SET AUTOCOMMIT TRUE
SET AUTOCOMMIT FALSE
DELETE FROM TEST WHERE ID=375
INSERT INTO TEST VALUES(375,'Julia','Hans',375)
SET AUTOCOMMIT TRUE
SET AUTOCOMMIT FALSE
DELETE FROM TEST WHERE ID=376
INSERT INTO TEST VALUES(376,'Julia','Hans',376)
SET AUTOCOMMIT TRUE
SET AUTOCOMMIT FALSE
DELETE FROM TEST WHERE ID=377
INSERT INTO TEST VALUES(377,'Julia','Hans',377)
SET AUTOCOMMIT TRUE
SET AUTOCOMMIT FALSE
DELETE FROM TEST WHERE ID=378
INSERT INTO TEST VALUES(378,'Julia','Hans',378)
SET AUTOCOMMIT TRUE
SET AUTOCOMMIT FALSE
DELETE FROM TEST WHERE ID=379
INSERT INTO TEST VALUES(379,'Julia','Hans',379)
SET AUTOCOMMIT TRUE
SET AUTOCOMMIT FALSE
DELETE FROM TEST WHERE ID=380
INSERT INTO TEST VALUES(380,'Julia','Hans',380)
SET AUTOCOMMIT TRUE
SET AUTOCOMMIT FALSE
DELETE FROM TEST WHERE ID=381
INSERT INTO TEST VALUES(381,'Julia','Hans',381)
SET AUTOCOMMIT TRUE
SET AUTOCOMMIT FALSE
DELETE FROM TEST WHERE ID=382
INSERT INTO TEST VALUES(382,'Julia','Hans',382)
SET AUTOCOMMIT TRUE
SET AUTOCOMMIT FALSE
DELETE FROM TEST WHERE ID=383
INSERT INTO TEST VALUES(383,'Julia','Hans',383)
SET AUTOCOMMIT TRUE
SET AUTOCOMMIT FALSE
DELETE FROM TEST WHERE ID=384
INSERT INTO TEST VALUES(384,'Julia','Hans',384)
SET AUTOCOMMIT TRUE
SET AUTOCOMMIT FALSE
DELETE FROM TEST WHERE ID=385
INSERT INTO TEST VALUES(385,'Julia','Hans',385)
SET AUTOCOMMIT TRUE
SET AUTOCOMMIT FALSE
DELETE FROM TEST WHERE ID=386
INSERT INTO TEST VALUES(386,'Julia','Hans',386)
SET AUTOCOMMIT TRUE
SET AUTOCOMMIT FALSE
DELETE FROM TEST WHERE ID=387
INSERT INTO TEST VALUES(387,'Julia','Hans',387)
SET AUTOCOMMIT TRUE
SET AUTOCOMMIT FALSE
DELETE FROM TEST WHERE ID=388
INSERT INTO TEST VALUES(388,'Julia','Hans',388)
SET AUTOCOMMIT TRUE
SET AUTOCOMMIT FALSE
DELETE FROM TEST WHERE ID=389
INSERT INTO TEST VALUES(389,'Julia','Hans',389)
SET AUTOCOMMIT TRUE
SET AUTOCOMMIT FALSE
DELETE FROM TEST WHERE ID=390
INSERT INTO TEST VALUES(390,'Julia','Hans',390)
SET AUTOCOMMIT TRUE
SET AUTOCOMMIT FALSE
DELETE FROM TEST WHERE ID=391
INSERT INTO TEST VALUES(391,'Julia','Hans',391)
SET AUTOCOMMIT TRUE
SET AUTOCOMMIT FALSE
DELETE FROM TEST WHERE ID=392
INSERT INTO TEST VALUES(392,'Julia','Hans',392)
SET AUTOCOMMIT TRUE
SET AUTOCOMMIT FALSE
DELETE FROM TEST WHERE ID=393
INSERT INTO TEST VALUES(393,'Julia','Hans',393)
SET AUTOCOMMIT TRUE
SET AUTOCOMMIT FALSE
DELETE FROM TEST WHERE ID=394
INSERT INTO TEST VALUES(394,'Julia','Hans',394)
SET AUTOCOMMIT TRUE
SET AUTOCOMMIT FALSE
DELETE FROM TEST WHERE ID=395
INSERT INTO TEST VALUES(395,'Julia','Hans',395)
SET AUTOCOMMIT TRUE
SET AUTOCOMMIT FALSE
DELETE FROM TEST WHERE ID=396
INSERT INTO TEST VALUES(396,'Julia','Hans',396)
SET AUTOCOMMIT TRUE
SET AUTOCOMMIT FALSE
DELETE FROM TEST WHERE ID=397
INSERT INTO TEST VALUES(397,'Julia','Hans',397)
SET AUTOCOMMIT TRUE
SET AUTOCOMMIT FALSE
DELETE FROM TEST WHERE ID=398
INSERT INTO TEST VALUES(398,'Julia','Hans',398)
SET AUTOCOMMIT TRUE
SET AUTOCOMMIT FALSE
DELETE FROM TEST WHERE ID=399
INSERT INTO TEST VALUES(399,'Julia','Hans',399)
SET AUTOCOMMIT TRUE
SET AUTOCOMMIT FALSE
DELETE FROM TEST WHERE ID=400
INSERT INTO TEST VALUES(400,'Julia','Hans',400)
SET AUTOCOMMIT TRUE
SET AUTOCOMMIT FALSE
DELETE FROM TEST WHERE ID=401
INSERT INTO TEST VALUES(401,'Julia','Hans',401)
SET AUTOCOMMIT TRUE
SET AUTOCOMMIT FALSE
DELETE FROM TEST WHERE ID=402
INSERT INTO TEST VALUES(402,'Julia','Hans',402)
SET AUTOCOMMIT TRUE
SET AUTOCOMMIT FALSE
DELETE FROM TEST WHERE ID=403
INSERT INTO TEST VALUES(403,'Julia','Hans',403)
SET AUTOCOMMIT TRUE
SET AUTOCOMMIT FALSE
DELETE FROM TEST WHERE ID=404
INSERT INTO TEST VALUES(404,'Julia','Hans',404)
SET AUTOCOMMIT TRUE
SET AUTOCOMMIT FALSE
DELETE FROM TEST WHERE ID=405
INSERT INTO TEST VALUES(405,'Julia','Hans',405)
SET AUTOCOMMIT TRUE
SET AUTOCOMMIT FALSE
DELETE FROM TEST WHERE ID=406
INSERT INTO TEST VALUES(406,'Julia','Hans',406)
SET AUTOCOMMIT TRUE
SET AUTOCOMMIT FALSE
DELETE FROM TEST WHERE ID=407
INSERT INTO TEST VALUES(407,'Julia','Hans',407)
SET AUTOCOMMIT TRUE
SET AUTOCOMMIT FALSE
DELETE FROM TEST WHERE ID=408
INSERT INTO TEST VALUES(408,'Julia','Hans',408)
SET AUTOCOMMIT TRUE
SET AUTOCOMMIT FALSE
DELETE FROM TEST WHERE ID=409
INSERT INTO TEST VALUES(409,'Julia','Hans',409)
SET AUTOCOMMIT TRUE
SET AUTOCOMMIT FALSE
DELETE FROM TEST WHERE ID=410
INSERT INTO TEST VALUES(410,'Julia','Hans',410)
SET AUTOCOMMIT TRUE
SET AUTOCOMMIT FALSE
DELETE FROM TEST WHERE ID=411
INSERT INTO TEST VALUES(411,'Julia','Hans',411)
SET AUTOCOMMIT TRUE
SET AUTOCOMMIT FALSE
DELETE FROM TEST WHERE ID=412
INSERT INTO TEST VALUES(412,'Julia','Hans',412)
SET AUTOCOMMIT TRUE
SET AUTOCOMMIT FALSE
DELETE FROM TEST WHERE ID=413
INSERT INTO TEST VALUES(413,'Julia','Hans',413)
SET AUTOCOMMIT TRUE
SET AUTOCOMMIT FALSE
DELETE FROM TEST WHERE ID=414
INSERT INTO TEST VALUES(414,'Julia','Hans',414)
SET AUTOCOMMIT TRUE
SET AUTOCOMMIT FALSE
DELETE FROM TEST WHERE ID=415
INSERT INTO TEST VALUES(415,'Julia','Hans',415)
SET AUTOCOMMIT TRUE
SET AUTOCOMMIT FALSE
DELETE FROM TEST WHERE ID=416
INSERT INTO TEST VALUES(416,'Julia','Hans',416)
SET AUTOCOMMIT TRUE
SET AUTOCOMMIT FALSE
DELETE FROM TEST WHERE ID=417
INSERT INTO TEST VALUES(417,'Julia','Hans',417)
SET AUTOCOMMIT TRUE
SET AUTOCOMMIT FALSE
DELETE FROM TEST WHERE ID=418
INSERT INTO TEST VALUES(418,'Julia','Hans',418)
SET AUTOCOMMIT TRUE
SET AUTOCOMMIT FALSE
DELETE FROM TEST WHERE ID=419
INSERT INTO TEST VALUES(419,'Julia','Hans',419)
SET AUTOCOMMIT TRUE
SET AUTOCOMMIT FALSE
DELETE FROM TEST WHERE ID=420
INSERT INTO TEST VALUES(420,'Julia','Hans',420)
SET AUTOCOMMIT TRUE
SET AUTOCOMMIT FALSE
DELETE FROM TEST WHERE ID=421
INSERT INTO TEST VALUES(421,'Julia','Hans',421)
SET AUTOCOMMIT TRUE
SET AUTOCOMMIT FALSE
DELETE FROM TEST WHERE ID=422
INSERT INTO TEST VALUES(422,'Julia','Hans',422)
SET AUTOCOMMIT TRUE
SET AUTOCOMMIT FALSE
DELETE FROM TEST WHERE ID=423
INSERT INTO TEST VALUES(423,'Julia','Hans',423)
SET AUTOCOMMIT TRUE
SET AUTOCOMMIT FALSE
DELETE FROM TEST WHERE ID=424
INSERT INTO TEST VALUES(424,'Julia','Hans',424)
SET AUTOCOMMIT TRUE
SET AUTOCOMMIT FALSE
DELETE FROM TEST WHERE ID=425
INSERT INTO TEST VALUES(425,'Julia','Hans',425)
SET AUTOCOMMIT TRUE
SET AUTOCOMMIT FALSE
DELETE FROM TEST WHERE ID=426
INSERT INTO TEST VALUES(426,'Julia','Hans',426)
SET AUTOCOMMIT TRUE
SET AUTOCOMMIT FALSE
DELETE FROM TEST WHERE ID=427
INSERT INTO TEST VALUES(427,'Julia','Hans',427)
SET AUTOCOMMIT TRUE
SET AUTOCOMMIT FALSE
DELETE FROM TEST WHERE ID=428
INSERT INTO TEST VALUES(428,'Julia','Hans',428)
SET AUTOCOMMIT TRUE
SET AUTOCOMMIT FALSE
DELETE FROM TEST WHERE ID=429
INSERT INTO TEST VALUES(429,'Julia','Hans',429)
SET AUTOCOMMIT TRUE
SET AUTOCOMMIT FALSE
DELETE FROM TEST WHERE ID=430
INSERT INTO TEST VALUES(430,'Julia','Hans',430)
SET AUTOCOMMIT TRUE
SET AUTOCOMMIT FALSE
DELETE FROM TEST WHERE ID=431
INSERT INTO TEST VALUES(431,'Julia','Hans',431)
SET AUTOCOMMIT TRUE
SET AUTOCOMMIT FALSE
DELETE FROM TEST WHERE ID=432
INSERT INTO TEST VALUES(432,'Julia','Hans',432)
SET AUTOCOMMIT TRUE
SET AUTOCOMMIT FALSE
DELETE FROM TEST WHERE ID=433
INSERT INTO TEST VALUES(433,'Julia','Hans',433)
SET AUTOCOMMIT TRUE
SET AUTOCOMMIT FALSE
DELETE FROM TEST WHERE ID=434
INSERT INTO TEST VALUES(434,'Julia','Hans',434)
SET AUTOCOMMIT TRUE
SET AUTOCOMMIT FALSE
DELETE FROM TEST WHERE ID=435
INSERT INTO TEST VALUES(435,'Julia','Hans',435)
SET AUTOCOMMIT TRUE
SET AUTOCOMMIT FALSE
DELETE FROM TEST WHERE ID=436
INSERT INTO TEST VALUES(436,'Julia','Hans',436)
SET AUTOCOMMIT TRUE
SET AUTOCOMMIT FALSE
DELETE FROM TEST WHERE ID=437
INSERT INTO TEST VALUES(437,'Julia','Hans',437)
SET AUTOCOMMIT TRUE
SET AUTOCOMMIT FALSE
DELETE FROM TEST WHERE ID=438
INSERT INTO TEST VALUES(438,'Julia','Hans',438)
SET AUTOCOMMIT TRUE
SET AUTOCOMMIT FALSE
DELETE FROM TEST WHERE ID=439
INSERT INTO TEST VALUES(439,'Julia','Hans',439)
SET AUTOCOMMIT TRUE
SET AUTOCOMMIT FALSE
DELETE FROM TEST WHERE ID=440
INSERT INTO TEST VALUES(440,'Julia','Hans',440)
SET AUTOCOMMIT TRUE
SET AUTOCOMMIT FALSE
DELETE FROM TEST WHERE ID=441
INSERT INTO TEST VALUES(441,'Julia','Hans',441)
SET AUTOCOMMIT TRUE
SET AUTOCOMMIT FALSE
DELETE FROM TEST WHERE ID=442
INSERT INTO TEST VALUES(442,'Julia','Hans',442)
SET AUTOCOMMIT TRUE
SET AUTOCOMMIT FALSE
DELETE FROM TEST WHERE ID=443
INSERT INTO TEST VALUES(443,'Julia','Hans',443)
SET AUTOCOMMIT TRUE
SET AUTOCOMMIT FALSE
DELETE FROM TEST WHERE ID=444
INSERT INTO TEST VALUES(444,'Julia','Hans',444)
SET AUTOCOMMIT TRUE
SET AUTOCOMMIT FALSE
DELETE FROM TEST WHERE ID=445
INSERT INTO TEST VALUES(445,'Julia','Hans',445)
SET AUTOCOMMIT TRUE
SET AUTOCOMMIT FALSE
DELETE FROM TEST WHERE ID=446
INSERT INTO TEST VALUES(446,'Julia','Hans',446)
SET AUTOCOMMIT TRUE
SET AUTOCOMMIT FALSE
DELETE FROM TEST WHERE ID=447
INSERT INTO TEST VALUES(447,'Julia','Hans',447)
SET AUTOCOMMIT TRUE
SET AUTOCOMMIT FALSE
DELETE FROM TEST WHERE ID=448
INSERT INTO TEST VALUES(448,'Julia','Hans',448)
SET AUTOCOMMIT TRUE
SET AUTOCOMMIT FALSE
DELETE FROM TEST WHERE ID=449
INSERT INTO TEST VALUES(449,'Julia','Hans',449)
SET AUTOCOMMIT TRUE
SET AUTOCOMMIT FALSE
DELETE FROM TEST WHERE ID=450
INSERT INTO TEST VALUES(450,'Julia','Hans',450)
SET AUTOCOMMIT TRUE
SET AUTOCOMMIT FALSE
DELETE FROM TEST WHERE ID=451
INSERT INTO TEST VALUES(451,'Julia','Hans',451)
SET AUTOCOMMIT TRUE
SET AUTOCOMMIT FALSE
DELETE FROM TEST WHERE ID=452
INSERT INTO TEST VALUES(452,'Julia','Hans',452)
SET AUTOCOMMIT TRUE
SET AUTOCOMMIT FALSE
DELETE FROM TEST WHERE ID=453
INSERT INTO TEST VALUES(453,'Julia','Hans',453)
SET AUTOCOMMIT TRUE
SET AUTOCOMMIT FALSE
DELETE FROM TEST WHERE ID=454
INSERT INTO TEST VALUES(454,'Julia','Hans',454)
SET AUTOCOMMIT TRUE
SET AUTOCOMMIT FALSE
DELETE FROM TEST WHERE ID=455
INSERT INTO TEST VALUES(455,'Julia','Hans',455)
SET AUTOCOMMIT TRUE
SET AUTOCOMMIT FALSE
DELETE FROM TEST WHERE ID=456
INSERT INTO TEST VALUES(456,'Julia','Hans',456)
SET AUTOCOMMIT TRUE
SET AUTOCOMMIT FALSE
DELETE FROM TEST WHERE ID=457
INSERT INTO TEST VALUES(457,'Julia','Hans',457)
SET AUTOCOMMIT TRUE
SET AUTOCOMMIT FALSE
DELETE FROM TEST WHERE ID=458
INSERT INTO TEST VALUES(458,'Julia','Hans',458)
SET AUTOCOMMIT TRUE
SET AUTOCOMMIT FALSE
DELETE FROM TEST WHERE ID=459
INSERT INTO TEST VALUES(459,'Julia','Hans',459)
SET AUTOCOMMIT TRUE
SET AUTOCOMMIT FALSE
DELETE FROM TEST WHERE ID=460
INSERT INTO TEST VALUES(460,'Julia','Hans',460)
SET AUTOCOMMIT TRUE
SET AUTOCOMMIT FALSE
DELETE FROM TEST WHERE ID=461
INSERT INTO TEST VALUES(461,'Julia','Hans',461)
SET AUTOCOMMIT TRUE
SET AUTOCOMMIT FALSE
DELETE FROM TEST WHERE ID=462
INSERT INTO TEST VALUES(462,'Julia','Hans',462)
SET AUTOCOMMIT TRUE
SET AUTOCOMMIT FALSE
DELETE FROM TEST WHERE ID=463
INSERT INTO TEST VALUES(463,'Julia','Hans',463)
SET AUTOCOMMIT TRUE
SET AUTOCOMMIT FALSE
DELETE FROM TEST WHERE ID=464
INSERT INTO TEST VALUES(464,'Julia','Hans',464)
SET AUTOCOMMIT TRUE
SET AUTOCOMMIT FALSE
DELETE FROM TEST WHERE ID=465
INSERT INTO TEST VALUES(465,'Julia','Hans',465)
SET AUTOCOMMIT TRUE
SET AUTOCOMMIT FALSE
DELETE FROM TEST WHERE ID=466
INSERT INTO TEST VALUES(466,'Julia','Hans',466)
SET AUTOCOMMIT TRUE
SET AUTOCOMMIT FALSE
DELETE FROM TEST WHERE ID=467
INSERT INTO TEST VALUES(467,'Julia','Hans',467)
SET AUTOCOMMIT TRUE
SET AUTOCOMMIT FALSE
DELETE FROM TEST WHERE ID=468
INSERT INTO TEST VALUES(468,'Julia','Hans',468)
SET AUTOCOMMIT TRUE
SET AUTOCOMMIT FALSE
DELETE FROM TEST WHERE ID=469
INSERT INTO TEST VALUES(469,'Julia','Hans',469)
SET AUTOCOMMIT TRUE
SET AUTOCOMMIT FALSE
DELETE FROM TEST WHERE ID=470
INSERT INTO TEST VALUES(470,'Julia','Hans',470)
SET AUTOCOMMIT TRUE
SET AUTOCOMMIT FALSE
DELETE FROM TEST WHERE ID=471
INSERT INTO TEST VALUES(471,'Julia','Hans',471)
SET AUTOCOMMIT TRUE
SET AUTOCOMMIT FALSE
DELETE FROM TEST WHERE ID=472
INSERT INTO TEST VALUES(472,'Julia','Hans',472)
SET AUTOCOMMIT TRUE
SET AUTOCOMMIT FALSE
DELETE FROM TEST WHERE ID=473
INSERT INTO TEST VALUES(473,'Julia','Hans',473)
SET AUTOCOMMIT TRUE
SET AUTOCOMMIT FALSE
DELETE FROM TEST WHERE ID=474
INSERT INTO TEST VALUES(474,'Julia','Hans',474)
SET AUTOCOMMIT TRUE
SET AUTOCOMMIT FALSE
DELETE FROM TEST WHERE ID=475
INSERT INTO TEST VALUES(475,'Julia','Hans',475)
SET AUTOCOMMIT TRUE
SET AUTOCOMMIT FALSE
DELETE FROM TEST WHERE ID=476
INSERT INTO TEST VALUES(476,'Julia','Hans',476)
SET AUTOCOMMIT TRUE
SET AUTOCOMMIT FALSE
DELETE FROM TEST WHERE ID=477
INSERT INTO TEST VALUES(477,'Julia','Hans',477)
SET AUTOCOMMIT TRUE
SET AUTOCOMMIT FALSE
DELETE FROM TEST WHERE ID=478
INSERT INTO TEST VALUES(478,'Julia','Hans',478)
SET AUTOCOMMIT TRUE
SET AUTOCOMMIT FALSE
DELETE FROM TEST WHERE ID=479
INSERT INTO TEST VALUES(479,'Julia','Hans',479)
SET AUTOCOMMIT TRUE
SET AUTOCOMMIT FALSE
DELETE FROM TEST WHERE ID=480
INSERT INTO TEST VALUES(480,'Julia','Hans',480)
SET AUTOCOMMIT TRUE
SET AUTOCOMMIT FALSE
DELETE FROM TEST WHERE ID=481
INSERT INTO TEST VALUES(481,'Julia','Hans',481)
SET AUTOCOMMIT TRUE
SET AUTOCOMMIT FALSE
DELETE FROM TEST WHERE ID=482
INSERT INTO TEST VALUES(482,'Julia','Hans',482)
SET AUTOCOMMIT TRUE
SET AUTOCOMMIT FALSE
DELETE FROM TEST WHERE ID=483
INSERT INTO TEST VALUES(483,'Julia','Hans',483)
SET AUTOCOMMIT TRUE
SET AUTOCOMMIT FALSE
DELETE FROM TEST WHERE ID=484
INSERT INTO TEST VALUES(484,'Julia','Hans',484)
SET AUTOCOMMIT TRUE
SET AUTOCOMMIT FALSE
DELETE FROM TEST WHERE ID=485
INSERT INTO TEST VALUES(485,'Julia','Hans',485)
SET AUTOCOMMIT TRUE
SET AUTOCOMMIT FALSE
DELETE FROM TEST WHERE ID=486
INSERT INTO TEST VALUES(486,'Julia','Hans',486)
SET AUTOCOMMIT TRUE
SET AUTOCOMMIT FALSE
DELETE FROM TEST WHERE ID=487
INSERT INTO TEST VALUES(487,'Julia','Hans',487)
SET AUTOCOMMIT TRUE
SET AUTOCOMMIT FALSE
DELETE FROM TEST WHERE ID=488
INSERT INTO TEST VALUES(488,'Julia','Hans',488)
SET AUTOCOMMIT TRUE
SET AUTOCOMMIT FALSE
DELETE FROM TEST WHERE ID=489
INSERT INTO TEST VALUES(489,'Julia','Hans',489)
SET AUTOCOMMIT TRUE
SET AUTOCOMMIT FALSE
DELETE FROM TEST WHERE ID=490
INSERT INTO TEST VALUES(490,'Julia','Hans',490)
SET AUTOCOMMIT TRUE
SET AUTOCOMMIT FALSE
DELETE FROM TEST WHERE ID=491
INSERT INTO TEST VALUES(491,'Julia','Hans',491)
SET AUTOCOMMIT TRUE
SET AUTOCOMMIT FALSE
DELETE FROM TEST WHERE ID=492
INSERT INTO TEST VALUES(492,'Julia','Hans',492)
SET AUTOCOMMIT TRUE
SET AUTOCOMMIT FALSE
DELETE FROM TEST WHERE ID=493
INSERT INTO TEST VALUES(493,'Julia','Hans',493)
SET AUTOCOMMIT TRUE
SET AUTOCOMMIT FALSE
DELETE FROM TEST WHERE ID=494
INSERT INTO TEST VALUES(494,'Julia','Hans',494)
SET AUTOCOMMIT TRUE
SET AUTOCOMMIT FALSE
DELETE FROM TEST WHERE ID=495
INSERT INTO TEST VALUES(495,'Julia','Hans',495)
SET AUTOCOMMIT TRUE
SET AUTOCOMMIT FALSE
DELETE FROM TEST WHERE ID=496
INSERT INTO TEST VALUES(496,'Julia','Hans',496)
SET AUTOCOMMIT TRUE
SET AUTOCOMMIT FALSE
DELETE FROM TEST WHERE ID=497
INSERT INTO TEST VALUES(497,'Julia','Hans',497)
SET AUTOCOMMIT TRUE
SET AUTOCOMMIT FALSE
DELETE FROM TEST WHERE ID=498
INSERT INTO TEST VALUES(498,'Julia','Hans',498)
SET AUTOCOMMIT TRUE
SET AUTOCOMMIT FALSE
DELETE FROM TEST WHERE ID=499
INSERT INTO TEST VALUES(499,'Julia','Hans',499)
SET AUTOCOMMIT TRUE
SET AUTOCOMMIT FALSE
DELETE FROM TEST WHERE ID=500
INSERT INTO TEST VALUES(500,'Julia','Hans',500)
SET AUTOCOMMIT TRUE
SET AUTOCOMMIT FALSE
DELETE FROM TEST WHERE ID=501
INSERT INTO TEST VALUES(501,'Julia','Hans',501)
SET AUTOCOMMIT TRUE
SET AUTOCOMMIT FALSE
DELETE FROM TEST WHERE ID=502
INSERT INTO TEST VALUES(502,'Julia','Hans',502)
SET AUTOCOMMIT TRUE
SET AUTOCOMMIT FALSE
DELETE FROM TEST WHERE ID=503
INSERT INTO TEST VALUES(503,'Julia','Hans',503)
SET AUTOCOMMIT TRUE
SET AUTOCOMMIT FALSE
DELETE FROM TEST WHERE ID=504
INSERT INTO TEST VALUES(504,'Julia','Hans',504)
SET AUTOCOMMIT TRUE
SET AUTOCOMMIT FALSE
DELETE FROM TEST WHERE ID=505
INSERT INTO TEST VALUES(505,'Julia','Hans',505)
SET AUTOCOMMIT TRUE
SET AUTOCOMMIT FALSE
DELETE FROM TEST WHERE ID=506
INSERT INTO TEST VALUES(506,'Julia','Hans',506)
SET AUTOCOMMIT TRUE
SET AUTOCOMMIT FALSE
DELETE FROM TEST WHERE ID=507
INSERT INTO TEST VALUES(507,'Julia','Hans',507)
SET AUTOCOMMIT TRUE
SET AUTOCOMMIT FALSE
DELETE FROM TEST WHERE ID=508
INSERT INTO TEST VALUES(508,'Julia','Hans',508)
SET AUTOCOMMIT TRUE
SET AUTOCOMMIT FALSE
DELETE FROM TEST WHERE ID=509
INSERT INTO TEST VALUES(509,'Julia','Hans',509)
SET AUTOCOMMIT TRUE
SET AUTOCOMMIT FALSE
DELETE FROM TEST WHERE ID=510
INSERT INTO TEST VALUES(510,'Julia','Hans',510)
SET AUTOCOMMIT TRUE
SET AUTOCOMMIT FALSE
DELETE FROM TEST WHERE ID=511
INSERT INTO TEST VALUES(511,'Julia','Hans',511)
SET AUTOCOMMIT TRUE
SET AUTOCOMMIT FALSE
DELETE FROM TEST WHERE ID=512
INSERT INTO TEST VALUES(512,'Julia','Hans',512)
SET AUTOCOMMIT TRUE
SET AUTOCOMMIT FALSE
DELETE FROM TEST WHERE ID=513
INSERT INTO TEST VALUES(513,'Julia','Hans',513)
SET AUTOCOMMIT TRUE
SET AUTOCOMMIT FALSE
DELETE FROM TEST WHERE ID=514
INSERT INTO TEST VALUES(514,'Julia','Hans',514)
SET AUTOCOMMIT TRUE
SET AUTOCOMMIT FALSE
DELETE FROM TEST WHERE ID=515
INSERT INTO TEST VALUES(515,'Julia','Hans',515)
SET AUTOCOMMIT TRUE
SET AUTOCOMMIT FALSE
DELETE FROM TEST WHERE ID=516
INSERT INTO TEST VALUES(516,'Julia','Hans',516)
SET AUTOCOMMIT TRUE
SET AUTOCOMMIT FALSE
DELETE FROM TEST WHERE ID=517
INSERT INTO TEST VALUES(517,'Julia','Hans',517)
SET AUTOCOMMIT TRUE
SET AUTOCOMMIT FALSE
DELETE FROM TEST WHERE ID=518
INSERT INTO TEST VALUES(518,'Julia','Hans',518)
SET AUTOCOMMIT TRUE
SET AUTOCOMMIT FALSE
DELETE FROM TEST WHERE ID=519
INSERT INTO TEST VALUES(519,'Julia','Hans',519)
SET AUTOCOMMIT TRUE
SET AUTOCOMMIT FALSE
DELETE FROM TEST WHERE ID=520
INSERT INTO TEST VALUES(520,'Julia','Hans',520)
SET AUTOCOMMIT TRUE
SET AUTOCOMMIT FALSE
DELETE FROM TEST WHERE ID=521
INSERT INTO TEST VALUES(521,'Julia','Hans',521)
SET AUTOCOMMIT TRUE
SET AUTOCOMMIT FALSE
DELETE FROM TEST WHERE ID=522
INSERT INTO TEST VALUES(522,'Julia','Hans',522)
SET AUTOCOMMIT TRUE
SET AUTOCOMMIT FALSE
DELETE FROM TEST WHERE ID=523
INSERT INTO TEST VALUES(523,'Julia','Hans',523)
SET AUTOCOMMIT TRUE
SET AUTOCOMMIT FALSE
DELETE FROM TEST WHERE ID=524
INSERT INTO TEST VALUES(524,'Julia','Hans',524)
SET AUTOCOMMIT TRUE
SET AUTOCOMMIT FALSE
DELETE FROM TEST WHERE ID=525
INSERT INTO TEST VALUES(525,'Julia','Hans',525)
SET AUTOCOMMIT TRUE
SET AUTOCOMMIT FALSE
DELETE FROM TEST WHERE ID=526
INSERT INTO TEST VALUES(526,'Julia','Hans',526)
SET AUTOCOMMIT TRUE
SET AUTOCOMMIT FALSE
DELETE FROM TEST WHERE ID=527
INSERT INTO TEST VALUES(527,'Julia','Hans',527)
SET AUTOCOMMIT TRUE
SET AUTOCOMMIT FALSE
DELETE FROM TEST WHERE ID=528
INSERT INTO TEST VALUES(528,'Julia','Hans',528)
SET AUTOCOMMIT TRUE
SET AUTOCOMMIT FALSE
DELETE FROM TEST WHERE ID=529
INSERT INTO TEST VALUES(529,'Julia','Hans',529)
SET AUTOCOMMIT TRUE
SET AUTOCOMMIT FALSE
DELETE FROM TEST WHERE ID=530
INSERT INTO TEST VALUES(530,'Julia','Hans',530)
SET AUTOCOMMIT TRUE
SET AUTOCOMMIT FALSE
DELETE FROM TEST WHERE ID=531
INSERT INTO TEST VALUES(531,'Julia','Hans',531)
SET AUTOCOMMIT TRUE
SET AUTOCOMMIT FALSE
DELETE FROM TEST WHERE ID=532
INSERT INTO TEST VALUES(532,'Julia','Hans',532)
SET AUTOCOMMIT TRUE
SET AUTOCOMMIT FALSE
DELETE FROM TEST WHERE ID=533
INSERT INTO TEST VALUES(533,'Julia','Hans',533)
SET AUTOCOMMIT TRUE
SET AUTOCOMMIT FALSE
DELETE FROM TEST WHERE ID=534
INSERT INTO TEST VALUES(534,'Julia','Hans',534)
SET AUTOCOMMIT TRUE
SET AUTOCOMMIT FALSE
DELETE FROM TEST WHERE ID=535
INSERT INTO TEST VALUES(535,'Julia','Hans',535)
SET AUTOCOMMIT TRUE
SET AUTOCOMMIT FALSE
DELETE FROM TEST WHERE ID=536
INSERT INTO TEST VALUES(536,'Julia','Hans',536)
SET AUTOCOMMIT TRUE
SET AUTOCOMMIT FALSE
DELETE FROM TEST WHERE ID=537
INSERT INTO TEST VALUES(537,'Julia','Hans',537)
SET AUTOCOMMIT TRUE
SET AUTOCOMMIT FALSE
DELETE FROM TEST WHERE ID=538
INSERT INTO TEST VALUES(538,'Julia','Hans',538)
SET AUTOCOMMIT TRUE
SET AUTOCOMMIT FALSE
DELETE FROM TEST WHERE ID=539
INSERT INTO TEST VALUES(539,'Julia','Hans',539)
SET AUTOCOMMIT TRUE
SET AUTOCOMMIT FALSE
DELETE FROM TEST WHERE ID=540
INSERT INTO TEST VALUES(540,'Julia','Hans',540)
SET AUTOCOMMIT TRUE
SET AUTOCOMMIT FALSE
DELETE FROM TEST WHERE ID=541
INSERT INTO TEST VALUES(541,'Julia','Hans',541)
SET AUTOCOMMIT TRUE
SET AUTOCOMMIT FALSE
DELETE FROM TEST WHERE ID=542
INSERT INTO TEST VALUES(542,'Julia','Hans',542)
SET AUTOCOMMIT TRUE
SET AUTOCOMMIT FALSE
DELETE FROM TEST WHERE ID=543
INSERT INTO TEST VALUES(543,'Julia','Hans',543)
SET AUTOCOMMIT TRUE
SET AUTOCOMMIT FALSE
DELETE FROM TEST WHERE ID=544
INSERT INTO TEST VALUES(544,'Julia','Hans',544)
SET AUTOCOMMIT TRUE
SET AUTOCOMMIT FALSE
DELETE FROM TEST WHERE ID=545
INSERT INTO TEST VALUES(545,'Julia','Hans',545)
SET AUTOCOMMIT TRUE
SET AUTOCOMMIT FALSE
DELETE FROM TEST WHERE ID=546
INSERT INTO TEST VALUES(546,'Julia','Hans',546)
SET AUTOCOMMIT TRUE
SET AUTOCOMMIT FALSE
DELETE FROM TEST WHERE ID=547
INSERT INTO TEST VALUES(547,'Julia','Hans',547)
SET AUTOCOMMIT TRUE
SET AUTOCOMMIT FALSE
DELETE FROM TEST WHERE ID=548
INSERT INTO TEST VALUES(548,'Julia','Hans',548)
SET AUTOCOMMIT TRUE
SET AUTOCOMMIT FALSE
DELETE FROM TEST WHERE ID=549
INSERT INTO TEST VALUES(549,'Julia','Hans',549)
SET AUTOCOMMIT TRUE
SET AUTOCOMMIT FALSE
DELETE FROM TEST WHERE ID=550
INSERT INTO TEST VALUES(550,'Julia','Hans',550)
SET AUTOCOMMIT TRUE
SET AUTOCOMMIT FALSE
DELETE FROM TEST WHERE ID=551
INSERT INTO TEST VALUES(551,'Julia','Hans',551)
SET AUTOCOMMIT TRUE
SET AUTOCOMMIT FALSE
DELETE FROM TEST WHERE ID=552
INSERT INTO TEST VALUES(552,'Julia','Hans',552)
SET AUTOCOMMIT TRUE
SET AUTOCOMMIT FALSE
DELETE FROM TEST WHERE ID=553
INSERT INTO TEST VALUES(553,'Julia','Hans',553)
SET AUTOCOMMIT TRUE
SET AUTOCOMMIT FALSE
DELETE FROM TEST WHERE ID=554
INSERT INTO TEST VALUES(554,'Julia','Hans',554)
SET AUTOCOMMIT TRUE
SET AUTOCOMMIT FALSE
DELETE FROM TEST WHERE ID=555
INSERT INTO TEST VALUES(555,'Julia','Hans',555)
SET AUTOCOMMIT TRUE
SET AUTOCOMMIT FALSE
DELETE FROM TEST WHERE ID=556
INSERT INTO TEST VALUES(556,'Julia','Hans',556)
SET AUTOCOMMIT TRUE
SET AUTOCOMMIT FALSE
DELETE FROM TEST WHERE ID=557
INSERT INTO TEST VALUES(557,'Julia','Hans',557)
SET AUTOCOMMIT TRUE
SET AUTOCOMMIT FALSE
DELETE FROM TEST WHERE ID=558
INSERT INTO TEST VALUES(558,'Julia','Hans',558)
SET AUTOCOMMIT TRUE
SET AUTOCOMMIT FALSE
DELETE FROM TEST WHERE ID=559
INSERT INTO TEST VALUES(559,'Julia','Hans',559)
SET AUTOCOMMIT TRUE
SET AUTOCOMMIT FALSE
DELETE FROM TEST WHERE ID=560
INSERT INTO TEST VALUES(560,'Julia','Hans',560)
SET AUTOCOMMIT TRUE
SET AUTOCOMMIT FALSE
DELETE FROM TEST WHERE ID=561
INSERT INTO TEST VALUES(561,'Julia','Hans',561)
SET AUTOCOMMIT TRUE
SET AUTOCOMMIT FALSE
DELETE FROM TEST WHERE ID=562
INSERT INTO TEST VALUES(562,'Julia','Hans',562)
SET AUTOCOMMIT TRUE
SET AUTOCOMMIT FALSE
DELETE FROM TEST WHERE ID=563
INSERT INTO TEST VALUES(563,'Julia','Hans',563)
SET AUTOCOMMIT TRUE
SET AUTOCOMMIT FALSE
DELETE FROM TEST WHERE ID=564
INSERT INTO TEST VALUES(564,'Julia','Hans',564)
SET AUTOCOMMIT TRUE
SET AUTOCOMMIT FALSE
DELETE FROM TEST WHERE ID=565
INSERT INTO TEST VALUES(565,'Julia','Hans',565)
SET AUTOCOMMIT TRUE
SET AUTOCOMMIT FALSE
DELETE FROM TEST WHERE ID=566
INSERT INTO TEST VALUES(566,'Julia','Hans',566)
SET AUTOCOMMIT TRUE
SET AUTOCOMMIT FALSE
DELETE FROM TEST WHERE ID=567
INSERT INTO TEST VALUES(567,'Julia','Hans',567)
SET AUTOCOMMIT TRUE
SET AUTOCOMMIT FALSE
DELETE FROM TEST WHERE ID=568
INSERT INTO TEST VALUES(568,'Julia','Hans',568)
SET AUTOCOMMIT TRUE
SET AUTOCOMMIT FALSE
DELETE FROM TEST WHERE ID=569
INSERT INTO TEST VALUES(569,'Julia','Hans',569)
SET AUTOCOMMIT TRUE
SET AUTOCOMMIT FALSE
DELETE FROM TEST WHERE ID=570
INSERT INTO TEST VALUES(570,'Julia','Hans',570)
SET AUTOCOMMIT TRUE
SET AUTOCOMMIT FALSE
DELETE FROM TEST WHERE ID=571
INSERT INTO TEST VALUES(571,'Julia','Hans',571)
SET AUTOCOMMIT TRUE
SET AUTOCOMMIT FALSE
DELETE FROM TEST WHERE ID=572
INSERT INTO TEST VALUES(572,'Julia','Hans',572)
SET AUTOCOMMIT TRUE
SET AUTOCOMMIT FALSE
DELETE FROM TEST WHERE ID=573
INSERT INTO TEST VALUES(573,'Julia','Hans',573)
SET AUTOCOMMIT TRUE
SET AUTOCOMMIT FALSE
DELETE FROM TEST WHERE ID=574
INSERT INTO TEST VALUES(574,'Julia','Hans',574)
SET AUTOCOMMIT TRUE
SET AUTOCOMMIT FALSE
DELETE FROM TEST WHERE ID=575
INSERT INTO TEST VALUES(575,'Julia','Hans',575)
SET AUTOCOMMIT TRUE
SET AUTOCOMMIT FALSE
DELETE FROM TEST WHERE ID=576
INSERT INTO TEST VALUES(576,'Julia','Hans',576)
SET AUTOCOMMIT TRUE
SET AUTOCOMMIT FALSE
DELETE FROM TEST WHERE ID=577
INSERT INTO TEST VALUES(577,'Julia','Hans',577)
SET AUTOCOMMIT TRUE
SET AUTOCOMMIT FALSE
DELETE FROM TEST WHERE ID=578
INSERT INTO TEST VALUES(578,'Julia','Hans',578)
SET AUTOCOMMIT TRUE
SET AUTOCOMMIT FALSE
DELETE FROM TEST WHERE ID=579
INSERT INTO TEST VALUES(579,'Julia','Hans',579)
SET AUTOCOMMIT TRUE
SET AUTOCOMMIT FALSE
DELETE FROM TEST WHERE ID=580
INSERT INTO TEST VALUES(580,'Julia','Hans',580)
SET AUTOCOMMIT TRUE
SET AUTOCOMMIT FALSE
DELETE FROM TEST WHERE ID=581
INSERT INTO TEST VALUES(581,'Julia','Hans',581)
SET AUTOCOMMIT TRUE
SET AUTOCOMMIT FALSE
DELETE FROM TEST WHERE ID=582
INSERT INTO TEST VALUES(582,'Julia','Hans',582)
SET AUTOCOMMIT TRUE
SET AUTOCOMMIT FALSE
DELETE FROM TEST WHERE ID=583
INSERT INTO TEST VALUES(583,'Julia','Hans',583)
SET AUTOCOMMIT TRUE
SET AUTOCOMMIT FALSE
DELETE FROM TEST WHERE ID=584
INSERT INTO TEST VALUES(584,'Julia','Hans',584)
SET AUTOCOMMIT TRUE
SET AUTOCOMMIT FALSE
DELETE FROM TEST WHERE ID=585
INSERT INTO TEST VALUES(585,'Julia','Hans',585)
SET AUTOCOMMIT TRUE
SET AUTOCOMMIT FALSE
DELETE FROM TEST WHERE ID=586
INSERT INTO TEST VALUES(586,'Julia','Hans',586)
SET AUTOCOMMIT TRUE
SET AUTOCOMMIT FALSE
DELETE FROM TEST WHERE ID=587
INSERT INTO TEST VALUES(587,'Julia','Hans',587)
SET AUTOCOMMIT TRUE
SET AUTOCOMMIT FALSE
DELETE FROM TEST WHERE ID=588
INSERT INTO TEST VALUES(588,'Julia','Hans',588)
SET AUTOCOMMIT TRUE
SET AUTOCOMMIT FALSE
DELETE FROM TEST WHERE ID=589
INSERT INTO TEST VALUES(589,'Julia','Hans',589)
SET AUTOCOMMIT TRUE
SET AUTOCOMMIT FALSE
DELETE FROM TEST WHERE ID=590
INSERT INTO TEST VALUES(590,'Julia','Hans',590)
SET AUTOCOMMIT TRUE
SET AUTOCOMMIT FALSE
DELETE FROM TEST WHERE ID=591
INSERT INTO TEST VALUES(591,'Julia','Hans',591)
SET AUTOCOMMIT TRUE
SET AUTOCOMMIT FALSE
DELETE FROM TEST WHERE ID=592
INSERT INTO TEST VALUES(592,'Julia','Hans',592)
SET AUTOCOMMIT TRUE
SET AUTOCOMMIT FALSE
DELETE FROM TEST WHERE ID=593
INSERT INTO TEST VALUES(593,'Julia','Hans',593)
SET AUTOCOMMIT TRUE
SET AUTOCOMMIT FALSE
DELETE FROM TEST WHERE ID=594
INSERT INTO TEST VALUES(594,'Julia','Hans',594)
SET AUTOCOMMIT TRUE
SET AUTOCOMMIT FALSE
DELETE FROM TEST WHERE ID=595
INSERT INTO TEST VALUES(595,'Julia','Hans',595)
SET AUTOCOMMIT TRUE
SET AUTOCOMMIT FALSE
DELETE FROM TEST WHERE ID=596
INSERT INTO TEST VALUES(596,'Julia','Hans',596)
SET AUTOCOMMIT TRUE
SET AUTOCOMMIT FALSE
DELETE FROM TEST WHERE ID=597
INSERT INTO TEST VALUES(597,'Julia','Hans',597)
SET AUTOCOMMIT TRUE
SET AUTOCOMMIT FALSE
DELETE FROM TEST WHERE ID=598
INSERT INTO TEST VALUES(598,'Julia','Hans',598)
SET AUTOCOMMIT TRUE
SET AUTOCOMMIT FALSE
DELETE FROM TEST WHERE ID=599
INSERT INTO TEST VALUES(599,'Julia','Hans',599)
SET AUTOCOMMIT TRUE
SET AUTOCOMMIT FALSE
DELETE FROM TEST WHERE ID=600
INSERT INTO TEST VALUES(600,'Julia','Hans',600)
SET AUTOCOMMIT TRUE
SET AUTOCOMMIT FALSE
DELETE FROM TEST WHERE ID=601
INSERT INTO TEST VALUES(601,'Julia','Hans',601)
SET AUTOCOMMIT TRUE
SET AUTOCOMMIT FALSE
DELETE FROM TEST WHERE ID=602
INSERT INTO TEST VALUES(602,'Julia','Hans',602)
SET AUTOCOMMIT TRUE
SET AUTOCOMMIT FALSE
DELETE FROM TEST WHERE ID=603
INSERT INTO TEST VALUES(603,'Julia','Hans',603)
SET AUTOCOMMIT TRUE
SET AUTOCOMMIT FALSE
DELETE FROM TEST WHERE ID=604
INSERT INTO TEST VALUES(604,'Julia','Hans',604)
SET AUTOCOMMIT TRUE
SET AUTOCOMMIT FALSE
DELETE FROM TEST WHERE ID=605
INSERT INTO TEST VALUES(605,'Julia','Hans',605)
SET AUTOCOMMIT TRUE
SET AUTOCOMMIT FALSE
DELETE FROM TEST WHERE ID=606
INSERT INTO TEST VALUES(606,'Julia','Hans',606)
SET AUTOCOMMIT TRUE
SET AUTOCOMMIT FALSE
DELETE FROM TEST WHERE ID=607
INSERT INTO TEST VALUES(607,'Julia','Hans',607)
SET AUTOCOMMIT TRUE
SET AUTOCOMMIT FALSE
DELETE FROM TEST WHERE ID=608
INSERT INTO TEST VALUES(608,'Julia','Hans',608)
SET AUTOCOMMIT TRUE
SET AUTOCOMMIT FALSE
DELETE FROM TEST WHERE ID=609
INSERT INTO TEST VALUES(609,'Julia','Hans',609)
SET AUTOCOMMIT TRUE
SET AUTOCOMMIT FALSE
DELETE FROM TEST WHERE ID=610
INSERT INTO TEST VALUES(610,'Julia','Hans',610)
SET AUTOCOMMIT TRUE
SET AUTOCOMMIT FALSE
DELETE FROM TEST WHERE ID=611
INSERT INTO TEST VALUES(611,'Julia','Hans',611)
SET AUTOCOMMIT TRUE
SET AUTOCOMMIT FALSE
DELETE FROM TEST WHERE ID=612
INSERT INTO TEST VALUES(612,'Julia','Hans',612)
SET AUTOCOMMIT TRUE
SET AUTOCOMMIT FALSE
DELETE FROM TEST WHERE ID=613
INSERT INTO TEST VALUES(613,'Julia','Hans',613)
SET AUTOCOMMIT TRUE
SET AUTOCOMMIT FALSE
DELETE FROM TEST WHERE ID=614
INSERT INTO TEST VALUES(614,'Julia','Hans',614)
SET AUTOCOMMIT TRUE
SET AUTOCOMMIT FALSE
DELETE FROM TEST WHERE ID=615
INSERT INTO TEST VALUES(615,'Julia','Hans',615)
SET AUTOCOMMIT TRUE
SET AUTOCOMMIT FALSE
DELETE FROM TEST WHERE ID=616
INSERT INTO TEST VALUES(616,'Julia','Hans',616)
SET AUTOCOMMIT TRUE
SET AUTOCOMMIT FALSE
DELETE FROM TEST WHERE ID=617
INSERT INTO TEST VALUES(617,'Julia','Hans',617)
SET AUTOCOMMIT TRUE
SET AUTOCOMMIT FALSE
DELETE FROM TEST WHERE ID=618
INSERT INTO TEST VALUES(618,'Julia','Hans',618)
SET AUTOCOMMIT TRUE
SET AUTOCOMMIT FALSE
DELETE FROM TEST WHERE ID=619
INSERT INTO TEST VALUES(619,'Julia','Hans',619)
SET AUTOCOMMIT TRUE
SET AUTOCOMMIT FALSE
DELETE FROM TEST WHERE ID=620
INSERT INTO TEST VALUES(620,'Julia','Hans',620)
SET AUTOCOMMIT TRUE
SET AUTOCOMMIT FALSE
DELETE FROM TEST WHERE ID=621
INSERT INTO TEST VALUES(621,'Julia','Hans',621)
SET AUTOCOMMIT TRUE
SET AUTOCOMMIT FALSE
DELETE FROM TEST WHERE ID=622
INSERT INTO TEST VALUES(622,'Julia','Hans',622)
SET AUTOCOMMIT TRUE
SET AUTOCOMMIT FALSE
DELETE FROM TEST WHERE ID=623
INSERT INTO TEST VALUES(623,'Julia','Hans',623)
SET AUTOCOMMIT TRUE
SET AUTOCOMMIT FALSE
DELETE FROM TEST WHERE ID=624
INSERT INTO TEST VALUES(624,'Julia','Hans',624)
SET AUTOCOMMIT TRUE
SET AUTOCOMMIT FALSE
DELETE FROM TEST WHERE ID=625
INSERT INTO TEST VALUES(625,'Julia','Hans',625)
SET AUTOCOMMIT TRUE
SET AUTOCOMMIT FALSE
DELETE FROM TEST WHERE ID=626
INSERT INTO TEST VALUES(626,'Julia','Hans',626)
SET AUTOCOMMIT TRUE
SET AUTOCOMMIT FALSE
DELETE FROM TEST WHERE ID=627
INSERT INTO TEST VALUES(627,'Julia','Hans',627)
SET AUTOCOMMIT TRUE
SET AUTOCOMMIT FALSE
DELETE FROM TEST WHERE ID=628
INSERT INTO TEST VALUES(628,'Julia','Hans',628)
SET AUTOCOMMIT TRUE
SET AUTOCOMMIT FALSE
DELETE FROM TEST WHERE ID=629
INSERT INTO TEST VALUES(629,'Julia','Hans',629)
SET AUTOCOMMIT TRUE
SET AUTOCOMMIT FALSE
DELETE FROM TEST WHERE ID=630
INSERT INTO TEST VALUES(630,'Julia','Hans',630)
SET AUTOCOMMIT TRUE
SET AUTOCOMMIT FALSE
DELETE FROM TEST WHERE ID=631
INSERT INTO TEST VALUES(631,'Julia','Hans',631)
SET AUTOCOMMIT TRUE
SET AUTOCOMMIT FALSE
DELETE FROM TEST WHERE ID=632
INSERT INTO TEST VALUES(632,'Julia','Hans',632)
SET AUTOCOMMIT TRUE
SET AUTOCOMMIT FALSE
DELETE FROM TEST WHERE ID=633
INSERT INTO TEST VALUES(633,'Julia','Hans',633)
SET AUTOCOMMIT TRUE
SET AUTOCOMMIT FALSE
DELETE FROM TEST WHERE ID=634
INSERT INTO TEST VALUES(634,'Julia','Hans',634)
SET AUTOCOMMIT TRUE
SET AUTOCOMMIT FALSE
DELETE FROM TEST WHERE ID=635
INSERT INTO TEST VALUES(635,'Julia','Hans',635)
SET AUTOCOMMIT TRUE
SET AUTOCOMMIT FALSE
DELETE FROM TEST WHERE ID=636
INSERT INTO TEST VALUES(636,'Julia','Hans',636)
SET AUTOCOMMIT TRUE
SET AUTOCOMMIT FALSE
DELETE FROM TEST WHERE ID=637
INSERT INTO TEST VALUES(637,'Julia','Hans',637)
SET AUTOCOMMIT TRUE
SET AUTOCOMMIT FALSE
DELETE FROM TEST WHERE ID=638
INSERT INTO TEST VALUES(638,'Julia','Hans',638)
SET AUTOCOMMIT TRUE
SET AUTOCOMMIT FALSE
DELETE FROM TEST WHERE ID=639
INSERT INTO TEST VALUES(639,'Julia','Hans',639)
SET AUTOCOMMIT TRUE
SET AUTOCOMMIT FALSE
DELETE FROM TEST WHERE ID=640
INSERT INTO TEST VALUES(640,'Julia','Hans',640)
SET AUTOCOMMIT TRUE
SET AUTOCOMMIT FALSE
DELETE FROM TEST WHERE ID=641
INSERT INTO TEST VALUES(641,'Julia','Hans',641)
SET AUTOCOMMIT TRUE
SET AUTOCOMMIT FALSE
DELETE FROM TEST WHERE ID=642
INSERT INTO TEST VALUES(642,'Julia','Hans',642)
SET AUTOCOMMIT TRUE
SET AUTOCOMMIT FALSE
DELETE FROM TEST WHERE ID=643
INSERT INTO TEST VALUES(643,'Julia','Hans',643)
SET AUTOCOMMIT TRUE
SET AUTOCOMMIT FALSE
DELETE FROM TEST WHERE ID=644
INSERT INTO TEST VALUES(644,'Julia','Hans',644)
SET AUTOCOMMIT TRUE
SET AUTOCOMMIT FALSE
DELETE FROM TEST WHERE ID=645
INSERT INTO TEST VALUES(645,'Julia','Hans',645)
SET AUTOCOMMIT TRUE
SET AUTOCOMMIT FALSE
DELETE FROM TEST WHERE ID=646
INSERT INTO TEST VALUES(646,'Julia','Hans',646)
SET AUTOCOMMIT TRUE
SET AUTOCOMMIT FALSE
DELETE FROM TEST WHERE ID=647
INSERT INTO TEST VALUES(647,'Julia','Hans',647)
SET AUTOCOMMIT TRUE
SET AUTOCOMMIT FALSE
DELETE FROM TEST WHERE ID=648
INSERT INTO TEST VALUES(648,'Julia','Hans',648)
SET AUTOCOMMIT TRUE
SET AUTOCOMMIT FALSE
DELETE FROM TEST WHERE ID=649
INSERT INTO TEST VALUES(649,'Julia','Hans',649)
SET AUTOCOMMIT TRUE
SET AUTOCOMMIT FALSE
DELETE FROM TEST WHERE ID=650
INSERT INTO TEST VALUES(650,'Julia','Hans',650)
SET AUTOCOMMIT TRUE
SET AUTOCOMMIT FALSE
DELETE FROM TEST WHERE ID=651
INSERT INTO TEST VALUES(651,'Julia','Hans',651)
SET AUTOCOMMIT TRUE
SET AUTOCOMMIT FALSE
DELETE FROM TEST WHERE ID=652
INSERT INTO TEST VALUES(652,'Julia','Hans',652)
SET AUTOCOMMIT TRUE
SET AUTOCOMMIT FALSE
DELETE FROM TEST WHERE ID=653
INSERT INTO TEST VALUES(653,'Julia','Hans',653)
SET AUTOCOMMIT TRUE
SET AUTOCOMMIT FALSE
DELETE FROM TEST WHERE ID=654
INSERT INTO TEST VALUES(654,'Julia','Hans',654)
SET AUTOCOMMIT TRUE
SET AUTOCOMMIT FALSE
DELETE FROM TEST WHERE ID=655
INSERT INTO TEST VALUES(655,'Julia','Hans',655)
SET AUTOCOMMIT TRUE
SET AUTOCOMMIT FALSE
DELETE FROM TEST WHERE ID=656
INSERT INTO TEST VALUES(656,'Julia','Hans',656)
SET AUTOCOMMIT TRUE
SET AUTOCOMMIT FALSE
DELETE FROM TEST WHERE ID=657
INSERT INTO TEST VALUES(657,'Julia','Hans',657)
SET AUTOCOMMIT TRUE
SET AUTOCOMMIT FALSE
DELETE FROM TEST WHERE ID=658
INSERT INTO TEST VALUES(658,'Julia','Hans',658)
SET AUTOCOMMIT TRUE
SET AUTOCOMMIT FALSE
DELETE FROM TEST WHERE ID=659
INSERT INTO TEST VALUES(659,'Julia','Hans',659)
SET AUTOCOMMIT TRUE
SET AUTOCOMMIT FALSE
DELETE FROM TEST WHERE ID=660
INSERT INTO TEST VALUES(660,'Julia','Hans',660)
SET AUTOCOMMIT TRUE
SET AUTOCOMMIT FALSE
DELETE FROM TEST WHERE ID=661
INSERT INTO TEST VALUES(661,'Julia','Hans',661)
SET AUTOCOMMIT TRUE
SET AUTOCOMMIT FALSE
DELETE FROM TEST WHERE ID=662
INSERT INTO TEST VALUES(662,'Julia','Hans',662)
SET AUTOCOMMIT TRUE
SET AUTOCOMMIT FALSE
DELETE FROM TEST WHERE ID=663
INSERT INTO TEST VALUES(663,'Julia','Hans',663)
SET AUTOCOMMIT TRUE
SET AUTOCOMMIT FALSE
DELETE FROM TEST WHERE ID=664
INSERT INTO TEST VALUES(664,'Julia','Hans',664)
SET AUTOCOMMIT TRUE
SET AUTOCOMMIT FALSE
DELETE FROM TEST WHERE ID=665
INSERT INTO TEST VALUES(665,'Julia','Hans',665)
SET AUTOCOMMIT TRUE
SET AUTOCOMMIT FALSE
DELETE FROM TEST WHERE ID=666
INSERT INTO TEST VALUES(666,'Julia','Hans',666)
SET AUTOCOMMIT TRUE
SET AUTOCOMMIT FALSE
DELETE FROM TEST WHERE ID=667
INSERT INTO TEST VALUES(667,'Julia','Hans',667)
SET AUTOCOMMIT TRUE
SET AUTOCOMMIT FALSE
DELETE FROM TEST WHERE ID=668
INSERT INTO TEST VALUES(668,'Julia','Hans',668)
SET AUTOCOMMIT TRUE
SET AUTOCOMMIT FALSE
DELETE FROM TEST WHERE ID=669
INSERT INTO TEST VALUES(669,'Julia','Hans',669)
SET AUTOCOMMIT TRUE
SET AUTOCOMMIT FALSE
DELETE FROM TEST WHERE ID=670
INSERT INTO TEST VALUES(670,'Julia','Hans',670)
SET AUTOCOMMIT TRUE
SET AUTOCOMMIT FALSE
DELETE FROM TEST WHERE ID=671
INSERT INTO TEST VALUES(671,'Julia','Hans',671)
SET AUTOCOMMIT TRUE
SET AUTOCOMMIT FALSE
DELETE FROM TEST WHERE ID=672
INSERT INTO TEST VALUES(672,'Julia','Hans',672)
SET AUTOCOMMIT TRUE
SET AUTOCOMMIT FALSE
DELETE FROM TEST WHERE ID=673
INSERT INTO TEST VALUES(673,'Julia','Hans',673)
SET AUTOCOMMIT TRUE
SET AUTOCOMMIT FALSE
DELETE FROM TEST WHERE ID=674
INSERT INTO TEST VALUES(674,'Julia','Hans',674)
SET AUTOCOMMIT TRUE
SET AUTOCOMMIT FALSE
DELETE FROM TEST WHERE ID=675
INSERT INTO TEST VALUES(675,'Julia','Hans',675)
SET AUTOCOMMIT TRUE
SET AUTOCOMMIT FALSE
DELETE FROM TEST WHERE ID=676
INSERT INTO TEST VALUES(676,'Julia','Hans',676)
SET AUTOCOMMIT TRUE
SET AUTOCOMMIT FALSE
DELETE FROM TEST WHERE ID=677
INSERT INTO TEST VALUES(677,'Julia','Hans',677)
SET AUTOCOMMIT TRUE
SET AUTOCOMMIT FALSE
DELETE FROM TEST WHERE ID=678
INSERT INTO TEST VALUES(678,'Julia','Hans',678)
SET AUTOCOMMIT TRUE
SET AUTOCOMMIT FALSE
DELETE FROM TEST WHERE ID=679
INSERT INTO TEST VALUES(679,'Julia','Hans',679)
SET AUTOCOMMIT TRUE
SET AUTOCOMMIT FALSE
DELETE FROM TEST WHERE ID=680
INSERT INTO TEST VALUES(680,'Julia','Hans',680)
SET AUTOCOMMIT TRUE
SET AUTOCOMMIT FALSE
DELETE FROM TEST WHERE ID=681
INSERT INTO TEST VALUES(681,'Julia','Hans',681)
SET AUTOCOMMIT TRUE
SET AUTOCOMMIT FALSE
DELETE FROM TEST WHERE ID=682
INSERT INTO TEST VALUES(682,'Julia','Hans',682)
SET AUTOCOMMIT TRUE
SET AUTOCOMMIT FALSE
DELETE FROM TEST WHERE ID=683
INSERT INTO TEST VALUES(683,'Julia','Hans',683)
SET AUTOCOMMIT TRUE
SET AUTOCOMMIT FALSE
DELETE FROM TEST WHERE ID=684
INSERT INTO TEST VALUES(684,'Julia','Hans',684)
SET AUTOCOMMIT TRUE
SET AUTOCOMMIT FALSE
DELETE FROM TEST WHERE ID=685
INSERT INTO TEST VALUES(685,'Julia','Hans',685)
SET AUTOCOMMIT TRUE
SET AUTOCOMMIT FALSE
DELETE FROM TEST WHERE ID=686
INSERT INTO TEST VALUES(686,'Julia','Hans',686)
SET AUTOCOMMIT TRUE
SET AUTOCOMMIT FALSE
DELETE FROM TEST WHERE ID=687
INSERT INTO TEST VALUES(687,'Julia','Hans',687)
SET AUTOCOMMIT TRUE
SET AUTOCOMMIT FALSE
DELETE FROM TEST WHERE ID=688
INSERT INTO TEST VALUES(688,'Julia','Hans',688)
SET AUTOCOMMIT TRUE
SET AUTOCOMMIT FALSE
DELETE FROM TEST WHERE ID=689
INSERT INTO TEST VALUES(689,'Julia','Hans',689)
SET AUTOCOMMIT TRUE
SET AUTOCOMMIT FALSE
DELETE FROM TEST WHERE ID=690
INSERT INTO TEST VALUES(690,'Julia','Hans',690)
SET AUTOCOMMIT TRUE
SET AUTOCOMMIT FALSE
DELETE FROM TEST WHERE ID=691
INSERT INTO TEST VALUES(691,'Julia','Hans',691)
SET AUTOCOMMIT TRUE
SET AUTOCOMMIT FALSE
DELETE FROM TEST WHERE ID=692
INSERT INTO TEST VALUES(692,'Julia','Hans',692)
SET AUTOCOMMIT TRUE
SET AUTOCOMMIT FALSE
DELETE FROM TEST WHERE ID=693
INSERT INTO TEST VALUES(693,'Julia','Hans',693)
SET AUTOCOMMIT TRUE
SET AUTOCOMMIT FALSE
DELETE FROM TEST WHERE ID=694
INSERT INTO TEST VALUES(694,'Julia','Hans',694)
SET AUTOCOMMIT TRUE
SET AUTOCOMMIT FALSE
DELETE FROM TEST WHERE ID=695
INSERT INTO TEST VALUES(695,'Julia','Hans',695)
SET AUTOCOMMIT TRUE
SET AUTOCOMMIT FALSE
DELETE FROM TEST WHERE ID=696
INSERT INTO TEST VALUES(696,'Julia','Hans',696)
SET AUTOCOMMIT TRUE
SET AUTOCOMMIT FALSE
DELETE FROM TEST WHERE ID=697
INSERT INTO TEST VALUES(697,'Julia','Hans',697)
SET AUTOCOMMIT TRUE
SET AUTOCOMMIT FALSE
DELETE FROM TEST WHERE ID=698
INSERT INTO TEST VALUES(698,'Julia','Hans',698)
SET AUTOCOMMIT TRUE
SET AUTOCOMMIT FALSE
DELETE FROM TEST WHERE ID=699
INSERT INTO TEST VALUES(699,'Julia','Hans',699)
SET AUTOCOMMIT TRUE
SET AUTOCOMMIT FALSE
DELETE FROM TEST WHERE ID=700
INSERT INTO TEST VALUES(700,'Julia','Hans',700)
SET AUTOCOMMIT TRUE
SET AUTOCOMMIT FALSE
DELETE FROM TEST WHERE ID=701
INSERT INTO TEST VALUES(701,'Julia','Hans',701)
SET AUTOCOMMIT TRUE
SET AUTOCOMMIT FALSE
DELETE FROM TEST WHERE ID=702
INSERT INTO TEST VALUES(702,'Julia','Hans',702)
SET AUTOCOMMIT TRUE
SET AUTOCOMMIT FALSE
DELETE FROM TEST WHERE ID=703
INSERT INTO TEST VALUES(703,'Julia','Hans',703)
SET AUTOCOMMIT TRUE
SET AUTOCOMMIT FALSE
DELETE FROM TEST WHERE ID=704
INSERT INTO TEST VALUES(704,'Julia','Hans',704)
SET AUTOCOMMIT TRUE
SET AUTOCOMMIT FALSE
DELETE FROM TEST WHERE ID=705
INSERT INTO TEST VALUES(705,'Julia','Hans',705)
SET AUTOCOMMIT TRUE
SET AUTOCOMMIT FALSE
DELETE FROM TEST WHERE ID=706
INSERT INTO TEST VALUES(706,'Julia','Hans',706)
SET AUTOCOMMIT TRUE
SET AUTOCOMMIT FALSE
DELETE FROM TEST WHERE ID=707
INSERT INTO TEST VALUES(707,'Julia','Hans',707)
SET AUTOCOMMIT TRUE
SET AUTOCOMMIT FALSE
DELETE FROM TEST WHERE ID=708
INSERT INTO TEST VALUES(708,'Julia','Hans',708)
SET AUTOCOMMIT TRUE
SET AUTOCOMMIT FALSE
DELETE FROM TEST WHERE ID=709
INSERT INTO TEST VALUES(709,'Julia','Hans',709)
SET AUTOCOMMIT TRUE
SET AUTOCOMMIT FALSE
DELETE FROM TEST WHERE ID=710
INSERT INTO TEST VALUES(710,'Julia','Hans',710)
SET AUTOCOMMIT TRUE
SET AUTOCOMMIT FALSE
DELETE FROM TEST WHERE ID=711
INSERT INTO TEST VALUES(711,'Julia','Hans',711)
SET AUTOCOMMIT TRUE
SET AUTOCOMMIT FALSE
DELETE FROM TEST WHERE ID=712
INSERT INTO TEST VALUES(712,'Julia','Hans',712)
SET AUTOCOMMIT TRUE
SET AUTOCOMMIT FALSE
DELETE FROM TEST WHERE ID=713
INSERT INTO TEST VALUES(713,'Julia','Hans',713)
SET AUTOCOMMIT TRUE
SET AUTOCOMMIT FALSE
DELETE FROM TEST WHERE ID=714
INSERT INTO TEST VALUES(714,'Julia','Hans',714)
SET AUTOCOMMIT TRUE
SET AUTOCOMMIT FALSE
DELETE FROM TEST WHERE ID=715
INSERT INTO TEST VALUES(715,'Julia','Hans',715)
SET AUTOCOMMIT TRUE
SET AUTOCOMMIT FALSE
DELETE FROM TEST WHERE ID=716
INSERT INTO TEST VALUES(716,'Julia','Hans',716)
SET AUTOCOMMIT TRUE
SET AUTOCOMMIT FALSE
DELETE FROM TEST WHERE ID=717
INSERT INTO TEST VALUES(717,'Julia','Hans',717)
SET AUTOCOMMIT TRUE
SET AUTOCOMMIT FALSE
DELETE FROM TEST WHERE ID=718
INSERT INTO TEST VALUES(718,'Julia','Hans',718)
SET AUTOCOMMIT TRUE
SET AUTOCOMMIT FALSE
DELETE FROM TEST WHERE ID=719
INSERT INTO TEST VALUES(719,'Julia','Hans',719)
SET AUTOCOMMIT TRUE
SET AUTOCOMMIT FALSE
DELETE FROM TEST WHERE ID=720
INSERT INTO TEST VALUES(720,'Julia','Hans',720)
SET AUTOCOMMIT TRUE
SET AUTOCOMMIT FALSE
DELETE FROM TEST WHERE ID=721
INSERT INTO TEST VALUES(721,'Julia','Hans',721)
SET AUTOCOMMIT TRUE
SET AUTOCOMMIT FALSE
DELETE FROM TEST WHERE ID=722
INSERT INTO TEST VALUES(722,'Julia','Hans',722)
SET AUTOCOMMIT TRUE
SET AUTOCOMMIT FALSE
DELETE FROM TEST WHERE ID=723
INSERT INTO TEST VALUES(723,'Julia','Hans',723)
SET AUTOCOMMIT TRUE
SET AUTOCOMMIT FALSE
DELETE FROM TEST WHERE ID=724
INSERT INTO TEST VALUES(724,'Julia','Hans',724)
SET AUTOCOMMIT TRUE
SET AUTOCOMMIT FALSE
DELETE FROM TEST WHERE ID=725
INSERT INTO TEST VALUES(725,'Julia','Hans',725)
SET AUTOCOMMIT TRUE
SET AUTOCOMMIT FALSE
DELETE FROM TEST WHERE ID=726
INSERT INTO TEST VALUES(726,'Julia','Hans',726)
SET AUTOCOMMIT TRUE
SET AUTOCOMMIT FALSE
DELETE FROM TEST WHERE ID=727
INSERT INTO TEST VALUES(727,'Julia','Hans',727)
SET AUTOCOMMIT TRUE
SET AUTOCOMMIT FALSE
DELETE FROM TEST WHERE ID=728
INSERT INTO TEST VALUES(728,'Julia','Hans',728)
SET AUTOCOMMIT TRUE
SET AUTOCOMMIT FALSE
DELETE FROM TEST WHERE ID=729
INSERT INTO TEST VALUES(729,'Julia','Hans',729)
SET AUTOCOMMIT TRUE
SET AUTOCOMMIT FALSE
DELETE FROM TEST WHERE ID=730
INSERT INTO TEST VALUES(730,'Julia','Hans',730)
SET AUTOCOMMIT TRUE
SET AUTOCOMMIT FALSE
DELETE FROM TEST WHERE ID=731
INSERT INTO TEST VALUES(731,'Julia','Hans',731)
SET AUTOCOMMIT TRUE
SET AUTOCOMMIT FALSE
DELETE FROM TEST WHERE ID=732
INSERT INTO TEST VALUES(732,'Julia','Hans',732)
SET AUTOCOMMIT TRUE
SET AUTOCOMMIT FALSE
DELETE FROM TEST WHERE ID=733
INSERT INTO TEST VALUES(733,'Julia','Hans',733)
SET AUTOCOMMIT TRUE
SET AUTOCOMMIT FALSE
DELETE FROM TEST WHERE ID=734
INSERT INTO TEST VALUES(734,'Julia','Hans',734)
SET AUTOCOMMIT TRUE
SET AUTOCOMMIT FALSE
DELETE FROM TEST WHERE ID=735
INSERT INTO TEST VALUES(735,'Julia','Hans',735)
SET AUTOCOMMIT TRUE
SET AUTOCOMMIT FALSE
DELETE FROM TEST WHERE ID=736
INSERT INTO TEST VALUES(736,'Julia','Hans',736)
SET AUTOCOMMIT TRUE
SET AUTOCOMMIT FALSE
DELETE FROM TEST WHERE ID=737
INSERT INTO TEST VALUES(737,'Julia','Hans',737)
SET AUTOCOMMIT TRUE
SET AUTOCOMMIT FALSE
DELETE FROM TEST WHERE ID=738
INSERT INTO TEST VALUES(738,'Julia','Hans',738)
SET AUTOCOMMIT TRUE
SET AUTOCOMMIT FALSE
DELETE FROM TEST WHERE ID=739
INSERT INTO TEST VALUES(739,'Julia','Hans',739)
SET AUTOCOMMIT TRUE
SET AUTOCOMMIT FALSE
DELETE FROM TEST WHERE ID=740
INSERT INTO TEST VALUES(740,'Julia','Hans',740)
SET AUTOCOMMIT TRUE
SET AUTOCOMMIT FALSE
DELETE FROM TEST WHERE ID=741
INSERT INTO TEST VALUES(741,'Julia','Hans',741)
SET AUTOCOMMIT TRUE
SET AUTOCOMMIT FALSE
DELETE FROM TEST WHERE ID=742
INSERT INTO TEST VALUES(742,'Julia','Hans',742)
SET AUTOCOMMIT TRUE
SET AUTOCOMMIT FALSE
DELETE FROM TEST WHERE ID=743
INSERT INTO TEST VALUES(743,'Julia','Hans',743)
SET AUTOCOMMIT TRUE
SET AUTOCOMMIT FALSE
DELETE FROM TEST WHERE ID=744
INSERT INTO TEST VALUES(744,'Julia','Hans',744)
SET AUTOCOMMIT TRUE
SET AUTOCOMMIT FALSE
DELETE FROM TEST WHERE ID=745
INSERT INTO TEST VALUES(745,'Julia','Hans',745)
SET AUTOCOMMIT TRUE
SET AUTOCOMMIT FALSE
DELETE FROM TEST WHERE ID=746
INSERT INTO TEST VALUES(746,'Julia','Hans',746)
SET AUTOCOMMIT TRUE
SET AUTOCOMMIT FALSE
DELETE FROM TEST WHERE ID=747
INSERT INTO TEST VALUES(747,'Julia','Hans',747)
SET AUTOCOMMIT TRUE
SET AUTOCOMMIT FALSE
DELETE FROM TEST WHERE ID=748
INSERT INTO TEST VALUES(748,'Julia','Hans',748)
SET AUTOCOMMIT TRUE
SET AUTOCOMMIT FALSE
DELETE FROM TEST WHERE ID=749
INSERT INTO TEST VALUES(749,'Julia','Hans',749)
SET AUTOCOMMIT TRUE
SET AUTOCOMMIT FALSE
DELETE FROM TEST WHERE ID=750
INSERT INTO TEST VALUES(750,'Julia','Hans',750)
SET AUTOCOMMIT TRUE
SET AUTOCOMMIT FALSE
DELETE FROM TEST WHERE ID=751
INSERT INTO TEST VALUES(751,'Julia','Hans',751)
SET AUTOCOMMIT TRUE
SET AUTOCOMMIT FALSE
DELETE FROM TEST WHERE ID=752
INSERT INTO TEST VALUES(752,'Julia','Hans',752)
SET AUTOCOMMIT TRUE
SET AUTOCOMMIT FALSE
DELETE FROM TEST WHERE ID=753
INSERT INTO TEST VALUES(753,'Julia','Hans',753)
SET AUTOCOMMIT TRUE
SET AUTOCOMMIT FALSE
DELETE FROM TEST WHERE ID=754
INSERT INTO TEST VALUES(754,'Julia','Hans',754)
SET AUTOCOMMIT TRUE
SET AUTOCOMMIT FALSE
DELETE FROM TEST WHERE ID=755
INSERT INTO TEST VALUES(755,'Julia','Hans',755)
SET AUTOCOMMIT TRUE
SET AUTOCOMMIT FALSE
DELETE FROM TEST WHERE ID=756
INSERT INTO TEST VALUES(756,'Julia','Hans',756)
SET AUTOCOMMIT TRUE
SET AUTOCOMMIT FALSE
DELETE FROM TEST WHERE ID=757
INSERT INTO TEST VALUES(757,'Julia','Hans',757)
SET AUTOCOMMIT TRUE
SET AUTOCOMMIT FALSE
DELETE FROM TEST WHERE ID=758
INSERT INTO TEST VALUES(758,'Julia','Hans',758)
SET AUTOCOMMIT TRUE
SET AUTOCOMMIT FALSE
DELETE FROM TEST WHERE ID=759
INSERT INTO TEST VALUES(759,'Julia','Hans',759)
SET AUTOCOMMIT TRUE
SET AUTOCOMMIT FALSE
DELETE FROM TEST WHERE ID=760
INSERT INTO TEST VALUES(760,'Julia','Hans',760)
SET AUTOCOMMIT TRUE
SET AUTOCOMMIT FALSE
DELETE FROM TEST WHERE ID=761
INSERT INTO TEST VALUES(761,'Julia','Hans',761)
SET AUTOCOMMIT TRUE
SET AUTOCOMMIT FALSE
DELETE FROM TEST WHERE ID=762
INSERT INTO TEST VALUES(762,'Julia','Hans',762)
SET AUTOCOMMIT TRUE
SET AUTOCOMMIT FALSE
DELETE FROM TEST WHERE ID=763
INSERT INTO TEST VALUES(763,'Julia','Hans',763)
SET AUTOCOMMIT TRUE
SET AUTOCOMMIT FALSE
DELETE FROM TEST WHERE ID=764
INSERT INTO TEST VALUES(764,'Julia','Hans',764)
SET AUTOCOMMIT TRUE
SET AUTOCOMMIT FALSE
DELETE FROM TEST WHERE ID=765
INSERT INTO TEST VALUES(765,'Julia','Hans',765)
SET AUTOCOMMIT TRUE
SET AUTOCOMMIT FALSE
DELETE FROM TEST WHERE ID=766
INSERT INTO TEST VALUES(766,'Julia','Hans',766)
SET AUTOCOMMIT TRUE
SET AUTOCOMMIT FALSE
DELETE FROM TEST WHERE ID=767
INSERT INTO TEST VALUES(767,'Julia','Hans',767)
SET AUTOCOMMIT TRUE
SET AUTOCOMMIT FALSE
DELETE FROM TEST WHERE ID=768
INSERT INTO TEST VALUES(768,'Julia','Hans',768)
SET AUTOCOMMIT TRUE
SET AUTOCOMMIT FALSE
DELETE FROM TEST WHERE ID=769
INSERT INTO TEST VALUES(769,'Julia','Hans',769)
SET AUTOCOMMIT TRUE
SET AUTOCOMMIT FALSE
DELETE FROM TEST WHERE ID=770
INSERT INTO TEST VALUES(770,'Julia','Hans',770)
SET AUTOCOMMIT TRUE
SET AUTOCOMMIT FALSE
DELETE FROM TEST WHERE ID=771
INSERT INTO TEST VALUES(771,'Julia','Hans',771)
SET AUTOCOMMIT TRUE
SET AUTOCOMMIT FALSE
DELETE FROM TEST WHERE ID=772
INSERT INTO TEST VALUES(772,'Julia','Hans',772)
SET AUTOCOMMIT TRUE
SET AUTOCOMMIT FALSE
DELETE FROM TEST WHERE ID=773
INSERT INTO TEST VALUES(773,'Julia','Hans',773)
SET AUTOCOMMIT TRUE
SET AUTOCOMMIT FALSE
DELETE FROM TEST WHERE ID=774
INSERT INTO TEST VALUES(774,'Julia','Hans',774)
SET AUTOCOMMIT TRUE
SET AUTOCOMMIT FALSE
DELETE FROM TEST WHERE ID=775
INSERT INTO TEST VALUES(775,'Julia','Hans',775)
SET AUTOCOMMIT TRUE
SET AUTOCOMMIT FALSE
DELETE FROM TEST WHERE ID=776
INSERT INTO TEST VALUES(776,'Julia','Hans',776)
SET AUTOCOMMIT TRUE
SET AUTOCOMMIT FALSE
DELETE FROM TEST WHERE ID=777
INSERT INTO TEST VALUES(777,'Julia','Hans',777)
SET AUTOCOMMIT TRUE
SET AUTOCOMMIT FALSE
DELETE FROM TEST WHERE ID=778
INSERT INTO TEST VALUES(778,'Julia','Hans',778)
SET AUTOCOMMIT TRUE
SET AUTOCOMMIT FALSE
DELETE FROM TEST WHERE ID=779
INSERT INTO TEST VALUES(779,'Julia','Hans',779)
SET AUTOCOMMIT TRUE
SET AUTOCOMMIT FALSE
DELETE FROM TEST WHERE ID=780
INSERT INTO TEST VALUES(780,'Julia','Hans',780)
SET AUTOCOMMIT TRUE
SET AUTOCOMMIT FALSE
DELETE FROM TEST WHERE ID=781
INSERT INTO TEST VALUES(781,'Julia','Hans',781)
SET AUTOCOMMIT TRUE
SET AUTOCOMMIT FALSE
DELETE FROM TEST WHERE ID=782
INSERT INTO TEST VALUES(782,'Julia','Hans',782)
SET AUTOCOMMIT TRUE
SET AUTOCOMMIT FALSE
DELETE FROM TEST WHERE ID=783
INSERT INTO TEST VALUES(783,'Julia','Hans',783)
SET AUTOCOMMIT TRUE
SET AUTOCOMMIT FALSE
DELETE FROM TEST WHERE ID=784
INSERT INTO TEST VALUES(784,'Julia','Hans',784)
SET AUTOCOMMIT TRUE
SET AUTOCOMMIT FALSE
DELETE FROM TEST WHERE ID=785
INSERT INTO TEST VALUES(785,'Julia','Hans',785)
SET AUTOCOMMIT TRUE
SET AUTOCOMMIT FALSE
DELETE FROM TEST WHERE ID=786
INSERT INTO TEST VALUES(786,'Julia','Hans',786)
SET AUTOCOMMIT TRUE
SET AUTOCOMMIT FALSE
DELETE FROM TEST WHERE ID=787
INSERT INTO TEST VALUES(787,'Julia','Hans',787)
SET AUTOCOMMIT TRUE
SET AUTOCOMMIT FALSE
DELETE FROM TEST WHERE ID=788
INSERT INTO TEST VALUES(788,'Julia','Hans',788)
SET AUTOCOMMIT TRUE
SET AUTOCOMMIT FALSE
DELETE FROM TEST WHERE ID=789
INSERT INTO TEST VALUES(789,'Julia','Hans',789)
SET AUTOCOMMIT TRUE
SET AUTOCOMMIT FALSE
DELETE FROM TEST WHERE ID=790
INSERT INTO TEST VALUES(790,'Julia','Hans',790)
SET AUTOCOMMIT TRUE
SET AUTOCOMMIT FALSE
DELETE FROM TEST WHERE ID=791
INSERT INTO TEST VALUES(791,'Julia','Hans',791)
SET AUTOCOMMIT TRUE
SET AUTOCOMMIT FALSE
DELETE FROM TEST WHERE ID=792
INSERT INTO TEST VALUES(792,'Julia','Hans',792)
SET AUTOCOMMIT TRUE
SET AUTOCOMMIT FALSE
DELETE FROM TEST WHERE ID=793
INSERT INTO TEST VALUES(793,'Julia','Hans',793)
SET AUTOCOMMIT TRUE
SET AUTOCOMMIT FALSE
DELETE FROM TEST WHERE ID=794
INSERT INTO TEST VALUES(794,'Julia','Hans',794)
SET AUTOCOMMIT TRUE
SET AUTOCOMMIT FALSE
DELETE FROM TEST WHERE ID=795
INSERT INTO TEST VALUES(795,'Julia','Hans',795)
SET AUTOCOMMIT TRUE
SET AUTOCOMMIT FALSE
DELETE FROM TEST WHERE ID=796
INSERT INTO TEST VALUES(796,'Julia','Hans',796)
SET AUTOCOMMIT TRUE
SET AUTOCOMMIT FALSE
DELETE FROM TEST WHERE ID=797
INSERT INTO TEST VALUES(797,'Julia','Hans',797)
SET AUTOCOMMIT TRUE
SET AUTOCOMMIT FALSE
DELETE FROM TEST WHERE ID=798
INSERT INTO TEST VALUES(798,'Julia','Hans',798)
SET AUTOCOMMIT TRUE
SET AUTOCOMMIT FALSE
DELETE FROM TEST WHERE ID=799
INSERT INTO TEST VALUES(799,'Julia','Hans',799)
SET AUTOCOMMIT TRUE
SET AUTOCOMMIT FALSE
DELETE FROM TEST WHERE ID=800
INSERT INTO TEST VALUES(800,'Julia','Hans',800)
SET AUTOCOMMIT TRUE
SET AUTOCOMMIT FALSE
DELETE FROM TEST WHERE ID=801
INSERT INTO TEST VALUES(801,'Julia','Hans',801)
SET AUTOCOMMIT TRUE
SET AUTOCOMMIT FALSE
DELETE FROM TEST WHERE ID=802
INSERT INTO TEST VALUES(802,'Julia','Hans',802)
SET AUTOCOMMIT TRUE
SET AUTOCOMMIT FALSE
DELETE FROM TEST WHERE ID=803
INSERT INTO TEST VALUES(803,'Julia','Hans',803)
SET AUTOCOMMIT TRUE
SET AUTOCOMMIT FALSE
DELETE FROM TEST WHERE ID=804
INSERT INTO TEST VALUES(804,'Julia','Hans',804)
SET AUTOCOMMIT TRUE
SET AUTOCOMMIT FALSE
DELETE FROM TEST WHERE ID=805
INSERT INTO TEST VALUES(805,'Julia','Hans',805)
SET AUTOCOMMIT TRUE
SET AUTOCOMMIT FALSE
DELETE FROM TEST WHERE ID=806
INSERT INTO TEST VALUES(806,'Julia','Hans',806)
SET AUTOCOMMIT TRUE
SET AUTOCOMMIT FALSE
DELETE FROM TEST WHERE ID=807
INSERT INTO TEST VALUES(807,'Julia','Hans',807)
SET AUTOCOMMIT TRUE
SET AUTOCOMMIT FALSE
DELETE FROM TEST WHERE ID=808
INSERT INTO TEST VALUES(808,'Julia','Hans',808)
SET AUTOCOMMIT TRUE
SET AUTOCOMMIT FALSE
DELETE FROM TEST WHERE ID=809
INSERT INTO TEST VALUES(809,'Julia','Hans',809)
SET AUTOCOMMIT TRUE
SET AUTOCOMMIT FALSE
DELETE FROM TEST WHERE ID=810
INSERT INTO TEST VALUES(810,'Julia','Hans',810)
SET AUTOCOMMIT TRUE
SET AUTOCOMMIT FALSE
DELETE FROM TEST WHERE ID=811
INSERT INTO TEST VALUES(811,'Julia','Hans',811)
SET AUTOCOMMIT TRUE
SET AUTOCOMMIT FALSE
DELETE FROM TEST WHERE ID=812
INSERT INTO TEST VALUES(812,'Julia','Hans',812)
SET AUTOCOMMIT TRUE
SET AUTOCOMMIT FALSE
DELETE FROM TEST WHERE ID=813
INSERT INTO TEST VALUES(813,'Julia','Hans',813)
SET AUTOCOMMIT TRUE
SET AUTOCOMMIT FALSE
DELETE FROM TEST WHERE ID=814
INSERT INTO TEST VALUES(814,'Julia','Hans',814)
SET AUTOCOMMIT TRUE
SET AUTOCOMMIT FALSE
DELETE FROM TEST WHERE ID=815
INSERT INTO TEST VALUES(815,'Julia','Hans',815)
SET AUTOCOMMIT TRUE
SET AUTOCOMMIT FALSE
DELETE FROM TEST WHERE ID=816
INSERT INTO TEST VALUES(816,'Julia','Hans',816)
SET AUTOCOMMIT TRUE
SET AUTOCOMMIT FALSE
DELETE FROM TEST WHERE ID=817
INSERT INTO TEST VALUES(817,'Julia','Hans',817)
SET AUTOCOMMIT TRUE
SET AUTOCOMMIT FALSE
DELETE FROM TEST WHERE ID=818
INSERT INTO TEST VALUES(818,'Julia','Hans',818)
SET AUTOCOMMIT TRUE
SET AUTOCOMMIT FALSE
DELETE FROM TEST WHERE ID=819
INSERT INTO TEST VALUES(819,'Julia','Hans',819)
SET AUTOCOMMIT TRUE
SET AUTOCOMMIT FALSE
DELETE FROM TEST WHERE ID=820
INSERT INTO TEST VALUES(820,'Julia','Hans',820)
SET AUTOCOMMIT TRUE
SET AUTOCOMMIT FALSE
DELETE FROM TEST WHERE ID=821
INSERT INTO TEST VALUES(821,'Julia','Hans',821)
SET AUTOCOMMIT TRUE
SET AUTOCOMMIT FALSE
DELETE FROM TEST WHERE ID=822
INSERT INTO TEST VALUES(822,'Julia','Hans',822)
SET AUTOCOMMIT TRUE
SET AUTOCOMMIT FALSE
DELETE FROM TEST WHERE ID=823
INSERT INTO TEST VALUES(823,'Julia','Hans',823)
SET AUTOCOMMIT TRUE
SET AUTOCOMMIT FALSE
DELETE FROM TEST WHERE ID=824
INSERT INTO TEST VALUES(824,'Julia','Hans',824)
SET AUTOCOMMIT TRUE
SET AUTOCOMMIT FALSE
DELETE FROM TEST WHERE ID=825
INSERT INTO TEST VALUES(825,'Julia','Hans',825)
SET AUTOCOMMIT TRUE
SET AUTOCOMMIT FALSE
DELETE FROM TEST WHERE ID=826
INSERT INTO TEST VALUES(826,'Julia','Hans',826)
SET AUTOCOMMIT TRUE
SET AUTOCOMMIT FALSE
DELETE FROM TEST WHERE ID=827
INSERT INTO TEST VALUES(827,'Julia','Hans',827)
SET AUTOCOMMIT TRUE
SET AUTOCOMMIT FALSE
DELETE FROM TEST WHERE ID=828
INSERT INTO TEST VALUES(828,'Julia','Hans',828)
SET AUTOCOMMIT TRUE
SET AUTOCOMMIT FALSE
DELETE FROM TEST WHERE ID=829
INSERT INTO TEST VALUES(829,'Julia','Hans',829)
SET AUTOCOMMIT TRUE
SET AUTOCOMMIT FALSE
DELETE FROM TEST WHERE ID=830
INSERT INTO TEST VALUES(830,'Julia','Hans',830)
SET AUTOCOMMIT TRUE
SET AUTOCOMMIT FALSE
DELETE FROM TEST WHERE ID=831
INSERT INTO TEST VALUES(831,'Julia','Hans',831)
SET AUTOCOMMIT TRUE
SET AUTOCOMMIT FALSE
DELETE FROM TEST WHERE ID=832
INSERT INTO TEST VALUES(832,'Julia','Hans',832)
SET AUTOCOMMIT TRUE
SET AUTOCOMMIT FALSE
DELETE FROM TEST WHERE ID=833
INSERT INTO TEST VALUES(833,'Julia','Hans',833)
SET AUTOCOMMIT TRUE
SET AUTOCOMMIT FALSE
DELETE FROM TEST WHERE ID=834
INSERT INTO TEST VALUES(834,'Julia','Hans',834)
SET AUTOCOMMIT TRUE
SET AUTOCOMMIT FALSE
DELETE FROM TEST WHERE ID=835
INSERT INTO TEST VALUES(835,'Julia','Hans',835)
SET AUTOCOMMIT TRUE
SET AUTOCOMMIT FALSE
DELETE FROM TEST WHERE ID=836
INSERT INTO TEST VALUES(836,'Julia','Hans',836)
SET AUTOCOMMIT TRUE
SET AUTOCOMMIT FALSE
DELETE FROM TEST WHERE ID=837
INSERT INTO TEST VALUES(837,'Julia','Hans',837)
SET AUTOCOMMIT TRUE
SET AUTOCOMMIT FALSE
DELETE FROM TEST WHERE ID=838
INSERT INTO TEST VALUES(838,'Julia','Hans',838)
SET AUTOCOMMIT TRUE
SET AUTOCOMMIT FALSE
DELETE FROM TEST WHERE ID=839
INSERT INTO TEST VALUES(839,'Julia','Hans',839)
SET AUTOCOMMIT TRUE
SET AUTOCOMMIT FALSE
DELETE FROM TEST WHERE ID=840
INSERT INTO TEST VALUES(840,'Julia','Hans',840)
SET AUTOCOMMIT TRUE
SET AUTOCOMMIT FALSE
DELETE FROM TEST WHERE ID=841
INSERT INTO TEST VALUES(841,'Julia','Hans',841)
SET AUTOCOMMIT TRUE
SET AUTOCOMMIT FALSE
DELETE FROM TEST WHERE ID=842
INSERT INTO TEST VALUES(842,'Julia','Hans',842)
SET AUTOCOMMIT TRUE
SET AUTOCOMMIT FALSE
DELETE FROM TEST WHERE ID=843
INSERT INTO TEST VALUES(843,'Julia','Hans',843)
SET AUTOCOMMIT TRUE
SET AUTOCOMMIT FALSE
DELETE FROM TEST WHERE ID=844
INSERT INTO TEST VALUES(844,'Julia','Hans',844)
SET AUTOCOMMIT TRUE
SET AUTOCOMMIT FALSE
DELETE FROM TEST WHERE ID=845
INSERT INTO TEST VALUES(845,'Julia','Hans',845)
SET AUTOCOMMIT TRUE
SET AUTOCOMMIT FALSE
DELETE FROM TEST WHERE ID=846
INSERT INTO TEST VALUES(846,'Julia','Hans',846)
SET AUTOCOMMIT TRUE
SET AUTOCOMMIT FALSE
DELETE FROM TEST WHERE ID=847
INSERT INTO TEST VALUES(847,'Julia','Hans',847)
SET AUTOCOMMIT TRUE
SET AUTOCOMMIT FALSE
DELETE FROM TEST WHERE ID=848
INSERT INTO TEST VALUES(848,'Julia','Hans',848)
SET AUTOCOMMIT TRUE
SET AUTOCOMMIT FALSE
DELETE FROM TEST WHERE ID=849
INSERT INTO TEST VALUES(849,'Julia','Hans',849)
SET AUTOCOMMIT TRUE
SET AUTOCOMMIT FALSE
DELETE FROM TEST WHERE ID=850
INSERT INTO TEST VALUES(850,'Julia','Hans',850)
SET AUTOCOMMIT TRUE
SET AUTOCOMMIT FALSE
DELETE FROM TEST WHERE ID=851
INSERT INTO TEST VALUES(851,'Julia','Hans',851)
SET AUTOCOMMIT TRUE
SET AUTOCOMMIT FALSE
DELETE FROM TEST WHERE ID=852
INSERT INTO TEST VALUES(852,'Julia','Hans',852)
SET AUTOCOMMIT TRUE
SET AUTOCOMMIT FALSE
DELETE FROM TEST WHERE ID=853
INSERT INTO TEST VALUES(853,'Julia','Hans',853)
SET AUTOCOMMIT TRUE
SET AUTOCOMMIT FALSE
DELETE FROM TEST WHERE ID=854
INSERT INTO TEST VALUES(854,'Julia','Hans',854)
SET AUTOCOMMIT TRUE
SET AUTOCOMMIT FALSE
DELETE FROM TEST WHERE ID=855
INSERT INTO TEST VALUES(855,'Julia','Hans',855)
SET AUTOCOMMIT TRUE
SET AUTOCOMMIT FALSE
DELETE FROM TEST WHERE ID=856
INSERT INTO TEST VALUES(856,'Julia','Hans',856)
SET AUTOCOMMIT TRUE
SET AUTOCOMMIT FALSE
DELETE FROM TEST WHERE ID=857
INSERT INTO TEST VALUES(857,'Julia','Hans',857)
SET AUTOCOMMIT TRUE
SET AUTOCOMMIT FALSE
DELETE FROM TEST WHERE ID=858
INSERT INTO TEST VALUES(858,'Julia','Hans',858)
SET AUTOCOMMIT TRUE
SET AUTOCOMMIT FALSE
DELETE FROM TEST WHERE ID=859
INSERT INTO TEST VALUES(859,'Julia','Hans',859)
SET AUTOCOMMIT TRUE
SET AUTOCOMMIT FALSE
DELETE FROM TEST WHERE ID=860
INSERT INTO TEST VALUES(860,'Julia','Hans',860)
SET AUTOCOMMIT TRUE
SET AUTOCOMMIT FALSE
DELETE FROM TEST WHERE ID=861
INSERT INTO TEST VALUES(861,'Julia','Hans',861)
SET AUTOCOMMIT TRUE
SET AUTOCOMMIT FALSE
DELETE FROM TEST WHERE ID=862
INSERT INTO TEST VALUES(862,'Julia','Hans',862)
SET AUTOCOMMIT TRUE
SET AUTOCOMMIT FALSE
DELETE FROM TEST WHERE ID=863
INSERT INTO TEST VALUES(863,'Julia','Hans',863)
SET AUTOCOMMIT TRUE
SET AUTOCOMMIT FALSE
DELETE FROM TEST WHERE ID=864
INSERT INTO TEST VALUES(864,'Julia','Hans',864)
SET AUTOCOMMIT TRUE
SET AUTOCOMMIT FALSE
DELETE FROM TEST WHERE ID=865
INSERT INTO TEST VALUES(865,'Julia','Hans',865)
SET AUTOCOMMIT TRUE
SET AUTOCOMMIT FALSE
DELETE FROM TEST WHERE ID=866
INSERT INTO TEST VALUES(866,'Julia','Hans',866)
SET AUTOCOMMIT TRUE
SET AUTOCOMMIT FALSE
DELETE FROM TEST WHERE ID=867
INSERT INTO TEST VALUES(867,'Julia','Hans',867)
SET AUTOCOMMIT TRUE
SET AUTOCOMMIT FALSE
DELETE FROM TEST WHERE ID=868
INSERT INTO TEST VALUES(868,'Julia','Hans',868)
SET AUTOCOMMIT TRUE
SET AUTOCOMMIT FALSE
DELETE FROM TEST WHERE ID=869
INSERT INTO TEST VALUES(869,'Julia','Hans',869)
SET AUTOCOMMIT TRUE
SET AUTOCOMMIT FALSE
DELETE FROM TEST WHERE ID=870
INSERT INTO TEST VALUES(870,'Julia','Hans',870)
SET AUTOCOMMIT TRUE
SET AUTOCOMMIT FALSE
DELETE FROM TEST WHERE ID=871
INSERT INTO TEST VALUES(871,'Julia','Hans',871)
SET AUTOCOMMIT TRUE
SET AUTOCOMMIT FALSE
DELETE FROM TEST WHERE ID=872
INSERT INTO TEST VALUES(872,'Julia','Hans',872)
SET AUTOCOMMIT TRUE
SET AUTOCOMMIT FALSE
DELETE FROM TEST WHERE ID=873
INSERT INTO TEST VALUES(873,'Julia','Hans',873)
SET AUTOCOMMIT TRUE
SET AUTOCOMMIT FALSE
DELETE FROM TEST WHERE ID=874
INSERT INTO TEST VALUES(874,'Julia','Hans',874)
SET AUTOCOMMIT TRUE
SET AUTOCOMMIT FALSE
DELETE FROM TEST WHERE ID=875
INSERT INTO TEST VALUES(875,'Julia','Hans',875)
SET AUTOCOMMIT TRUE
SET AUTOCOMMIT FALSE
DELETE FROM TEST WHERE ID=876
INSERT INTO TEST VALUES(876,'Julia','Hans',876)
SET AUTOCOMMIT TRUE
SET AUTOCOMMIT FALSE
DELETE FROM TEST WHERE ID=877
INSERT INTO TEST VALUES(877,'Julia','Hans',877)
SET AUTOCOMMIT TRUE
SET AUTOCOMMIT FALSE
DELETE FROM TEST WHERE ID=878
INSERT INTO TEST VALUES(878,'Julia','Hans',878)
SET AUTOCOMMIT TRUE
SET AUTOCOMMIT FALSE
DELETE FROM TEST WHERE ID=879
INSERT INTO TEST VALUES(879,'Julia','Hans',879)
SET AUTOCOMMIT TRUE
SET AUTOCOMMIT FALSE
DELETE FROM TEST WHERE ID=880
INSERT INTO TEST VALUES(880,'Julia','Hans',880)
SET AUTOCOMMIT TRUE
SET AUTOCOMMIT FALSE
DELETE FROM TEST WHERE ID=881
INSERT INTO TEST VALUES(881,'Julia','Hans',881)
SET AUTOCOMMIT TRUE
SET AUTOCOMMIT FALSE
DELETE FROM TEST WHERE ID=882
INSERT INTO TEST VALUES(882,'Julia','Hans',882)
SET AUTOCOMMIT TRUE
SET AUTOCOMMIT FALSE
DELETE FROM TEST WHERE ID=883
INSERT INTO TEST VALUES(883,'Julia','Hans',883)
SET AUTOCOMMIT TRUE
SET AUTOCOMMIT FALSE
DELETE FROM TEST WHERE ID=884
INSERT INTO TEST VALUES(884,'Julia','Hans',884)
SET AUTOCOMMIT TRUE
SET AUTOCOMMIT FALSE
DELETE FROM TEST WHERE ID=885
INSERT INTO TEST VALUES(885,'Julia','Hans',885)
SET AUTOCOMMIT TRUE
SET AUTOCOMMIT FALSE
DELETE FROM TEST WHERE ID=886
INSERT INTO TEST VALUES(886,'Julia','Hans',886)
SET AUTOCOMMIT TRUE
SET AUTOCOMMIT FALSE
DELETE FROM TEST WHERE ID=887
INSERT INTO TEST VALUES(887,'Julia','Hans',887)
SET AUTOCOMMIT TRUE
SET AUTOCOMMIT FALSE
DELETE FROM TEST WHERE ID=888
INSERT INTO TEST VALUES(888,'Julia','Hans',888)
SET AUTOCOMMIT TRUE
SET AUTOCOMMIT FALSE
DELETE FROM TEST WHERE ID=889
INSERT INTO TEST VALUES(889,'Julia','Hans',889)
SET AUTOCOMMIT TRUE
SET AUTOCOMMIT FALSE
DELETE FROM TEST WHERE ID=890
INSERT INTO TEST VALUES(890,'Julia','Hans',890)
SET AUTOCOMMIT TRUE
SET AUTOCOMMIT FALSE
DELETE FROM TEST WHERE ID=891
INSERT INTO TEST VALUES(891,'Julia','Hans',891)
SET AUTOCOMMIT TRUE
SET AUTOCOMMIT FALSE
DELETE FROM TEST WHERE ID=892
INSERT INTO TEST VALUES(892,'Julia','Hans',892)
SET AUTOCOMMIT TRUE
SET AUTOCOMMIT FALSE
DELETE FROM TEST WHERE ID=893
INSERT INTO TEST VALUES(893,'Julia','Hans',893)
SET AUTOCOMMIT TRUE
SET AUTOCOMMIT FALSE
DELETE FROM TEST WHERE ID=894
INSERT INTO TEST VALUES(894,'Julia','Hans',894)
SET AUTOCOMMIT TRUE
SET AUTOCOMMIT FALSE
DELETE FROM TEST WHERE ID=895
INSERT INTO TEST VALUES(895,'Julia','Hans',895)
SET AUTOCOMMIT TRUE
SET AUTOCOMMIT FALSE
DELETE FROM TEST WHERE ID=896
INSERT INTO TEST VALUES(896,'Julia','Hans',896)
SET AUTOCOMMIT TRUE
SET AUTOCOMMIT FALSE
DELETE FROM TEST WHERE ID=897
INSERT INTO TEST VALUES(897,'Julia','Hans',897)
SET AUTOCOMMIT TRUE
SET AUTOCOMMIT FALSE
DELETE FROM TEST WHERE ID=898
INSERT INTO TEST VALUES(898,'Julia','Hans',898)
SET AUTOCOMMIT TRUE
SET AUTOCOMMIT FALSE
DELETE FROM TEST WHERE ID=899
INSERT INTO TEST VALUES(899,'Julia','Hans',899)
SET AUTOCOMMIT TRUE
SET AUTOCOMMIT FALSE
DELETE FROM TEST WHERE ID=900
INSERT INTO TEST VALUES(900,'Julia','Hans',900)
SET AUTOCOMMIT TRUE
SET AUTOCOMMIT FALSE
DELETE FROM TEST WHERE ID=901
INSERT INTO TEST VALUES(901,'Julia','Hans',901)
SET AUTOCOMMIT TRUE
SET AUTOCOMMIT FALSE
DELETE FROM TEST WHERE ID=902
INSERT INTO TEST VALUES(902,'Julia','Hans',902)
SET AUTOCOMMIT TRUE
SET AUTOCOMMIT FALSE
DELETE FROM TEST WHERE ID=903
INSERT INTO TEST VALUES(903,'Julia','Hans',903)
SET AUTOCOMMIT TRUE
SET AUTOCOMMIT FALSE
DELETE FROM TEST WHERE ID=904
INSERT INTO TEST VALUES(904,'Julia','Hans',904)
SET AUTOCOMMIT TRUE
SET AUTOCOMMIT FALSE
DELETE FROM TEST WHERE ID=905
INSERT INTO TEST VALUES(905,'Julia','Hans',905)
SET AUTOCOMMIT TRUE
SET AUTOCOMMIT FALSE
DELETE FROM TEST WHERE ID=906
INSERT INTO TEST VALUES(906,'Julia','Hans',906)
SET AUTOCOMMIT TRUE
SET AUTOCOMMIT FALSE
DELETE FROM TEST WHERE ID=907
INSERT INTO TEST VALUES(907,'Julia','Hans',907)
SET AUTOCOMMIT TRUE
SET AUTOCOMMIT FALSE
DELETE FROM TEST WHERE ID=908
INSERT INTO TEST VALUES(908,'Julia','Hans',908)
SET AUTOCOMMIT TRUE
SET AUTOCOMMIT FALSE
DELETE FROM TEST WHERE ID=909
INSERT INTO TEST VALUES(909,'Julia','Hans',909)
SET AUTOCOMMIT TRUE
SET AUTOCOMMIT FALSE
DELETE FROM TEST WHERE ID=910
INSERT INTO TEST VALUES(910,'Julia','Hans',910)
SET AUTOCOMMIT TRUE
SET AUTOCOMMIT FALSE
DELETE FROM TEST WHERE ID=911
INSERT INTO TEST VALUES(911,'Julia','Hans',911)
SET AUTOCOMMIT TRUE
SET AUTOCOMMIT FALSE
DELETE FROM TEST WHERE ID=912
INSERT INTO TEST VALUES(912,'Julia','Hans',912)
SET AUTOCOMMIT TRUE
SET AUTOCOMMIT FALSE
DELETE FROM TEST WHERE ID=913
INSERT INTO TEST VALUES(913,'Julia','Hans',913)
SET AUTOCOMMIT TRUE
SET AUTOCOMMIT FALSE
DELETE FROM TEST WHERE ID=914
INSERT INTO TEST VALUES(914,'Julia','Hans',914)
SET AUTOCOMMIT TRUE
SET AUTOCOMMIT FALSE
DELETE FROM TEST WHERE ID=915
INSERT INTO TEST VALUES(915,'Julia','Hans',915)
SET AUTOCOMMIT TRUE
SET AUTOCOMMIT FALSE
DELETE FROM TEST WHERE ID=916
INSERT INTO TEST VALUES(916,'Julia','Hans',916)
SET AUTOCOMMIT TRUE
SET AUTOCOMMIT FALSE
DELETE FROM TEST WHERE ID=917
INSERT INTO TEST VALUES(917,'Julia','Hans',917)
SET AUTOCOMMIT TRUE
SET AUTOCOMMIT FALSE
DELETE FROM TEST WHERE ID=918
INSERT INTO TEST VALUES(918,'Julia','Hans',918)
SET AUTOCOMMIT TRUE
SET AUTOCOMMIT FALSE
DELETE FROM TEST WHERE ID=919
INSERT INTO TEST VALUES(919,'Julia','Hans',919)
SET AUTOCOMMIT TRUE
SET AUTOCOMMIT FALSE
DELETE FROM TEST WHERE ID=920
INSERT INTO TEST VALUES(920,'Julia','Hans',920)
SET AUTOCOMMIT TRUE
SET AUTOCOMMIT FALSE
DELETE FROM TEST WHERE ID=921
INSERT INTO TEST VALUES(921,'Julia','Hans',921)
SET AUTOCOMMIT TRUE
SET AUTOCOMMIT FALSE
DELETE FROM TEST WHERE ID=922
INSERT INTO TEST VALUES(922,'Julia','Hans',922)
SET AUTOCOMMIT TRUE
SET AUTOCOMMIT FALSE
DELETE FROM TEST WHERE ID=923
INSERT INTO TEST VALUES(923,'Julia','Hans',923)
SET AUTOCOMMIT TRUE
SET AUTOCOMMIT FALSE
DELETE FROM TEST WHERE ID=924
INSERT INTO TEST VALUES(924,'Julia','Hans',924)
SET AUTOCOMMIT TRUE
SET AUTOCOMMIT FALSE
DELETE FROM TEST WHERE ID=925
INSERT INTO TEST VALUES(925,'Julia','Hans',925)
SET AUTOCOMMIT TRUE
SET AUTOCOMMIT FALSE
DELETE FROM TEST WHERE ID=926
INSERT INTO TEST VALUES(926,'Julia','Hans',926)
SET AUTOCOMMIT TRUE
SET AUTOCOMMIT FALSE
DELETE FROM TEST WHERE ID=927
INSERT INTO TEST VALUES(927,'Julia','Hans',927)
SET AUTOCOMMIT TRUE
SET AUTOCOMMIT FALSE
DELETE FROM TEST WHERE ID=928
INSERT INTO TEST VALUES(928,'Julia','Hans',928)
SET AUTOCOMMIT TRUE
SET AUTOCOMMIT FALSE
DELETE FROM TEST WHERE ID=929
INSERT INTO TEST VALUES(929,'Julia','Hans',929)
SET AUTOCOMMIT TRUE
SET AUTOCOMMIT FALSE
DELETE FROM TEST WHERE ID=930
INSERT INTO TEST VALUES(930,'Julia','Hans',930)
SET AUTOCOMMIT TRUE
SET AUTOCOMMIT FALSE
DELETE FROM TEST WHERE ID=931
INSERT INTO TEST VALUES(931,'Julia','Hans',931)
SET AUTOCOMMIT TRUE
SET AUTOCOMMIT FALSE
DELETE FROM TEST WHERE ID=932
INSERT INTO TEST VALUES(932,'Julia','Hans',932)
SET AUTOCOMMIT TRUE
SET AUTOCOMMIT FALSE
DELETE FROM TEST WHERE ID=933
INSERT INTO TEST VALUES(933,'Julia','Hans',933)
SET AUTOCOMMIT TRUE
SET AUTOCOMMIT FALSE
DELETE FROM TEST WHERE ID=934
INSERT INTO TEST VALUES(934,'Julia','Hans',934)
SET AUTOCOMMIT TRUE
SET AUTOCOMMIT FALSE
DELETE FROM TEST WHERE ID=935
INSERT INTO TEST VALUES(935,'Julia','Hans',935)
SET AUTOCOMMIT TRUE
SET AUTOCOMMIT FALSE
DELETE FROM TEST WHERE ID=936
INSERT INTO TEST VALUES(936,'Julia','Hans',936)
SET AUTOCOMMIT TRUE
SET AUTOCOMMIT FALSE
DELETE FROM TEST WHERE ID=937
INSERT INTO TEST VALUES(937,'Julia','Hans',937)
SET AUTOCOMMIT TRUE
SET AUTOCOMMIT FALSE
DELETE FROM TEST WHERE ID=938
INSERT INTO TEST VALUES(938,'Julia','Hans',938)
SET AUTOCOMMIT TRUE
SET AUTOCOMMIT FALSE
DELETE FROM TEST WHERE ID=939
INSERT INTO TEST VALUES(939,'Julia','Hans',939)
SET AUTOCOMMIT TRUE
SET AUTOCOMMIT FALSE
DELETE FROM TEST WHERE ID=940
INSERT INTO TEST VALUES(940,'Julia','Hans',940)
SET AUTOCOMMIT TRUE
SET AUTOCOMMIT FALSE
DELETE FROM TEST WHERE ID=941
INSERT INTO TEST VALUES(941,'Julia','Hans',941)
SET AUTOCOMMIT TRUE
SET AUTOCOMMIT FALSE
DELETE FROM TEST WHERE ID=942
INSERT INTO TEST VALUES(942,'Julia','Hans',942)
SET AUTOCOMMIT TRUE
SET AUTOCOMMIT FALSE
DELETE FROM TEST WHERE ID=943
INSERT INTO TEST VALUES(943,'Julia','Hans',943)
SET AUTOCOMMIT TRUE
SET AUTOCOMMIT FALSE
DELETE FROM TEST WHERE ID=944
INSERT INTO TEST VALUES(944,'Julia','Hans',944)
SET AUTOCOMMIT TRUE
SET AUTOCOMMIT FALSE
DELETE FROM TEST WHERE ID=945
INSERT INTO TEST VALUES(945,'Julia','Hans',945)
SET AUTOCOMMIT TRUE
SET AUTOCOMMIT FALSE
DELETE FROM TEST WHERE ID=946
INSERT INTO TEST VALUES(946,'Julia','Hans',946)
SET AUTOCOMMIT TRUE
SET AUTOCOMMIT FALSE
DELETE FROM TEST WHERE ID=947
INSERT INTO TEST VALUES(947,'Julia','Hans',947)
SET AUTOCOMMIT TRUE
SET AUTOCOMMIT FALSE
DELETE FROM TEST WHERE ID=948
INSERT INTO TEST VALUES(948,'Julia','Hans',948)
SET AUTOCOMMIT TRUE
SET AUTOCOMMIT FALSE
DELETE FROM TEST WHERE ID=949
INSERT INTO TEST VALUES(949,'Julia','Hans',949)
SET AUTOCOMMIT TRUE
SET AUTOCOMMIT FALSE
DELETE FROM TEST WHERE ID=950
INSERT INTO TEST VALUES(950,'Julia','Hans',950)
SET AUTOCOMMIT TRUE
SET AUTOCOMMIT FALSE
DELETE FROM TEST WHERE ID=951
INSERT INTO TEST VALUES(951,'Julia','Hans',951)
SET AUTOCOMMIT TRUE
SET AUTOCOMMIT FALSE
DELETE FROM TEST WHERE ID=952
INSERT INTO TEST VALUES(952,'Julia','Hans',952)
SET AUTOCOMMIT TRUE
SET AUTOCOMMIT FALSE
DELETE FROM TEST WHERE ID=953
INSERT INTO TEST VALUES(953,'Julia','Hans',953)
SET AUTOCOMMIT TRUE
SET AUTOCOMMIT FALSE
DELETE FROM TEST WHERE ID=954
INSERT INTO TEST VALUES(954,'Julia','Hans',954)
SET AUTOCOMMIT TRUE
SET AUTOCOMMIT FALSE
DELETE FROM TEST WHERE ID=955
INSERT INTO TEST VALUES(955,'Julia','Hans',955)
SET AUTOCOMMIT TRUE
SET AUTOCOMMIT FALSE
DELETE FROM TEST WHERE ID=956
INSERT INTO TEST VALUES(956,'Julia','Hans',956)
SET AUTOCOMMIT TRUE
SET AUTOCOMMIT FALSE
DELETE FROM TEST WHERE ID=957
INSERT INTO TEST VALUES(957,'Julia','Hans',957)
SET AUTOCOMMIT TRUE
SET AUTOCOMMIT FALSE
DELETE FROM TEST WHERE ID=958
INSERT INTO TEST VALUES(958,'Julia','Hans',958)
SET AUTOCOMMIT TRUE
SET AUTOCOMMIT FALSE
DELETE FROM TEST WHERE ID=959
INSERT INTO TEST VALUES(959,'Julia','Hans',959)
SET AUTOCOMMIT TRUE
SET AUTOCOMMIT FALSE
DELETE FROM TEST WHERE ID=960
INSERT INTO TEST VALUES(960,'Julia','Hans',960)
SET AUTOCOMMIT TRUE
SET AUTOCOMMIT FALSE
DELETE FROM TEST WHERE ID=961
INSERT INTO TEST VALUES(961,'Julia','Hans',961)
SET AUTOCOMMIT TRUE
SET AUTOCOMMIT FALSE
DELETE FROM TEST WHERE ID=962
INSERT INTO TEST VALUES(962,'Julia','Hans',962)
SET AUTOCOMMIT TRUE
SET AUTOCOMMIT FALSE
DELETE FROM TEST WHERE ID=963
INSERT INTO TEST VALUES(963,'Julia','Hans',963)
SET AUTOCOMMIT TRUE
SET AUTOCOMMIT FALSE
DELETE FROM TEST WHERE ID=964
INSERT INTO TEST VALUES(964,'Julia','Hans',964)
SET AUTOCOMMIT TRUE
SET AUTOCOMMIT FALSE
DELETE FROM TEST WHERE ID=965
INSERT INTO TEST VALUES(965,'Julia','Hans',965)
SET AUTOCOMMIT TRUE
SET AUTOCOMMIT FALSE
DELETE FROM TEST WHERE ID=966
INSERT INTO TEST VALUES(966,'Julia','Hans',966)
SET AUTOCOMMIT TRUE
SET AUTOCOMMIT FALSE
DELETE FROM TEST WHERE ID=967
INSERT INTO TEST VALUES(967,'Julia','Hans',967)
SET AUTOCOMMIT TRUE
SET AUTOCOMMIT FALSE
DELETE FROM TEST WHERE ID=968
INSERT INTO TEST VALUES(968,'Julia','Hans',968)
SET AUTOCOMMIT TRUE
SET AUTOCOMMIT FALSE
DELETE FROM TEST WHERE ID=969
INSERT INTO TEST VALUES(969,'Julia','Hans',969)
SET AUTOCOMMIT TRUE
SET AUTOCOMMIT FALSE
DELETE FROM TEST WHERE ID=970
INSERT INTO TEST VALUES(970,'Julia','Hans',970)
SET AUTOCOMMIT TRUE
SET AUTOCOMMIT FALSE
DELETE FROM TEST WHERE ID=971
INSERT INTO TEST VALUES(971,'Julia','Hans',971)
SET AUTOCOMMIT TRUE
SET AUTOCOMMIT FALSE
DELETE FROM TEST WHERE ID=972
INSERT INTO TEST VALUES(972,'Julia','Hans',972)
SET AUTOCOMMIT TRUE
SET AUTOCOMMIT FALSE
DELETE FROM TEST WHERE ID=973
INSERT INTO TEST VALUES(973,'Julia','Hans',973)
SET AUTOCOMMIT TRUE
SET AUTOCOMMIT FALSE
DELETE FROM TEST WHERE ID=974
INSERT INTO TEST VALUES(974,'Julia','Hans',974)
SET AUTOCOMMIT TRUE
SET AUTOCOMMIT FALSE
DELETE FROM TEST WHERE ID=975
INSERT INTO TEST VALUES(975,'Julia','Hans',975)
SET AUTOCOMMIT TRUE
SET AUTOCOMMIT FALSE
DELETE FROM TEST WHERE ID=976
INSERT INTO TEST VALUES(976,'Julia','Hans',976)
SET AUTOCOMMIT TRUE
SET AUTOCOMMIT FALSE
DELETE FROM TEST WHERE ID=977
INSERT INTO TEST VALUES(977,'Julia','Hans',977)
SET AUTOCOMMIT TRUE
SET AUTOCOMMIT FALSE
DELETE FROM TEST WHERE ID=978
INSERT INTO TEST VALUES(978,'Julia','Hans',978)
SET AUTOCOMMIT TRUE
SET AUTOCOMMIT FALSE
DELETE FROM TEST WHERE ID=979
INSERT INTO TEST VALUES(979,'Julia','Hans',979)
SET AUTOCOMMIT TRUE
SET AUTOCOMMIT FALSE
DELETE FROM TEST WHERE ID=980
INSERT INTO TEST VALUES(980,'Julia','Hans',980)
SET AUTOCOMMIT TRUE
SET AUTOCOMMIT FALSE
DELETE FROM TEST WHERE ID=981
INSERT INTO TEST VALUES(981,'Julia','Hans',981)
SET AUTOCOMMIT TRUE
SET AUTOCOMMIT FALSE
DELETE FROM TEST WHERE ID=982
INSERT INTO TEST VALUES(982,'Julia','Hans',982)
SET AUTOCOMMIT TRUE
SET AUTOCOMMIT FALSE
DELETE FROM TEST WHERE ID=983
INSERT INTO TEST VALUES(983,'Julia','Hans',983)
SET AUTOCOMMIT TRUE
SET AUTOCOMMIT FALSE
DELETE FROM TEST WHERE ID=984
INSERT INTO TEST VALUES(984,'Julia','Hans',984)
SET AUTOCOMMIT TRUE
SET AUTOCOMMIT FALSE
DELETE FROM TEST WHERE ID=985
INSERT INTO TEST VALUES(985,'Julia','Hans',985)
SET AUTOCOMMIT TRUE
SET AUTOCOMMIT FALSE
DELETE FROM TEST WHERE ID=986
INSERT INTO TEST VALUES(986,'Julia','Hans',986)
SET AUTOCOMMIT TRUE
SET AUTOCOMMIT FALSE
DELETE FROM TEST WHERE ID=987
INSERT INTO TEST VALUES(987,'Julia','Hans',987)
SET AUTOCOMMIT TRUE
SET AUTOCOMMIT FALSE
DELETE FROM TEST WHERE ID=988
INSERT INTO TEST VALUES(988,'Julia','Hans',988)
SET AUTOCOMMIT TRUE
SET AUTOCOMMIT FALSE
DELETE FROM TEST WHERE ID=989
INSERT INTO TEST VALUES(989,'Julia','Hans',989)
SET AUTOCOMMIT TRUE
SET AUTOCOMMIT FALSE
DELETE FROM TEST WHERE ID=990
INSERT INTO TEST VALUES(990,'Julia','Hans',990)
SET AUTOCOMMIT TRUE
SET AUTOCOMMIT FALSE
DELETE FROM TEST WHERE ID=991
INSERT INTO TEST VALUES(991,'Julia','Hans',991)
SET AUTOCOMMIT TRUE
SET AUTOCOMMIT FALSE
DELETE FROM TEST WHERE ID=992
INSERT INTO TEST VALUES(992,'Julia','Hans',992)
SET AUTOCOMMIT TRUE
SET AUTOCOMMIT FALSE
DELETE FROM TEST WHERE ID=993
INSERT INTO TEST VALUES(993,'Julia','Hans',993)
SET AUTOCOMMIT TRUE
SET AUTOCOMMIT FALSE
DELETE FROM TEST WHERE ID=994
INSERT INTO TEST VALUES(994,'Julia','Hans',994)
SET AUTOCOMMIT TRUE
SET AUTOCOMMIT FALSE
DELETE FROM TEST WHERE ID=995
INSERT INTO TEST VALUES(995,'Julia','Hans',995)
SET AUTOCOMMIT TRUE
SET AUTOCOMMIT FALSE
DELETE FROM TEST WHERE ID=996
INSERT INTO TEST VALUES(996,'Julia','Hans',996)
SET AUTOCOMMIT TRUE
SET AUTOCOMMIT FALSE
DELETE FROM TEST WHERE ID=997
INSERT INTO TEST VALUES(997,'Julia','Hans',997)
SET AUTOCOMMIT TRUE
SET AUTOCOMMIT FALSE
DELETE FROM TEST WHERE ID=998
INSERT INTO TEST VALUES(998,'Julia','Hans',998)
SET AUTOCOMMIT TRUE
SET AUTOCOMMIT FALSE
DELETE FROM TEST WHERE ID=999
INSERT INTO TEST VALUES(999,'Julia','Hans',999)
SET AUTOCOMMIT TRUE
DELETE FROM TEST WHERE ID=0
DELETE FROM TEST WHERE ID=1
DELETE FROM TEST WHERE ID=2
DELETE FROM TEST WHERE ID=3
DELETE FROM TEST WHERE ID=4
DELETE FROM TEST WHERE ID=5
DELETE FROM TEST WHERE ID=6
DELETE FROM TEST WHERE ID=7
DELETE FROM TEST WHERE ID=8
DELETE FROM TEST WHERE ID=9
DELETE FROM TEST WHERE ID=10
DELETE FROM TEST WHERE ID=11
DELETE FROM TEST WHERE ID=12
DELETE FROM TEST WHERE ID=13
DELETE FROM TEST WHERE ID=14
DELETE FROM TEST WHERE ID=15
DELETE FROM TEST WHERE ID=16
DELETE FROM TEST WHERE ID=17
DELETE FROM TEST WHERE ID=18
DELETE FROM TEST WHERE ID=19
DELETE FROM TEST WHERE ID=20
DELETE FROM TEST WHERE ID=21
DELETE FROM TEST WHERE ID=22
DELETE FROM TEST WHERE ID=23
DELETE FROM TEST WHERE ID=24
DELETE FROM TEST WHERE ID=25
DELETE FROM TEST WHERE ID=26
DELETE FROM TEST WHERE ID=27
DELETE FROM TEST WHERE ID=28
DELETE FROM TEST WHERE ID=29
DELETE FROM TEST WHERE ID=30
DELETE FROM TEST WHERE ID=31
DELETE FROM TEST WHERE ID=32
DELETE FROM TEST WHERE ID=33
DELETE FROM TEST WHERE ID=34
DELETE FROM TEST WHERE ID=35
DELETE FROM TEST WHERE ID=36
DELETE FROM TEST WHERE ID=37
DELETE FROM TEST WHERE ID=38
DELETE FROM TEST WHERE ID=39
DELETE FROM TEST WHERE ID=40
DELETE FROM TEST WHERE ID=41
DELETE FROM TEST WHERE ID=42
DELETE FROM TEST WHERE ID=43
DELETE FROM TEST WHERE ID=44
DELETE FROM TEST WHERE ID=45
DELETE FROM TEST WHERE ID=46
DELETE FROM TEST WHERE ID=47
DELETE FROM TEST WHERE ID=48
DELETE FROM TEST WHERE ID=49
DELETE FROM TEST WHERE ID=50
DELETE FROM TEST WHERE ID=51
DELETE FROM TEST WHERE ID=52
DELETE FROM TEST WHERE ID=53
DELETE FROM TEST WHERE ID=54
DELETE FROM TEST WHERE ID=55
DELETE FROM TEST WHERE ID=56
DELETE FROM TEST WHERE ID=57
DELETE FROM TEST WHERE ID=58
DELETE FROM TEST WHERE ID=59
DELETE FROM TEST WHERE ID=60
DELETE FROM TEST WHERE ID=61
DELETE FROM TEST WHERE ID=62
DELETE FROM TEST WHERE ID=63
DELETE FROM TEST WHERE ID=64
DELETE FROM TEST WHERE ID=65
DELETE FROM TEST WHERE ID=66
DELETE FROM TEST WHERE ID=67
DELETE FROM TEST WHERE ID=68
DELETE FROM TEST WHERE ID=69
DELETE FROM TEST WHERE ID=70
DELETE FROM TEST WHERE ID=71
DELETE FROM TEST WHERE ID=72
DELETE FROM TEST WHERE ID=73
DELETE FROM TEST WHERE ID=74
DELETE FROM TEST WHERE ID=75
DELETE FROM TEST WHERE ID=76
DELETE FROM TEST WHERE ID=77
DELETE FROM TEST WHERE ID=78
DELETE FROM TEST WHERE ID=79
DELETE FROM TEST WHERE ID=80
DELETE FROM TEST WHERE ID=81
DELETE FROM TEST WHERE ID=82
DELETE FROM TEST WHERE ID=83
DELETE FROM TEST WHERE ID=84
DELETE FROM TEST WHERE ID=85
DELETE FROM TEST WHERE ID=86
DELETE FROM TEST WHERE ID=87
DELETE FROM TEST WHERE ID=88
DELETE FROM TEST WHERE ID=89
DELETE FROM TEST WHERE ID=90
DELETE FROM TEST WHERE ID=91
DELETE FROM TEST WHERE ID=92
DELETE FROM TEST WHERE ID=93
DELETE FROM TEST WHERE ID=94
DELETE FROM TEST WHERE ID=95
DELETE FROM TEST WHERE ID=96
DELETE FROM TEST WHERE ID=97
DELETE FROM TEST WHERE ID=98
DELETE FROM TEST WHERE ID=99
DELETE FROM TEST WHERE ID=100
DELETE FROM TEST WHERE ID=101
DELETE FROM TEST WHERE ID=102
DELETE FROM TEST WHERE ID=103
DELETE FROM TEST WHERE ID=104
DELETE FROM TEST WHERE ID=105
DELETE FROM TEST WHERE ID=106
DELETE FROM TEST WHERE ID=107
DELETE FROM TEST WHERE ID=108
DELETE FROM TEST WHERE ID=109
DELETE FROM TEST WHERE ID=110
DELETE FROM TEST WHERE ID=111
DELETE FROM TEST WHERE ID=112
DELETE FROM TEST WHERE ID=113
DELETE FROM TEST WHERE ID=114
DELETE FROM TEST WHERE ID=115
DELETE FROM TEST WHERE ID=116
DELETE FROM TEST WHERE ID=117
DELETE FROM TEST WHERE ID=118
DELETE FROM TEST WHERE ID=119
DELETE FROM TEST WHERE ID=120
DELETE FROM TEST WHERE ID=121
DELETE FROM TEST WHERE ID=122
DELETE FROM TEST WHERE ID=123
DELETE FROM TEST WHERE ID=124
DELETE FROM TEST WHERE ID=125
DELETE FROM TEST WHERE ID=126
DELETE FROM TEST WHERE ID=127
DELETE FROM TEST WHERE ID=128
DELETE FROM TEST WHERE ID=129
DELETE FROM TEST WHERE ID=130
DELETE FROM TEST WHERE ID=131
DELETE FROM TEST WHERE ID=132
DELETE FROM TEST WHERE ID=133
DELETE FROM TEST WHERE ID=134
DELETE FROM TEST WHERE ID=135
DELETE FROM TEST WHERE ID=136
DELETE FROM TEST WHERE ID=137
DELETE FROM TEST WHERE ID=138
DELETE FROM TEST WHERE ID=139
DELETE FROM TEST WHERE ID=140
DELETE FROM TEST WHERE ID=141
DELETE FROM TEST WHERE ID=142
DELETE FROM TEST WHERE ID=143
DELETE FROM TEST WHERE ID=144
DELETE FROM TEST WHERE ID=145
DELETE FROM TEST WHERE ID=146
DELETE FROM TEST WHERE ID=147
DELETE FROM TEST WHERE ID=148
DELETE FROM TEST WHERE ID=149
DELETE FROM TEST WHERE ID=150
DELETE FROM TEST WHERE ID=151
DELETE FROM TEST WHERE ID=152
DELETE FROM TEST WHERE ID=153
DELETE FROM TEST WHERE ID=154
DELETE FROM TEST WHERE ID=155
DELETE FROM TEST WHERE ID=156
DELETE FROM TEST WHERE ID=157
DELETE FROM TEST WHERE ID=158
DELETE FROM TEST WHERE ID=159
DELETE FROM TEST WHERE ID=160
DELETE FROM TEST WHERE ID=161
DELETE FROM TEST WHERE ID=162
DELETE FROM TEST WHERE ID=163
DELETE FROM TEST WHERE ID=164
DELETE FROM TEST WHERE ID=165
DELETE FROM TEST WHERE ID=166
DELETE FROM TEST WHERE ID=167
DELETE FROM TEST WHERE ID=168
DELETE FROM TEST WHERE ID=169
DELETE FROM TEST WHERE ID=170
DELETE FROM TEST WHERE ID=171
DELETE FROM TEST WHERE ID=172
DELETE FROM TEST WHERE ID=173
DELETE FROM TEST WHERE ID=174
DELETE FROM TEST WHERE ID=175
DELETE FROM TEST WHERE ID=176
DELETE FROM TEST WHERE ID=177
DELETE FROM TEST WHERE ID=178
DELETE FROM TEST WHERE ID=179
DELETE FROM TEST WHERE ID=180
DELETE FROM TEST WHERE ID=181
DELETE FROM TEST WHERE ID=182
DELETE FROM TEST WHERE ID=183
DELETE FROM TEST WHERE ID=184
DELETE FROM TEST WHERE ID=185
DELETE FROM TEST WHERE ID=186
DELETE FROM TEST WHERE ID=187
DELETE FROM TEST WHERE ID=188
DELETE FROM TEST WHERE ID=189
DELETE FROM TEST WHERE ID=190
DELETE FROM TEST WHERE ID=191
DELETE FROM TEST WHERE ID=192
DELETE FROM TEST WHERE ID=193
DELETE FROM TEST WHERE ID=194
DELETE FROM TEST WHERE ID=195
DELETE FROM TEST WHERE ID=196
DELETE FROM TEST WHERE ID=197
DELETE FROM TEST WHERE ID=198
DELETE FROM TEST WHERE ID=199
DELETE FROM TEST WHERE ID=200
DELETE FROM TEST WHERE ID=201
DELETE FROM TEST WHERE ID=202
DELETE FROM TEST WHERE ID=203
DELETE FROM TEST WHERE ID=204
DELETE FROM TEST WHERE ID=205
DELETE FROM TEST WHERE ID=206
DELETE FROM TEST WHERE ID=207
DELETE FROM TEST WHERE ID=208
DELETE FROM TEST WHERE ID=209
DELETE FROM TEST WHERE ID=210
DELETE FROM TEST WHERE ID=211
DELETE FROM TEST WHERE ID=212
DELETE FROM TEST WHERE ID=213
DELETE FROM TEST WHERE ID=214
DELETE FROM TEST WHERE ID=215
DELETE FROM TEST WHERE ID=216
DELETE FROM TEST WHERE ID=217
DELETE FROM TEST WHERE ID=218
DELETE FROM TEST WHERE ID=219
DELETE FROM TEST WHERE ID=220
DELETE FROM TEST WHERE ID=221
DELETE FROM TEST WHERE ID=222
DELETE FROM TEST WHERE ID=223
DELETE FROM TEST WHERE ID=224
DELETE FROM TEST WHERE ID=225
DELETE FROM TEST WHERE ID=226
DELETE FROM TEST WHERE ID=227
DELETE FROM TEST WHERE ID=228
DELETE FROM TEST WHERE ID=229
DELETE FROM TEST WHERE ID=230
DELETE FROM TEST WHERE ID=231
DELETE FROM TEST WHERE ID=232
DELETE FROM TEST WHERE ID=233
DELETE FROM TEST WHERE ID=234
DELETE FROM TEST WHERE ID=235
DELETE FROM TEST WHERE ID=236
DELETE FROM TEST WHERE ID=237
DELETE FROM TEST WHERE ID=238
DELETE FROM TEST WHERE ID=239
DELETE FROM TEST WHERE ID=240
DELETE FROM TEST WHERE ID=241
DELETE FROM TEST WHERE ID=242
DELETE FROM TEST WHERE ID=243
DELETE FROM TEST WHERE ID=244
DELETE FROM TEST WHERE ID=245
DELETE FROM TEST WHERE ID=246
DELETE FROM TEST WHERE ID=247
DELETE FROM TEST WHERE ID=248
DELETE FROM TEST WHERE ID=249
DELETE FROM TEST WHERE ID=250
DELETE FROM TEST WHERE ID=251
DELETE FROM TEST WHERE ID=252
DELETE FROM TEST WHERE ID=253
DELETE FROM TEST WHERE ID=254
DELETE FROM TEST WHERE ID=255
DELETE FROM TEST WHERE ID=256
DELETE FROM TEST WHERE ID=257
DELETE FROM TEST WHERE ID=258
DELETE FROM TEST WHERE ID=259
DELETE FROM TEST WHERE ID=260
DELETE FROM TEST WHERE ID=261
DELETE FROM TEST WHERE ID=262
DELETE FROM TEST WHERE ID=263
DELETE FROM TEST WHERE ID=264
DELETE FROM TEST WHERE ID=265
DELETE FROM TEST WHERE ID=266
DELETE FROM TEST WHERE ID=267
DELETE FROM TEST WHERE ID=268
DELETE FROM TEST WHERE ID=269
DELETE FROM TEST WHERE ID=270
DELETE FROM TEST WHERE ID=271
DELETE FROM TEST WHERE ID=272
DELETE FROM TEST WHERE ID=273
DELETE FROM TEST WHERE ID=274
DELETE FROM TEST WHERE ID=275
DELETE FROM TEST WHERE ID=276
DELETE FROM TEST WHERE ID=277
DELETE FROM TEST WHERE ID=278
DELETE FROM TEST WHERE ID=279
DELETE FROM TEST WHERE ID=280
DELETE FROM TEST WHERE ID=281
DELETE FROM TEST WHERE ID=282
DELETE FROM TEST WHERE ID=283
DELETE FROM TEST WHERE ID=284
DELETE FROM TEST WHERE ID=285
DELETE FROM TEST WHERE ID=286
DELETE FROM TEST WHERE ID=287
DELETE FROM TEST WHERE ID=288
DELETE FROM TEST WHERE ID=289
DELETE FROM TEST WHERE ID=290
DELETE FROM TEST WHERE ID=291
DELETE FROM TEST WHERE ID=292
DELETE FROM TEST WHERE ID=293
DELETE FROM TEST WHERE ID=294
DELETE FROM TEST WHERE ID=295
DELETE FROM TEST WHERE ID=296
DELETE FROM TEST WHERE ID=297
DELETE FROM TEST WHERE ID=298
DELETE FROM TEST WHERE ID=299
DELETE FROM TEST WHERE ID=300
DELETE FROM TEST WHERE ID=301
DELETE FROM TEST WHERE ID=302
DELETE FROM TEST WHERE ID=303
DELETE FROM TEST WHERE ID=304
DELETE FROM TEST WHERE ID=305
DELETE FROM TEST WHERE ID=306
DELETE FROM TEST WHERE ID=307
DELETE FROM TEST WHERE ID=308
DELETE FROM TEST WHERE ID=309
DELETE FROM TEST WHERE ID=310
DELETE FROM TEST WHERE ID=311
DELETE FROM TEST WHERE ID=312
DELETE FROM TEST WHERE ID=313
DELETE FROM TEST WHERE ID=314
DELETE FROM TEST WHERE ID=315
DELETE FROM TEST WHERE ID=316
DELETE FROM TEST WHERE ID=317
DELETE FROM TEST WHERE ID=318
DELETE FROM TEST WHERE ID=319
DELETE FROM TEST WHERE ID=320
DELETE FROM TEST WHERE ID=321
DELETE FROM TEST WHERE ID=322
DELETE FROM TEST WHERE ID=323
DELETE FROM TEST WHERE ID=324
DELETE FROM TEST WHERE ID=325
DELETE FROM TEST WHERE ID=326
DELETE FROM TEST WHERE ID=327
DELETE FROM TEST WHERE ID=328
DELETE FROM TEST WHERE ID=329
DELETE FROM TEST WHERE ID=330
DELETE FROM TEST WHERE ID=331
DELETE FROM TEST WHERE ID=332
DELETE FROM TEST WHERE ID=333
DELETE FROM TEST WHERE ID=334
DELETE FROM TEST WHERE ID=335
DELETE FROM TEST WHERE ID=336
DELETE FROM TEST WHERE ID=337
DELETE FROM TEST WHERE ID=338
DELETE FROM TEST WHERE ID=339
DELETE FROM TEST WHERE ID=340
DELETE FROM TEST WHERE ID=341
DELETE FROM TEST WHERE ID=342
DELETE FROM TEST WHERE ID=343
DELETE FROM TEST WHERE ID=344
DELETE FROM TEST WHERE ID=345
DELETE FROM TEST WHERE ID=346
DELETE FROM TEST WHERE ID=347
DELETE FROM TEST WHERE ID=348
DELETE FROM TEST WHERE ID=349
DELETE FROM TEST WHERE ID=350
DELETE FROM TEST WHERE ID=351
DELETE FROM TEST WHERE ID=352
DELETE FROM TEST WHERE ID=353
DELETE FROM TEST WHERE ID=354
DELETE FROM TEST WHERE ID=355
DELETE FROM TEST WHERE ID=356
DELETE FROM TEST WHERE ID=357
DELETE FROM TEST WHERE ID=358
DELETE FROM TEST WHERE ID=359
DELETE FROM TEST WHERE ID=360
DELETE FROM TEST WHERE ID=361
DELETE FROM TEST WHERE ID=362
DELETE FROM TEST WHERE ID=363
DELETE FROM TEST WHERE ID=364
DELETE FROM TEST WHERE ID=365
DELETE FROM TEST WHERE ID=366
DELETE FROM TEST WHERE ID=367
DELETE FROM TEST WHERE ID=368
DELETE FROM TEST WHERE ID=369
DELETE FROM TEST WHERE ID=370
DELETE FROM TEST WHERE ID=371
DELETE FROM TEST WHERE ID=372
DELETE FROM TEST WHERE ID=373
DELETE FROM TEST WHERE ID=374
DELETE FROM TEST WHERE ID=375
DELETE FROM TEST WHERE ID=376
DELETE FROM TEST WHERE ID=377
DELETE FROM TEST WHERE ID=378
DELETE FROM TEST WHERE ID=379
DELETE FROM TEST WHERE ID=380
DELETE FROM TEST WHERE ID=381
DELETE FROM TEST WHERE ID=382
DELETE FROM TEST WHERE ID=383
DELETE FROM TEST WHERE ID=384
DELETE FROM TEST WHERE ID=385
DELETE FROM TEST WHERE ID=386
DELETE FROM TEST WHERE ID=387
DELETE FROM TEST WHERE ID=388
DELETE FROM TEST WHERE ID=389
DELETE FROM TEST WHERE ID=390
DELETE FROM TEST WHERE ID=391
DELETE FROM TEST WHERE ID=392
DELETE FROM TEST WHERE ID=393
DELETE FROM TEST WHERE ID=394
DELETE FROM TEST WHERE ID=395
DELETE FROM TEST WHERE ID=396
DELETE FROM TEST WHERE ID=397
DELETE FROM TEST WHERE ID=398
DELETE FROM TEST WHERE ID=399
DELETE FROM TEST WHERE ID=400
DELETE FROM TEST WHERE ID=401
DELETE FROM TEST WHERE ID=402
DELETE FROM TEST WHERE ID=403
DELETE FROM TEST WHERE ID=404
DELETE FROM TEST WHERE ID=405
DELETE FROM TEST WHERE ID=406
DELETE FROM TEST WHERE ID=407
DELETE FROM TEST WHERE ID=408
DELETE FROM TEST WHERE ID=409
DELETE FROM TEST WHERE ID=410
DELETE FROM TEST WHERE ID=411
DELETE FROM TEST WHERE ID=412
DELETE FROM TEST WHERE ID=413
DELETE FROM TEST WHERE ID=414
DELETE FROM TEST WHERE ID=415
DELETE FROM TEST WHERE ID=416
DELETE FROM TEST WHERE ID=417
DELETE FROM TEST WHERE ID=418
DELETE FROM TEST WHERE ID=419
DELETE FROM TEST WHERE ID=420
DELETE FROM TEST WHERE ID=421
DELETE FROM TEST WHERE ID=422
DELETE FROM TEST WHERE ID=423
DELETE FROM TEST WHERE ID=424
DELETE FROM TEST WHERE ID=425
DELETE FROM TEST WHERE ID=426
DELETE FROM TEST WHERE ID=427
DELETE FROM TEST WHERE ID=428
DELETE FROM TEST WHERE ID=429
DELETE FROM TEST WHERE ID=430
DELETE FROM TEST WHERE ID=431
DELETE FROM TEST WHERE ID=432
DELETE FROM TEST WHERE ID=433
DELETE FROM TEST WHERE ID=434
DELETE FROM TEST WHERE ID=435
DELETE FROM TEST WHERE ID=436
DELETE FROM TEST WHERE ID=437
DELETE FROM TEST WHERE ID=438
DELETE FROM TEST WHERE ID=439
DELETE FROM TEST WHERE ID=440
DELETE FROM TEST WHERE ID=441
DELETE FROM TEST WHERE ID=442
DELETE FROM TEST WHERE ID=443
DELETE FROM TEST WHERE ID=444
DELETE FROM TEST WHERE ID=445
DELETE FROM TEST WHERE ID=446
DELETE FROM TEST WHERE ID=447
DELETE FROM TEST WHERE ID=448
DELETE FROM TEST WHERE ID=449
DELETE FROM TEST WHERE ID=450
DELETE FROM TEST WHERE ID=451
DELETE FROM TEST WHERE ID=452
DELETE FROM TEST WHERE ID=453
DELETE FROM TEST WHERE ID=454
DELETE FROM TEST WHERE ID=455
DELETE FROM TEST WHERE ID=456
DELETE FROM TEST WHERE ID=457
DELETE FROM TEST WHERE ID=458
DELETE FROM TEST WHERE ID=459
DELETE FROM TEST WHERE ID=460
DELETE FROM TEST WHERE ID=461
DELETE FROM TEST WHERE ID=462
DELETE FROM TEST WHERE ID=463
DELETE FROM TEST WHERE ID=464
DELETE FROM TEST WHERE ID=465
DELETE FROM TEST WHERE ID=466
DELETE FROM TEST WHERE ID=467
DELETE FROM TEST WHERE ID=468
DELETE FROM TEST WHERE ID=469
DELETE FROM TEST WHERE ID=470
DELETE FROM TEST WHERE ID=471
DELETE FROM TEST WHERE ID=472
DELETE FROM TEST WHERE ID=473
DELETE FROM TEST WHERE ID=474
DELETE FROM TEST WHERE ID=475
DELETE FROM TEST WHERE ID=476
DELETE FROM TEST WHERE ID=477
DELETE FROM TEST WHERE ID=478
DELETE FROM TEST WHERE ID=479
DELETE FROM TEST WHERE ID=480
DELETE FROM TEST WHERE ID=481
DELETE FROM TEST WHERE ID=482
DELETE FROM TEST WHERE ID=483
DELETE FROM TEST WHERE ID=484
DELETE FROM TEST WHERE ID=485
DELETE FROM TEST WHERE ID=486
DELETE FROM TEST WHERE ID=487
DELETE FROM TEST WHERE ID=488
DELETE FROM TEST WHERE ID=489
DELETE FROM TEST WHERE ID=490
DELETE FROM TEST WHERE ID=491
DELETE FROM TEST WHERE ID=492
DELETE FROM TEST WHERE ID=493
DELETE FROM TEST WHERE ID=494
DELETE FROM TEST WHERE ID=495
DELETE FROM TEST WHERE ID=496
DELETE FROM TEST WHERE ID=497
DELETE FROM TEST WHERE ID=498
DELETE FROM TEST WHERE ID=499
DELETE FROM TEST WHERE ID=500
DELETE FROM TEST WHERE ID=501
DELETE FROM TEST WHERE ID=502
DELETE FROM TEST WHERE ID=503
DELETE FROM TEST WHERE ID=504
DELETE FROM TEST WHERE ID=505
DELETE FROM TEST WHERE ID=506
DELETE FROM TEST WHERE ID=507
DELETE FROM TEST WHERE ID=508
DELETE FROM TEST WHERE ID=509
DELETE FROM TEST WHERE ID=510
DELETE FROM TEST WHERE ID=511
DELETE FROM TEST WHERE ID=512
DELETE FROM TEST WHERE ID=513
DELETE FROM TEST WHERE ID=514
DELETE FROM TEST WHERE ID=515
DELETE FROM TEST WHERE ID=516
DELETE FROM TEST WHERE ID=517
DELETE FROM TEST WHERE ID=518
DELETE FROM TEST WHERE ID=519
DELETE FROM TEST WHERE ID=520
DELETE FROM TEST WHERE ID=521
DELETE FROM TEST WHERE ID=522
DELETE FROM TEST WHERE ID=523
DELETE FROM TEST WHERE ID=524
DELETE FROM TEST WHERE ID=525
DELETE FROM TEST WHERE ID=526
DELETE FROM TEST WHERE ID=527
DELETE FROM TEST WHERE ID=528
DELETE FROM TEST WHERE ID=529
DELETE FROM TEST WHERE ID=530
DELETE FROM TEST WHERE ID=531
DELETE FROM TEST WHERE ID=532
DELETE FROM TEST WHERE ID=533
DELETE FROM TEST WHERE ID=534
DELETE FROM TEST WHERE ID=535
DELETE FROM TEST WHERE ID=536
DELETE FROM TEST WHERE ID=537
DELETE FROM TEST WHERE ID=538
DELETE FROM TEST WHERE ID=539
DELETE FROM TEST WHERE ID=540
DELETE FROM TEST WHERE ID=541
DELETE FROM TEST WHERE ID=542
DELETE FROM TEST WHERE ID=543
DELETE FROM TEST WHERE ID=544
DELETE FROM TEST WHERE ID=545
DELETE FROM TEST WHERE ID=546
DELETE FROM TEST WHERE ID=547
DELETE FROM TEST WHERE ID=548
DELETE FROM TEST WHERE ID=549
DELETE FROM TEST WHERE ID=550
DELETE FROM TEST WHERE ID=551
DELETE FROM TEST WHERE ID=552
DELETE FROM TEST WHERE ID=553
DELETE FROM TEST WHERE ID=554
DELETE FROM TEST WHERE ID=555
DELETE FROM TEST WHERE ID=556
DELETE FROM TEST WHERE ID=557
DELETE FROM TEST WHERE ID=558
DELETE FROM TEST WHERE ID=559
DELETE FROM TEST WHERE ID=560
DELETE FROM TEST WHERE ID=561
DELETE FROM TEST WHERE ID=562
DELETE FROM TEST WHERE ID=563
DELETE FROM TEST WHERE ID=564
DELETE FROM TEST WHERE ID=565
DELETE FROM TEST WHERE ID=566
DELETE FROM TEST WHERE ID=567
DELETE FROM TEST WHERE ID=568
DELETE FROM TEST WHERE ID=569
DELETE FROM TEST WHERE ID=570
DELETE FROM TEST WHERE ID=571
DELETE FROM TEST WHERE ID=572
DELETE FROM TEST WHERE ID=573
DELETE FROM TEST WHERE ID=574
DELETE FROM TEST WHERE ID=575
DELETE FROM TEST WHERE ID=576
DELETE FROM TEST WHERE ID=577
DELETE FROM TEST WHERE ID=578
DELETE FROM TEST WHERE ID=579
DELETE FROM TEST WHERE ID=580
DELETE FROM TEST WHERE ID=581
DELETE FROM TEST WHERE ID=582
DELETE FROM TEST WHERE ID=583
DELETE FROM TEST WHERE ID=584
DELETE FROM TEST WHERE ID=585
DELETE FROM TEST WHERE ID=586
DELETE FROM TEST WHERE ID=587
DELETE FROM TEST WHERE ID=588
DELETE FROM TEST WHERE ID=589
DELETE FROM TEST WHERE ID=590
DELETE FROM TEST WHERE ID=591
DELETE FROM TEST WHERE ID=592
DELETE FROM TEST WHERE ID=593
DELETE FROM TEST WHERE ID=594
DELETE FROM TEST WHERE ID=595
DELETE FROM TEST WHERE ID=596
DELETE FROM TEST WHERE ID=597
DELETE FROM TEST WHERE ID=598
DELETE FROM TEST WHERE ID=599
DELETE FROM TEST WHERE ID=600
DELETE FROM TEST WHERE ID=601
DELETE FROM TEST WHERE ID=602
DELETE FROM TEST WHERE ID=603
DELETE FROM TEST WHERE ID=604
DELETE FROM TEST WHERE ID=605
DELETE FROM TEST WHERE ID=606
DELETE FROM TEST WHERE ID=607
DELETE FROM TEST WHERE ID=608
DELETE FROM TEST WHERE ID=609
DELETE FROM TEST WHERE ID=610
DELETE FROM TEST WHERE ID=611
DELETE FROM TEST WHERE ID=612
DELETE FROM TEST WHERE ID=613
DELETE FROM TEST WHERE ID=614
DELETE FROM TEST WHERE ID=615
DELETE FROM TEST WHERE ID=616
DELETE FROM TEST WHERE ID=617
DELETE FROM TEST WHERE ID=618
DELETE FROM TEST WHERE ID=619
DELETE FROM TEST WHERE ID=620
DELETE FROM TEST WHERE ID=621
DELETE FROM TEST WHERE ID=622
DELETE FROM TEST WHERE ID=623
DELETE FROM TEST WHERE ID=624
DELETE FROM TEST WHERE ID=625
DELETE FROM TEST WHERE ID=626
DELETE FROM TEST WHERE ID=627
DELETE FROM TEST WHERE ID=628
DELETE FROM TEST WHERE ID=629
DELETE FROM TEST WHERE ID=630
DELETE FROM TEST WHERE ID=631
DELETE FROM TEST WHERE ID=632
DELETE FROM TEST WHERE ID=633
DELETE FROM TEST WHERE ID=634
DELETE FROM TEST WHERE ID=635
DELETE FROM TEST WHERE ID=636
DELETE FROM TEST WHERE ID=637
DELETE FROM TEST WHERE ID=638
DELETE FROM TEST WHERE ID=639
DELETE FROM TEST WHERE ID=640
DELETE FROM TEST WHERE ID=641
DELETE FROM TEST WHERE ID=642
DELETE FROM TEST WHERE ID=643
DELETE FROM TEST WHERE ID=644
DELETE FROM TEST WHERE ID=645
DELETE FROM TEST WHERE ID=646
DELETE FROM TEST WHERE ID=647
DELETE FROM TEST WHERE ID=648
DELETE FROM TEST WHERE ID=649
DELETE FROM TEST WHERE ID=650
DELETE FROM TEST WHERE ID=651
DELETE FROM TEST WHERE ID=652
DELETE FROM TEST WHERE ID=653
DELETE FROM TEST WHERE ID=654
DELETE FROM TEST WHERE ID=655
DELETE FROM TEST WHERE ID=656
DELETE FROM TEST WHERE ID=657
DELETE FROM TEST WHERE ID=658
DELETE FROM TEST WHERE ID=659
DELETE FROM TEST WHERE ID=660
DELETE FROM TEST WHERE ID=661
DELETE FROM TEST WHERE ID=662
DELETE FROM TEST WHERE ID=663
DELETE FROM TEST WHERE ID=664
DELETE FROM TEST WHERE ID=665
DELETE FROM TEST WHERE ID=666
DELETE FROM TEST WHERE ID=667
DELETE FROM TEST WHERE ID=668
DELETE FROM TEST WHERE ID=669
DELETE FROM TEST WHERE ID=670
DELETE FROM TEST WHERE ID=671
DELETE FROM TEST WHERE ID=672
DELETE FROM TEST WHERE ID=673
DELETE FROM TEST WHERE ID=674
DELETE FROM TEST WHERE ID=675
DELETE FROM TEST WHERE ID=676
DELETE FROM TEST WHERE ID=677
DELETE FROM TEST WHERE ID=678
DELETE FROM TEST WHERE ID=679
DELETE FROM TEST WHERE ID=680
DELETE FROM TEST WHERE ID=681
DELETE FROM TEST WHERE ID=682
DELETE FROM TEST WHERE ID=683
DELETE FROM TEST WHERE ID=684
DELETE FROM TEST WHERE ID=685
DELETE FROM TEST WHERE ID=686
DELETE FROM TEST WHERE ID=687
DELETE FROM TEST WHERE ID=688
DELETE FROM TEST WHERE ID=689
DELETE FROM TEST WHERE ID=690
DELETE FROM TEST WHERE ID=691
DELETE FROM TEST WHERE ID=692
DELETE FROM TEST WHERE ID=693
DELETE FROM TEST WHERE ID=694
DELETE FROM TEST WHERE ID=695
DELETE FROM TEST WHERE ID=696
DELETE FROM TEST WHERE ID=697
DELETE FROM TEST WHERE ID=698
DELETE FROM TEST WHERE ID=699
DELETE FROM TEST WHERE ID=700
DELETE FROM TEST WHERE ID=701
DELETE FROM TEST WHERE ID=702
DELETE FROM TEST WHERE ID=703
DELETE FROM TEST WHERE ID=704
DELETE FROM TEST WHERE ID=705
DELETE FROM TEST WHERE ID=706
DELETE FROM TEST WHERE ID=707
DELETE FROM TEST WHERE ID=708
DELETE FROM TEST WHERE ID=709
DELETE FROM TEST WHERE ID=710
DELETE FROM TEST WHERE ID=711
DELETE FROM TEST WHERE ID=712
DELETE FROM TEST WHERE ID=713
DELETE FROM TEST WHERE ID=714
DELETE FROM TEST WHERE ID=715
DELETE FROM TEST WHERE ID=716
DELETE FROM TEST WHERE ID=717
DELETE FROM TEST WHERE ID=718
DELETE FROM TEST WHERE ID=719
DELETE FROM TEST WHERE ID=720
DELETE FROM TEST WHERE ID=721
DELETE FROM TEST WHERE ID=722
DELETE FROM TEST WHERE ID=723
DELETE FROM TEST WHERE ID=724
DELETE FROM TEST WHERE ID=725
DELETE FROM TEST WHERE ID=726
DELETE FROM TEST WHERE ID=727
DELETE FROM TEST WHERE ID=728
DELETE FROM TEST WHERE ID=729
DELETE FROM TEST WHERE ID=730
DELETE FROM TEST WHERE ID=731
DELETE FROM TEST WHERE ID=732
DELETE FROM TEST WHERE ID=733
DELETE FROM TEST WHERE ID=734
DELETE FROM TEST WHERE ID=735
DELETE FROM TEST WHERE ID=736
DELETE FROM TEST WHERE ID=737
DELETE FROM TEST WHERE ID=738
DELETE FROM TEST WHERE ID=739
DELETE FROM TEST WHERE ID=740
DELETE FROM TEST WHERE ID=741
DELETE FROM TEST WHERE ID=742
DELETE FROM TEST WHERE ID=743
DELETE FROM TEST WHERE ID=744
DELETE FROM TEST WHERE ID=745
DELETE FROM TEST WHERE ID=746
DELETE FROM TEST WHERE ID=747
DELETE FROM TEST WHERE ID=748
DELETE FROM TEST WHERE ID=749
DELETE FROM TEST WHERE ID=750
DELETE FROM TEST WHERE ID=751
DELETE FROM TEST WHERE ID=752
DELETE FROM TEST WHERE ID=753
DELETE FROM TEST WHERE ID=754
DELETE FROM TEST WHERE ID=755
DELETE FROM TEST WHERE ID=756
DELETE FROM TEST WHERE ID=757
DELETE FROM TEST WHERE ID=758
DELETE FROM TEST WHERE ID=759
DELETE FROM TEST WHERE ID=760
DELETE FROM TEST WHERE ID=761
DELETE FROM TEST WHERE ID=762
DELETE FROM TEST WHERE ID=763
DELETE FROM TEST WHERE ID=764
DELETE FROM TEST WHERE ID=765
DELETE FROM TEST WHERE ID=766
DELETE FROM TEST WHERE ID=767
DELETE FROM TEST WHERE ID=768
DELETE FROM TEST WHERE ID=769
DELETE FROM TEST WHERE ID=770
DELETE FROM TEST WHERE ID=771
DELETE FROM TEST WHERE ID=772
DELETE FROM TEST WHERE ID=773
DELETE FROM TEST WHERE ID=774
DELETE FROM TEST WHERE ID=775
DELETE FROM TEST WHERE ID=776
DELETE FROM TEST WHERE ID=777
DELETE FROM TEST WHERE ID=778
DELETE FROM TEST WHERE ID=779
DELETE FROM TEST WHERE ID=780
DELETE FROM TEST WHERE ID=781
DELETE FROM TEST WHERE ID=782
DELETE FROM TEST WHERE ID=783
DELETE FROM TEST WHERE ID=784
DELETE FROM TEST WHERE ID=785
DELETE FROM TEST WHERE ID=786
DELETE FROM TEST WHERE ID=787
DELETE FROM TEST WHERE ID=788
DELETE FROM TEST WHERE ID=789
DELETE FROM TEST WHERE ID=790
DELETE FROM TEST WHERE ID=791
DELETE FROM TEST WHERE ID=792
DELETE FROM TEST WHERE ID=793
DELETE FROM TEST WHERE ID=794
DELETE FROM TEST WHERE ID=795
DELETE FROM TEST WHERE ID=796
DELETE FROM TEST WHERE ID=797
DELETE FROM TEST WHERE ID=798
DELETE FROM TEST WHERE ID=799
DELETE FROM TEST WHERE ID=800
DELETE FROM TEST WHERE ID=801
DELETE FROM TEST WHERE ID=802
DELETE FROM TEST WHERE ID=803
DELETE FROM TEST WHERE ID=804
DELETE FROM TEST WHERE ID=805
DELETE FROM TEST WHERE ID=806
DELETE FROM TEST WHERE ID=807
DELETE FROM TEST WHERE ID=808
DELETE FROM TEST WHERE ID=809
DELETE FROM TEST WHERE ID=810
DELETE FROM TEST WHERE ID=811
DELETE FROM TEST WHERE ID=812
DELETE FROM TEST WHERE ID=813
DELETE FROM TEST WHERE ID=814
DELETE FROM TEST WHERE ID=815
DELETE FROM TEST WHERE ID=816
DELETE FROM TEST WHERE ID=817
DELETE FROM TEST WHERE ID=818
DELETE FROM TEST WHERE ID=819
DELETE FROM TEST WHERE ID=820
DELETE FROM TEST WHERE ID=821
DELETE FROM TEST WHERE ID=822
DELETE FROM TEST WHERE ID=823
DELETE FROM TEST WHERE ID=824
DELETE FROM TEST WHERE ID=825
DELETE FROM TEST WHERE ID=826
DELETE FROM TEST WHERE ID=827
DELETE FROM TEST WHERE ID=828
DELETE FROM TEST WHERE ID=829
DELETE FROM TEST WHERE ID=830
DELETE FROM TEST WHERE ID=831
DELETE FROM TEST WHERE ID=832
DELETE FROM TEST WHERE ID=833
DELETE FROM TEST WHERE ID=834
DELETE FROM TEST WHERE ID=835
DELETE FROM TEST WHERE ID=836
DELETE FROM TEST WHERE ID=837
DELETE FROM TEST WHERE ID=838
DELETE FROM TEST WHERE ID=839
DELETE FROM TEST WHERE ID=840
DELETE FROM TEST WHERE ID=841
DELETE FROM TEST WHERE ID=842
DELETE FROM TEST WHERE ID=843
DELETE FROM TEST WHERE ID=844
DELETE FROM TEST WHERE ID=845
DELETE FROM TEST WHERE ID=846
DELETE FROM TEST WHERE ID=847
DELETE FROM TEST WHERE ID=848
DELETE FROM TEST WHERE ID=849
DELETE FROM TEST WHERE ID=850
DELETE FROM TEST WHERE ID=851
DELETE FROM TEST WHERE ID=852
DELETE FROM TEST WHERE ID=853
DELETE FROM TEST WHERE ID=854
DELETE FROM TEST WHERE ID=855
DELETE FROM TEST WHERE ID=856
DELETE FROM TEST WHERE ID=857
DELETE FROM TEST WHERE ID=858
DELETE FROM TEST WHERE ID=859
DELETE FROM TEST WHERE ID=860
DELETE FROM TEST WHERE ID=861
DELETE FROM TEST WHERE ID=862
DELETE FROM TEST WHERE ID=863
DELETE FROM TEST WHERE ID=864
DELETE FROM TEST WHERE ID=865
DELETE FROM TEST WHERE ID=866
DELETE FROM TEST WHERE ID=867
DELETE FROM TEST WHERE ID=868
DELETE FROM TEST WHERE ID=869
DELETE FROM TEST WHERE ID=870
DELETE FROM TEST WHERE ID=871
DELETE FROM TEST WHERE ID=872
DELETE FROM TEST WHERE ID=873
DELETE FROM TEST WHERE ID=874
DELETE FROM TEST WHERE ID=875
DELETE FROM TEST WHERE ID=876
DELETE FROM TEST WHERE ID=877
DELETE FROM TEST WHERE ID=878
DELETE FROM TEST WHERE ID=879
DELETE FROM TEST WHERE ID=880
DELETE FROM TEST WHERE ID=881
DELETE FROM TEST WHERE ID=882
DELETE FROM TEST WHERE ID=883
DELETE FROM TEST WHERE ID=884
DELETE FROM TEST WHERE ID=885
DELETE FROM TEST WHERE ID=886
DELETE FROM TEST WHERE ID=887
DELETE FROM TEST WHERE ID=888
DELETE FROM TEST WHERE ID=889
DELETE FROM TEST WHERE ID=890
DELETE FROM TEST WHERE ID=891
DELETE FROM TEST WHERE ID=892
DELETE FROM TEST WHERE ID=893
DELETE FROM TEST WHERE ID=894
DELETE FROM TEST WHERE ID=895
DELETE FROM TEST WHERE ID=896
DELETE FROM TEST WHERE ID=897
DELETE FROM TEST WHERE ID=898
DELETE FROM TEST WHERE ID=899
DELETE FROM TEST WHERE ID=900
DELETE FROM TEST WHERE ID=901
DELETE FROM TEST WHERE ID=902
DELETE FROM TEST WHERE ID=903
DELETE FROM TEST WHERE ID=904
DELETE FROM TEST WHERE ID=905
DELETE FROM TEST WHERE ID=906
DELETE FROM TEST WHERE ID=907
DELETE FROM TEST WHERE ID=908
DELETE FROM TEST WHERE ID=909
DELETE FROM TEST WHERE ID=910
DELETE FROM TEST WHERE ID=911
DELETE FROM TEST WHERE ID=912
DELETE FROM TEST WHERE ID=913
DELETE FROM TEST WHERE ID=914
DELETE FROM TEST WHERE ID=915
DELETE FROM TEST WHERE ID=916
DELETE FROM TEST WHERE ID=917
DELETE FROM TEST WHERE ID=918
DELETE FROM TEST WHERE ID=919
DELETE FROM TEST WHERE ID=920
DELETE FROM TEST WHERE ID=921
DELETE FROM TEST WHERE ID=922
DELETE FROM TEST WHERE ID=923
DELETE FROM TEST WHERE ID=924
DELETE FROM TEST WHERE ID=925
DELETE FROM TEST WHERE ID=926
DELETE FROM TEST WHERE ID=927
DELETE FROM TEST WHERE ID=928
DELETE FROM TEST WHERE ID=929
DELETE FROM TEST WHERE ID=930
DELETE FROM TEST WHERE ID=931
DELETE FROM TEST WHERE ID=932
DELETE FROM TEST WHERE ID=933
DELETE FROM TEST WHERE ID=934
DELETE FROM TEST WHERE ID=935
DELETE FROM TEST WHERE ID=936
DELETE FROM TEST WHERE ID=937
DELETE FROM TEST WHERE ID=938
DELETE FROM TEST WHERE ID=939
DELETE FROM TEST WHERE ID=940
DELETE FROM TEST WHERE ID=941
DELETE FROM TEST WHERE ID=942
DELETE FROM TEST WHERE ID=943
DELETE FROM TEST WHERE ID=944
DELETE FROM TEST WHERE ID=945
DELETE FROM TEST WHERE ID=946
DELETE FROM TEST WHERE ID=947
DELETE FROM TEST WHERE ID=948
DELETE FROM TEST WHERE ID=949
DELETE FROM TEST WHERE ID=950
DELETE FROM TEST WHERE ID=951
DELETE FROM TEST WHERE ID=952
DELETE FROM TEST WHERE ID=953
DELETE FROM TEST WHERE ID=954
DELETE FROM TEST WHERE ID=955
DELETE FROM TEST WHERE ID=956
DELETE FROM TEST WHERE ID=957
DELETE FROM TEST WHERE ID=958
DELETE FROM TEST WHERE ID=959
DELETE FROM TEST WHERE ID=960
DELETE FROM TEST WHERE ID=961
DELETE FROM TEST WHERE ID=962
DELETE FROM TEST WHERE ID=963
DELETE FROM TEST WHERE ID=964
DELETE FROM TEST WHERE ID=965
DELETE FROM TEST WHERE ID=966
DELETE FROM TEST WHERE ID=967
DELETE FROM TEST WHERE ID=968
DELETE FROM TEST WHERE ID=969
DELETE FROM TEST WHERE ID=970
DELETE FROM TEST WHERE ID=971
DELETE FROM TEST WHERE ID=972
DELETE FROM TEST WHERE ID=973
DELETE FROM TEST WHERE ID=974
DELETE FROM TEST WHERE ID=975
DELETE FROM TEST WHERE ID=976
DELETE FROM TEST WHERE ID=977
DELETE FROM TEST WHERE ID=978
DELETE FROM TEST WHERE ID=979
DELETE FROM TEST WHERE ID=980
DELETE FROM TEST WHERE ID=981
DELETE FROM TEST WHERE ID=982
DELETE FROM TEST WHERE ID=983
DELETE FROM TEST WHERE ID=984
DELETE FROM TEST WHERE ID=985
DELETE FROM TEST WHERE ID=986
DELETE FROM TEST WHERE ID=987
DELETE FROM TEST WHERE ID=988
DELETE FROM TEST WHERE ID=989
DELETE FROM TEST WHERE ID=990
DELETE FROM TEST WHERE ID=991
DELETE FROM TEST WHERE ID=992
DELETE FROM TEST WHERE ID=993
DELETE FROM TEST WHERE ID=994
DELETE FROM TEST WHERE ID=995
DELETE FROM TEST WHERE ID=996
DELETE FROM TEST WHERE ID=997
DELETE FROM TEST WHERE ID=998
DELETE FROM TEST WHERE ID=999
DROP TABLE Test IF EXISTS
/*C6*/SET SCHEMA PUBLIC
CONNECT USER SA
SET AUTOCOMMIT FALSE
SET AUTOCOMMIT TRUE
SET AUTOCOMMIT FALSE
DISCONNECT
/*C7*/SET SCHEMA PUBLIC
CONNECT USER SA
SET AUTOCOMMIT FALSE
SET AUTOCOMMIT TRUE
SET AUTOCOMMIT FALSE
DISCONNECT
/*C8*/SET SCHEMA PUBLIC
CONNECT USER SA
SET AUTOCOMMIT FALSE
SET AUTOCOMMIT TRUE
SET AUTOCOMMIT FALSE
DISCONNECT
/*C9*/SET SCHEMA PUBLIC
CONNECT USER SA
SET AUTOCOMMIT FALSE
SET AUTOCOMMIT TRUE
SET AUTOCOMMIT FALSE
DISCONNECT
/*C10*/SET SCHEMA PUBLIC
CONNECT USER SA
SET AUTOCOMMIT FALSE
SET AUTOCOMMIT TRUE
SET AUTOCOMMIT FALSE
DISCONNECT
/*C11*/SET SCHEMA PUBLIC
CONNECT USER SA
SET AUTOCOMMIT FALSE
SET AUTOCOMMIT TRUE
SET AUTOCOMMIT FALSE
DISCONNECT
/*C12*/SET SCHEMA PUBLIC
CONNECT USER SA
SET AUTOCOMMIT FALSE
SET AUTOCOMMIT TRUE
SET AUTOCOMMIT FALSE
DISCONNECT
/*C13*/SET SCHEMA PUBLIC
CONNECT USER SA
SET AUTOCOMMIT FALSE
SET AUTOCOMMIT TRUE
SET AUTOCOMMIT FALSE
DISCONNECT
/*C14*/SET SCHEMA PUBLIC
CONNECT USER SA
SET AUTOCOMMIT FALSE
SET AUTOCOMMIT TRUE
SET AUTOCOMMIT FALSE
DISCONNECT
/*C15*/SET SCHEMA PUBLIC
CONNECT USER SA
SET AUTOCOMMIT FALSE
SET AUTOCOMMIT TRUE
SET AUTOCOMMIT FALSE
DISCONNECT
/*C16*/SET SCHEMA PUBLIC
CONNECT USER SA
SET AUTOCOMMIT FALSE
SET AUTOCOMMIT TRUE
SET AUTOCOMMIT FALSE
DISCONNECT
/*C17*/SET SCHEMA PUBLIC
CONNECT USER SA
SET AUTOCOMMIT FALSE
SET AUTOCOMMIT TRUE
SET AUTOCOMMIT FALSE
INSERT INTO PERSON_EVENT VALUES(14,3)
COMMIT
DISCONNECT
/*C18*/SET SCHEMA PUBLIC
CONNECT USER SA
SET AUTOCOMMIT FALSE
SET AUTOCOMMIT TRUE
SET AUTOCOMMIT FALSE
INSERT INTO PERSON_EVENT VALUES(6,15)
COMMIT
DISCONNECT
/*C19*/SET SCHEMA PUBLIC
CONNECT USER SA
SET AUTOCOMMIT FALSE
SET AUTOCOMMIT TRUE
SET AUTOCOMMIT FALSE
INSERT INTO PERSON_EVENT VALUES(8,9)
COMMIT
INSERT INTO PERSON_EVENT VALUES(6,5)
COMMIT
INSERT INTO PERSON_EVENT VALUES(12,5)
COMMIT
INSERT INTO PERSON_EVENT VALUES(10,9)
COMMIT
INSERT INTO PERSON_EVENT VALUES(6,7)
COMMIT
INSERT INTO PERSON_EVENT VALUES(14,1)
COMMIT
INSERT INTO PERSON_EVENT VALUES(2,13)
COMMIT
INSERT INTO PERSON_EVENT VALUES(6,13)
COMMIT
INSERT INTO PERSON_EVENT VALUES(8,7)
COMMIT
DISCONNECT
/*C20*/SET SCHEMA PUBLIC
CONNECT USER SA
SET AUTOCOMMIT FALSE
SET AUTOCOMMIT TRUE
SET AUTOCOMMIT FALSE
DISCONNECT
/*C21*/SET SCHEMA PUBLIC
CONNECT USER SA
SET AUTOCOMMIT FALSE
SET AUTOCOMMIT TRUE
SET AUTOCOMMIT FALSE
ALTER SEQUENCE HIBERNATE_SEQUENCE RESTART WITH 21
INSERT INTO EVENTS VALUES(20,'2013-08-01 15:16:56.047000000','My Event1375363016047')
COMMIT
ALTER SEQUENCE HIBERNATE_SEQUENCE RESTART WITH 22
INSERT INTO PERSONS VALUES(21,11,'Lola','Richard')
COMMIT
INSERT INTO PERSON_EVENT VALUES(21,20)
COMMIT
ALTER SEQUENCE HIBERNATE_SEQUENCE RESTART WITH 23
INSERT INTO EVENTS VALUES(22,'2013-08-01 15:16:57.380000000','My Event1375363017380')
COMMIT
ALTER SEQUENCE HIBERNATE_SEQUENCE RESTART WITH 24
INSERT INTO PERSONS VALUES(23,13,'Clement','Bonnet')
COMMIT
DELETE FROM PERSONS WHERE PERSON_ID=23
INSERT INTO PERSONS VALUES(23,13,'Clement','Bonnet')
INSERT INTO PERSON_EVENT VALUES(23,22)
COMMIT
DISCONNECT
/*C22*/SET SCHEMA PUBLIC
CONNECT USER SA
SET AUTOCOMMIT FALSE
SET AUTOCOMMIT TRUE
SET AUTOCOMMIT FALSE
ALTER SEQUENCE HIBERNATE_SEQUENCE RESTART WITH 25
INSERT INTO PERSONS VALUES(24,13,'Mathis','Garnier')
COMMIT
INSERT INTO PERSON_EMAIL_ADDR VALUES(24,'Mathis.Garnier.1375363164618@host.fr')
COMMIT
INSERT INTO PERSON_EMAIL_ADDR VALUES(24,'Mathis.Garnier.1375363164640@host.fr')
COMMIT
INSERT INTO PERSON_EMAIL_ADDR VALUES(24,'Mathis.Garnier.1375363164651@host.fr')
COMMIT
DISCONNECT
/*C23*/SET SCHEMA PUBLIC
CONNECT USER SA
SET AUTOCOMMIT FALSE
SET AUTOCOMMIT TRUE
SET AUTOCOMMIT FALSE
